<html>
<body>
<pre>
<h1>µVision Build Log</h1>
<h2>Tool Versions:</h2>
IDE-Version: µVision V5.35.0.0
Copyright (C) 2021 ARM Ltd and ARM Germany GmbH. All rights reserved.
License Information: Kurt Donnerwetter, freelancer, LIC=BUURY-IW8QS-IIQ5V-PQH4R-2KWDA-TBBDC
 
Tool Versions:
Toolchain:       MDK-ARM Plus  Version: 5.35.0.2
Toolchain Path:  C:\Keil_v535\ARM\ARMCLANG\Bin
C Compiler:      ArmClang.exe V6.16
Assembler:       Armasm.exe V6.16
Linker/Locator:  ArmLink.exe V6.16
Library Manager: ArmAr.exe V6.16
Hex Converter:   FromElf.exe V6.16
CPU DLL:         SARMCM3.DLL V5.35.0.2
Dialog DLL:      DCM.DLL V1.17.3.0
Target DLL:      Segger\JL2CM3.dll V2.99.40.0
Dialog DLL:      TCM.DLL V1.53.0.0
 
<h2>Project:</h2>
D:\EFR32\efr32_baremetal\baremetal_test\bm_test.uvprojx
Project File Date:  08/02/2021

<h2>Output:</h2>
*** Using Compiler 'V6.16', folder: 'C:\Keil_v535\ARM\ARMCLANG\Bin'
Rebuild target 'efr32fg1v131'
src/mcu_memory.c(24): warning: incompatible integer to pointer conversion passing 'unsigned long' to parameter of type 'uint32_t *' (aka 'unsigned int *') [-Wint-conversion]
  MSC_WriteWord(USERDATA_BASE, (uint8_t*)&userdata_buf, 2048);
                ^~~~~~~~~~~~~
./device/efr32fg1v131f128gm32.h(426): note: expanded from macro 'USERDATA_BASE'
#define USERDATA_BASE     (0x0FE00000UL) /**< User data page base address */
                          ^~~~~~~~~~~~~~
./lib/inc\em_msc.h(527): note: passing argument to parameter 'address' here
MSC_WriteWord(uint32_t *address,
                        ^
1 warning generated.
compiling mcu_memory.c...
src/main.c(13): warning: In file included from...
./inc\radio_proc.h(6): warning: 'TX_PACTUNE' macro redefined [-Wmacro-redefined]
#define TX_PACTUNE      8
        ^
./inc/bsp.h(12): note: previous definition is here
#define TX_PACTUNE 7
        ^
src/main.c(13): warning: In file included from...
./inc\radio_proc.h(7): warning: 'RX_PACTUNE' macro redefined [-Wmacro-redefined]
#define RX_PACTUNE      8
        ^
./inc/bsp.h(13): note: previous definition is here
#define RX_PACTUNE 6
        ^
2 warnings generated.
compiling main.c...
compiling retargetserial.c...
compiling command_interpreter.c...
src/app_cli.c(8): warning: In file included from...
./inc\radio_proc.h(6): warning: 'TX_PACTUNE' macro redefined [-Wmacro-redefined]
#define TX_PACTUNE      8
        ^
./inc\bsp.h(12): note: previous definition is here
#define TX_PACTUNE 7
        ^
src/app_cli.c(8): warning: In file included from...
./inc\radio_proc.h(7): warning: 'RX_PACTUNE' macro redefined [-Wmacro-redefined]
#define RX_PACTUNE      8
        ^
./inc\bsp.h(13): note: previous definition is here
#define RX_PACTUNE 6
        ^
2 warnings generated.
compiling app_cli.c...
compiling myspi.c...
compiling myi2c.c...
compiling leds.c...
compiling adc.c...
compiling radio_proc.c...
compiling em_system.c...
compiling em_gpio.c...
compiling em_usart.c...
compiling em_int.c...
compiling em_cmu.c...
compiling em_emu.c...
compiling em_msc.c...
compiling em_letimer.c...
compiling em_i2c.c...
compiling em_adc.c...
compiling tempdrv.c...
compiling system_efr32fg1v.c...
assembling startup_efr32fg1v.s...
compiling generic_seq.c...
compiling if_adc.c...
compiling lna.c...
compiling generic_phy.c...
compiling ir_cal.c...
compiling aux_pll.c...
radio/src/pa.c(449): warning: operator '>>' has lower precedence than '-'; '-' will be evaluated first [-Wshift-op-parentheses]
                                 return ((MODEM_RAMPLEV_RAMPLEV2 - MODEM_RAMPLEV_RAMPLEV1) << MODEM_RAMPCTRL_RAMPRATE2) / 32 
                                          ~~~~~~~~~~~~~~~~~~~~~~~^~~~~~~~~~~~~~~~~~~~~~~~
radio/src/pa.c(449): note: place parentheses around the '-' expression to silence this warning
                                 return ((MODEM_RAMPLEV_RAMPLEV2 - MODEM_RAMPLEV_RAMPLEV1) << MODEM_RAMPCTRL_RAMPRATE2) / 32 
                                          ~~~~~~~~~~~~~~~~~~~~~~~^~~~~~~~~~~~~~~~~~~~~~~~
radio/src/pa.c(451): warning: operator '>>' has lower precedence than '-'; '-' will be evaluated first [-Wshift-op-parentheses]
         ((MODEM_RAMPLEV_RAMPLEV1 - MODEM_RAMPLEV_RAMPLEV0) << MODEM_RAMPCTRL_RAMPRATE1) / 32
           ~~~~~~~~~~~~~~~~~~~~~~~^~~~~~~~~~~~~~~~~~~~~~~~
radio/src/pa.c(451): note: place parentheses around the '-' expression to silence this warning
         ((MODEM_RAMPLEV_RAMPLEV1 - MODEM_RAMPLEV_RAMPLEV0) << MODEM_RAMPCTRL_RAMPRATE1) / 32
           ~~~~~~~~~~~~~~~~~~~~~~~^~~~~~~~~~~~~~~~~~~~~~~~
2 warnings generated.
compiling pa.c...
compiling phy_utils.c...
compiling phy.c...
compiling protimer.c...
compiling radio_cmu.c...
compiling RADIO_pti.c...
compiling rail_calibration.c...
compiling radio.c...
compiling rail_diagnostic.c...
compiling rail_rf.c...
compiling rail_rx.c...
compiling rail_tx.c...
compiling rail_rf_hal.c...
compiling rf_rand.c...
compiling rfsense.c...
compiling rf_test.c...
compiling rtccsync.c...
compiling tempcal.c...
compiling rail_callbacks.c...
compiling synth.c...
compiling nibblebits.c...
compiling retarget_io.c...
linking...
Program Size: Code=29776 RO-data=1792 RW-data=3896 ZI-data=8608  
FromELF: creating hex file...
After Build - User command #1: fromelf --bin ".\objects\bmtest.axf" --output ".\objects\bmtest.bin"
".\Objects\bmtest.axf" - 0 Error(s), 7 Warning(s).

<h2>Software Packages used:</h2>

Package Vendor: SiliconLabs
                https://www.silabs.com/documents/public/cmsis-packs/SiliconLabs.GeckoPlatform_EFR32FG1V_DFP.3.2.0.pack
                SiliconLabs.GeckoPlatform_EFR32FG1V_DFP.3.2.0
                Silicon Labs EFR32FG1V Flex Gecko Series Device Support.

Package Vendor: Keil
                http://www.keil.com/pack/Keil.ARM_Compiler.1.6.3.pack
                Keil.ARM_Compiler.1.6.3
                Keil ARM Compiler extensions for ARM Compiler 5 and ARM Compiler 6
   * Component: STDIN Variant: User Version: 1.2.0
   * Component: STDOUT Variant: User Version: 1.2.0

<h2>Collection of Component include folders:</h2>
  .\RTE\_efr32fg1v131
  C:\Users\Admin\AppData\Local\Arm\Packs\SiliconLabs\GeckoPlatform_EFR32FG1V_DFP\3.2.0\Device\SiliconLabs\EFR32FG1V\Include

<h2>Collection of Component Files used:</h2>

   * Component: Keil.ARM Compiler::Compiler:I/O:STDIN:User:1.2.0
      Source file:   Source\retarget_io.c
      Source file:   Template\stdin_keyboard.c
      Source file:   Template\stdin_USART.c
      Source file:   Template\stdin_user.c

   * Component: Keil.ARM Compiler::Compiler:I/O:STDOUT:User:1.2.0
      Source file:   Template\stdout_USART.c
      Source file:   Template\stdout_display.c
      Source file:   Template\stdout_user.c
      Source file:   Source\retarget_io.c
Build Time Elapsed:  00:00:02
</pre>
</body>
</html>
