Component: ARM Compiler 6.16 Tool: armlink [5dfeaa00]

==============================================================================

Section Cross References

    main.o(.text.main) refers to em_system.o(.text.SYSTEM_ChipRevisionGet) for SYSTEM_ChipRevisionGet
    main.o(.text.main) refers to em_emu.o(.text.EMU_DCDCInit) for EMU_DCDCInit
    main.o(.text.main) refers to em_cmu.o(.text.CMU_ClockSelectSet) for CMU_ClockSelectSet
    main.o(.text.main) refers to phy.o(.text.RAIL_SetTune) for RAIL_SetTune
    main.o(.text.main) refers to retargetserial.o(.text.RETARGET_SerialInit) for RETARGET_SerialInit
    main.o(.text.main) refers to puts.o(.text) for puts
    main.o(.text.main) refers to em_cmu.o(.text.CMU_ClockEnable) for CMU_ClockEnable
    main.o(.text.main) refers to leds.o(.text.leds_init) for leds_init
    main.o(.text.main) refers to adc.o(.text.initLETIMER) for initLETIMER
    main.o(.text.main) refers to adc.o(.text.initADC) for initADC
    main.o(.text.main) refers to tempdrv.o(.text.TEMPDRV_Init) for TEMPDRV_Init
    main.o(.text.main) refers to radio_proc.o(.text.init_radio) for init_radio
    main.o(.text.main) refers to app_cli.o(.text.cli_init) for cli_init
    main.o(.text.main) refers to app_cli.o(.text.process_cli) for process_cli
    main.o(.ARM.exidx.text.main) refers to main.o(.text.main) for [Anonymous Symbol]
    main.o(.text.init_peripherals) refers to em_cmu.o(.text.CMU_ClockEnable) for CMU_ClockEnable
    main.o(.text.init_peripherals) refers to leds.o(.text.leds_init) for leds_init
    main.o(.text.init_peripherals) refers to adc.o(.text.initLETIMER) for initLETIMER
    main.o(.text.init_peripherals) refers to adc.o(.text.initADC) for initADC
    main.o(.text.init_peripherals) refers to tempdrv.o(.text.TEMPDRV_Init) for TEMPDRV_Init
    main.o(.ARM.exidx.text.init_peripherals) refers to main.o(.text.init_peripherals) for [Anonymous Symbol]
    command_interpreter.o(.text) refers (Special) to _printf_d.o(.ARM.Collect$$_printf_percent$$00000009) for _printf_d
    command_interpreter.o(.text) refers (Special) to _printf_dec.o(.text) for _printf_int_dec
    command_interpreter.o(.text) refers (Special) to _printf_percent.o(.ARM.Collect$$_printf_percent$$00000000) for _printf_percent
    command_interpreter.o(.text) refers (Special) to _printf_pad.o(.text) for _printf_pre_padding
    command_interpreter.o(.text) refers (Special) to _printf_s.o(.ARM.Collect$$_printf_percent$$00000014) for _printf_s
    command_interpreter.o(.text) refers (Special) to _printf_str.o(.text) for _printf_str
    command_interpreter.o(.text.ciErrorCallback) refers (Special) to _printf_d.o(.ARM.Collect$$_printf_percent$$00000009) for _printf_d
    command_interpreter.o(.text.ciErrorCallback) refers (Special) to _printf_dec.o(.text) for _printf_int_dec
    command_interpreter.o(.text.ciErrorCallback) refers (Special) to _printf_percent.o(.ARM.Collect$$_printf_percent$$00000000) for _printf_percent
    command_interpreter.o(.text.ciErrorCallback) refers (Special) to _printf_pad.o(.text) for _printf_pre_padding
    command_interpreter.o(.text.ciErrorCallback) refers (Special) to _printf_s.o(.ARM.Collect$$_printf_percent$$00000014) for _printf_s
    command_interpreter.o(.text.ciErrorCallback) refers (Special) to _printf_str.o(.text) for _printf_str
    command_interpreter.o(.text.ciErrorCallback) refers to noretval__2printf.o(.text) for __2printf
    command_interpreter.o(.text.ciErrorCallback) refers to puts.o(.text) for puts
    command_interpreter.o(.ARM.exidx.text.ciErrorCallback) refers (Special) to _printf_d.o(.ARM.Collect$$_printf_percent$$00000009) for _printf_d
    command_interpreter.o(.ARM.exidx.text.ciErrorCallback) refers (Special) to _printf_dec.o(.text) for _printf_int_dec
    command_interpreter.o(.ARM.exidx.text.ciErrorCallback) refers (Special) to _printf_percent.o(.ARM.Collect$$_printf_percent$$00000000) for _printf_percent
    command_interpreter.o(.ARM.exidx.text.ciErrorCallback) refers (Special) to _printf_pad.o(.text) for _printf_pre_padding
    command_interpreter.o(.ARM.exidx.text.ciErrorCallback) refers (Special) to _printf_s.o(.ARM.Collect$$_printf_percent$$00000014) for _printf_s
    command_interpreter.o(.ARM.exidx.text.ciErrorCallback) refers (Special) to _printf_str.o(.text) for _printf_str
    command_interpreter.o(.ARM.exidx.text.ciErrorCallback) refers to command_interpreter.o(.text.ciErrorCallback) for [Anonymous Symbol]
    command_interpreter.o(.text.ciPrintHelp) refers (Special) to _printf_d.o(.ARM.Collect$$_printf_percent$$00000009) for _printf_d
    command_interpreter.o(.text.ciPrintHelp) refers (Special) to _printf_dec.o(.text) for _printf_int_dec
    command_interpreter.o(.text.ciPrintHelp) refers (Special) to _printf_percent.o(.ARM.Collect$$_printf_percent$$00000000) for _printf_percent
    command_interpreter.o(.text.ciPrintHelp) refers (Special) to _printf_pad.o(.text) for _printf_pre_padding
[...]
    IDAC0_IRQHandler                         0x00000213   Thumb Code     0  startup_efr32fg1v.o(.text)
    LDMA_IRQHandler                          0x00000213   Thumb Code     0  startup_efr32fg1v.o(.text)
    LEUART0_IRQHandler                       0x00000213   Thumb Code     0  startup_efr32fg1v.o(.text)
    MSC_IRQHandler                           0x00000213   Thumb Code     0  startup_efr32fg1v.o(.text)
    PCNT0_IRQHandler                         0x00000213   Thumb Code     0  startup_efr32fg1v.o(.text)
    RTCC_IRQHandler                          0x00000213   Thumb Code     0  startup_efr32fg1v.o(.text)
    SYNTH_IRQHandler                         0x00000213   Thumb Code     0  startup_efr32fg1v.o(.text)
    TIMER0_IRQHandler                        0x00000213   Thumb Code     0  startup_efr32fg1v.o(.text)
    TIMER1_IRQHandler                        0x00000213   Thumb Code     0  startup_efr32fg1v.o(.text)
    USART0_TX_IRQHandler                     0x00000213   Thumb Code     0  startup_efr32fg1v.o(.text)
    USART1_RX_IRQHandler                     0x00000213   Thumb Code     0  startup_efr32fg1v.o(.text)
    USART1_TX_IRQHandler                     0x00000213   Thumb Code     0  startup_efr32fg1v.o(.text)
    WDOG0_IRQHandler                         0x00000213   Thumb Code     0  startup_efr32fg1v.o(.text)
    __user_initial_stackheap                 0x00000215   Thumb Code    10  startup_efr32fg1v.o(.text)
    __aeabi_errno_addr                       0x00000239   Thumb Code     8  rt_errno_addr_intlibspace.o(.text)
    __errno$intlibspace                      0x00000239   Thumb Code     0  rt_errno_addr_intlibspace.o(.text)
    __rt_errno_addr$intlibspace              0x00000239   Thumb Code     0  rt_errno_addr_intlibspace.o(.text)
    __aeabi_uldivmod                         0x00000241   Thumb Code     0  lludivv7m.o(.text)
    _ll_udiv                                 0x00000241   Thumb Code   240  lludivv7m.o(.text)
    __2printf                                0x00000331   Thumb Code    20  noretval__2printf.o(.text)
    _printf_pre_padding                      0x00000349   Thumb Code    44  _printf_pad.o(.text)
    _printf_post_padding                     0x00000375   Thumb Code    34  _printf_pad.o(.text)
    _printf_str                              0x00000397   Thumb Code    82  _printf_str.o(.text)
    _printf_int_dec                          0x000003e9   Thumb Code   104  _printf_dec.o(.text)
    _printf_ll_hex                           0x00000461   Thumb Code    88  _printf_hex_ll.o(.text)
    _printf_longlong_hex                     0x00000461   Thumb Code     0  _printf_hex_ll.o(.text)
    __printf                                 0x000004bd   Thumb Code   352  __printf_ss_wp.o(.text)
    strtol                                   0x0000061d   Thumb Code   112  strtol.o(.text)
    strtoul                                  0x0000068d   Thumb Code   114  strtoul.o(.text)
    puts                                     0x00000701   Thumb Code    40  puts.o(.text)
    setvbuf                                  0x0000072d   Thumb Code    70  setvbuf.o(.text)
    strchr                                   0x00000773   Thumb Code    20  strchr.o(.text)
    strcspn                                  0x00000787   Thumb Code    32  strcspn.o(.text)
    strspn                                   0x000007a7   Thumb Code    28  strspn.o(.text)
    strcasecmp                               0x000007c3   Thumb Code    42  strcasecmp.o(.text)
    strlen                                   0x000007ed   Thumb Code    62  strlen.o(.text)
    __aeabi_memcpy                           0x0000082b   Thumb Code     0  rt_memcpy_v6.o(.text)
    __rt_memcpy                              0x0000082b   Thumb Code   138  rt_memcpy_v6.o(.text)
    _memcpy_lastbytes                        0x00000891   Thumb Code     0  rt_memcpy_v6.o(.text)
    __aeabi_memmove                          0x000008b5   Thumb Code     0  rt_memmove_v6.o(.text)
    __rt_memmove                             0x000008b5   Thumb Code   132  rt_memmove_v6.o(.text)
    __memmove_lastfew                        0x00000915   Thumb Code     0  rt_memmove_v6.o(.text)
    __aeabi_memclr4                          0x00000939   Thumb Code     0  rt_memclr_w.o(.text)
    __aeabi_memclr8                          0x00000939   Thumb Code     0  rt_memclr_w.o(.text)
    __rt_memclr_w                            0x00000939   Thumb Code     0  rt_memclr_w.o(.text)
    _memset_w                                0x0000093d   Thumb Code    74  rt_memclr_w.o(.text)
    strcmp                                   0x00000989   Thumb Code   124  strcmpv7em.o(.text)
    __use_two_region_memory                  0x00000a05   Thumb Code     2  heapauxi.o(.text)
    __rt_heap_escrow                         0x00000a07   Thumb Code     2  heapauxi.o(.text)
    __rt_heap_expand                         0x00000a09   Thumb Code     2  heapauxi.o(.text)
    __user_libspace                          0x00000a0d   Thumb Code     8  libspace.o(.text)
    __user_perproc_libspace                  0x00000a0d   Thumb Code     0  libspace.o(.text)
    __user_perthread_libspace                0x00000a0d   Thumb Code     0  libspace.o(.text)
    __rt_ctype_table                         0x00000a15   Thumb Code    16  rt_ctype_table.o(.text)
    tolower                                  0x00000a25   Thumb Code    26  tolower.o(.text)
    _printf_int_common                       0x00000a3f   Thumb Code   178  _printf_intcommon.o(.text)
    _printf_fp_dec_real                      0x00000ca1   Thumb Code   620  _printf_fp_dec.o(.text)
    _printf_cs_common                        0x00000f0d   Thumb Code    20  _printf_char.o(.text)
    _printf_char                             0x00000f21   Thumb Code    16  _printf_char.o(.text)
    _printf_string                           0x00000f31   Thumb Code     8  _printf_char.o(.text)
    _printf_char_file                        0x00000f39   Thumb Code    32  _printf_char_file.o(.text)
    _strtoul                                 0x00000f5d   Thumb Code   158  _strtoul.o(.text)
    _initio                                  0x00000ffd   Thumb Code   210  initio.o(.text)
    _terminateio                             0x000010cf   Thumb Code    56  initio.o(.text)
    __aeabi_memcpy4                          0x00001135   Thumb Code     0  rt_memcpy_w.o(.text)
    __aeabi_memcpy8                          0x00001135   Thumb Code     0  rt_memcpy_w.o(.text)
    __rt_memcpy_w                            0x00001135   Thumb Code   100  rt_memcpy_w.o(.text)
    _memcpy_lastbytes_aligned                0x0000117d   Thumb Code     0  rt_memcpy_w.o(.text)
    __aeabi_memmove4                         0x00001199   Thumb Code     0  rt_memmove_w.o(.text)
    __aeabi_memmove8                         0x00001199   Thumb Code     0  rt_memmove_w.o(.text)
    __rt_memmove_w                           0x00001199   Thumb Code   122  rt_memmove_w.o(.text)
    __memmove_aligned                        0x000011bf   Thumb Code     0  rt_memmove_w.o(.text)
    __memmove_lastfew_aligned                0x000011f7   Thumb Code     0  rt_memmove_w.o(.text)
    __rt_locale                              0x00001215   Thumb Code     8  rt_locale_intlibspace.o(.text)
    free                                     0x0000121d   Thumb Code    78  h1_free.o(.text)
    _ll_udiv10                               0x0000126b   Thumb Code   138  lludiv10.o(.text)
    _printf_char_common                      0x000012ff   Thumb Code    32  _printf_char_common.o(.text)
    _printf_fp_infnan                        0x00001325   Thumb Code   112  _printf_fp_infnan.o(.text)
    _chval                                   0x000013a5   Thumb Code    28  _chval.o(.text)
    _btod_etento                             0x000013c1   Thumb Code   224  bigflt0.o(.text)
    ferror                                   0x000014a5   Thumb Code     8  ferror.o(.text)
    __flsbuf                                 0x000014ad   Thumb Code   470  flsbuf.o(.text)
    __flsbuf_byte                            0x000014ad   Thumb Code     0  flsbuf.o(.text)
    __flsbuf_wide                            0x000014ad   Thumb Code     0  flsbuf.o(.text)
    freopen                                  0x00001685   Thumb Code   160  fopen.o(.text)
    fopen                                    0x00001725   Thumb Code    74  fopen.o(.text)
    _fclose_internal                         0x00001775   Thumb Code    76  fclose.o(.text)
    fclose                                   0x00001775   Thumb Code     0  fclose.o(.text)
    __rt_SIGRTRED                            0x000017c1   Thumb Code    14  defsig_rtred_outer.o(.text)
    __user_setup_stackheap                   0x000017cf   Thumb Code    74  sys_stackheap_outer.o(.text)
    __rt_heap_descriptor                     0x00001819   Thumb Code     8  rt_heap_descriptor_intlibspace.o(.text)
    __use_no_heap                            0x00001821   Thumb Code     2  hguard.o(.text)
    __heap$guard                             0x00001823   Thumb Code     2  hguard.o(.text)
    _terminate_user_alloc                    0x00001825   Thumb Code     2  init_alloc.o(.text)
    _init_user_alloc                         0x00001827   Thumb Code     2  init_alloc.o(.text)
    __Heap_Full                              0x00001829   Thumb Code    34  init_alloc.o(.text)
    __Heap_Broken                            0x0000184b   Thumb Code     6  init_alloc.o(.text)
    _init_alloc                              0x00001851   Thumb Code    94  init_alloc.o(.text)
    malloc                                   0x000018af   Thumb Code    94  h1_alloc.o(.text)
    _fseek                                   0x0000190d   Thumb Code   242  fseek.o(.text)
    fseek                                    0x0000190d   Thumb Code     0  fseek.o(.text)
    _seterr                                  0x00001a05   Thumb Code    20  stdio.o(.text)
    _writebuf                                0x00001a19   Thumb Code    84  stdio.o(.text)
    _fflush                                  0x00001a6d   Thumb Code    70  stdio.o(.text)
    _deferredlazyseek                        0x00001ab3   Thumb Code    60  stdio.o(.text)
    exit                                     0x00001af5   Thumb Code    18  exit.o(.text)
    __sig_exit                               0x00001b07   Thumb Code    10  defsig_exit.o(.text)
    __rt_SIGRTRED_inner                      0x00001b11   Thumb Code    14  defsig_rtred_inner.o(.text)
    _sys_exit                                0x00001b45   Thumb Code     8  sys_exit.o(.text)
    __Heap_Initialize                        0x00001b51   Thumb Code    10  h1_init.o(.text)
    _maybe_terminate_alloc                   0x00001b51   Thumb Code     0  maybetermalloc1.o(.text)
    __Heap_DescSize                          0x00001b5b   Thumb Code     4  h1_init.o(.text)
    __Heap_ProvideMemory                     0x00001b5f   Thumb Code    52  h1_extend.o(.text)
    _ftell_internal                          0x00001b93   Thumb Code    66  ftell.o(.text)
    ftell                                    0x00001b93   Thumb Code     0  ftell.o(.text)
    __default_signal_display                 0x00001bd5   Thumb Code    50  defsig_general.o(.text)
    __rt_SIGRTMEM                            0x00001c07   Thumb Code    14  defsig_rtmem_outer.o(.text)
    _ttywrch                                 0x00001c15   Thumb Code    14  sys_wrch.o(.text)
    __I$use$semihosting                      0x00001c23   Thumb Code     0  use_no_semi.o(.text)
    __use_no_semihosting_swi                 0x00001c23   Thumb Code     2  use_no_semi.o(.text)
    __rt_SIGRTMEM_inner                      0x00001c25   Thumb Code    22  defsig_rtmem_inner.o(.text)
    __semihosting_library_function           0x00001c25   Thumb Code     0  indicate_semi.o(.text)
    ADC0_IRQHandler                          0x00001c75   Thumb Code   708  adc.o(.text.ADC0_IRQHandler)
    ADC_Init                                 0x00001f61   Thumb Code   210  em_adc.o(.text.ADC_Init)
    ADC_InitSingle                           0x00002035   Thumb Code   210  em_adc.o(.text.ADC_InitSingle)
    ADC_PrescaleCalc                         0x00002205   Thumb Code    74  em_adc.o(.text.ADC_PrescaleCalc)
    ADC_Reset                                0x00002251   Thumb Code   176  em_adc.o(.text.ADC_Reset)
    ADC_TimebaseCalc                         0x00002301   Thumb Code    60  em_adc.o(.text.ADC_TimebaseCalc)
    AGC_IRQHandler                           0x0000233d   Thumb Code     2  radio.o(.text.AGC_IRQHandler)
    BM_TxOff                                 0x00002341   Thumb Code    62  radio_proc.o(.text.BM_TxOff)
    BM_TxOn                                  0x00002381   Thumb Code    94  radio_proc.o(.text.BM_TxOn)
    BUFC_IRQHandler                          0x000023e1   Thumb Code     2  radio.o(.text.BUFC_IRQHandler)
    CMU_AUXHFRCOBandGet                      0x000023e5   Thumb Code    12  em_cmu.o(.text.CMU_AUXHFRCOBandGet)
    CMU_AUXHFRCOBandSet                      0x000023f1   Thumb Code   350  em_cmu.o(.text.CMU_AUXHFRCOBandSet)
    CMU_ClockEnable                          0x00002551   Thumb Code   138  em_cmu.o(.text.CMU_ClockEnable)
    CMU_ClockFreqGet                         0x000025dd   Thumb Code   864  em_cmu.o(.text.CMU_ClockFreqGet)
    CMU_ClockSelectSet                       0x0000293d   Thumb Code   704  em_cmu.o(.text.CMU_ClockSelectSet)
    CMU_OscillatorEnable                     0x00002bfd   Thumb Code   600  em_cmu.o(.text.CMU_OscillatorEnable)
    EMU_DCDCInit                             0x00002e55   Thumb Code   598  em_emu.o(.text.EMU_DCDCInit)
    EMU_DCDCOptimizeSlice                    0x000030ad   Thumb Code   242  em_emu.o(.text.EMU_DCDCOptimizeSlice)
    EMU_DCDCOutputVoltageSet                 0x000031a1   Thumb Code   438  em_emu.o(.text.EMU_DCDCOutputVoltageSet)
    EMU_IRQHandler                           0x00003359   Thumb Code     4  tempdrv.o(.text.EMU_IRQHandler)
    EMU_SetBiasMode                          0x0000335d   Thumb Code   102  em_emu.o(.text.EMU_SetBiasMode)
    FRC_IRQHandler                           0x000033c5   Thumb Code     2  radio.o(.text.FRC_IRQHandler)
    FRC_PRI_IRQHandler                       0x000033c9   Thumb Code     2  radio.o(.text.FRC_PRI_IRQHandler)
    GENERIC_PHY_RadioEnable                  0x000033cd   Thumb Code   134  generic_phy.o(.text.GENERIC_PHY_RadioEnable)
    GPIO_PinModeSet                          0x00003455   Thumb Code   158  em_gpio.o(.text.GPIO_PinModeSet)
    LETIMER0_IRQHandler                      0x000034f5   Thumb Code    24  adc.o(.text.LETIMER0_IRQHandler)
    LETIMER_CompareSet                       0x0000350d   Thumb Code    22  em_letimer.o(.text.LETIMER_CompareSet)
    LETIMER_Init                             0x00003525   Thumb Code   192  em_letimer.o(.text.LETIMER_Init)
    LETIMER_RepeatSet                        0x000035e5   Thumb Code    22  em_letimer.o(.text.LETIMER_RepeatSet)
    MODEM_IRQHandler                         0x000035fd   Thumb Code     2  radio.o(.text.MODEM_IRQHandler)
    MSC_ErasePage                            0x00003601   Thumb Code   170  em_msc.o(.text.MSC_ErasePage)
    MSC_WriteWord                            0x000036ad   Thumb Code     4  em_msc.o(.text.MSC_WriteWord)
    MSC_WriteWordI                           0x000036b1   Thumb Code   488  em_msc.o(.text.MSC_WriteWordI)
    PA_CTuneSet                              0x00003899   Thumb Code    30  pa.o(.text.PA_CTuneSet)
    PA_OutputPowerSet                        0x000038b9   Thumb Code    18  pa.o(.text.PA_OutputPowerSet)
    PA_PowerLevelSet                         0x000038cd   Thumb Code   376  pa.o(.text.PA_PowerLevelSet)
    PA_RampTimeGet                           0x00003a45   Thumb Code    12  pa.o(.text.PA_RampTimeGet)
    PA_RampTimeSet                           0x00003a51   Thumb Code   322  pa.o(.text.PA_RampTimeSet)
    PA_StripesAndSlicesCalc                  0x00003b95   Thumb Code   586  pa.o(.text.PA_StripesAndSlicesCalc)
    PHY_UTILS_DelayUs                        0x00003de1   Thumb Code    46  phy_utils.o(.text.PHY_UTILS_DelayUs)
    PROTIMER_CCTimerCapture                  0x00003e11   Thumb Code    20  protimer.o(.text.PROTIMER_CCTimerCapture)
    PROTIMER_DelayUs                         0x00003e25   Thumb Code   188  protimer.o(.text.PROTIMER_DelayUs)
    PROTIMER_IRQHandler                      0x00003ee1   Thumb Code    16  radio.o(.text.PROTIMER_IRQHandler)
    PROTIMER_Init                            0x00003ef1   Thumb Code    68  protimer.o(.text.PROTIMER_Init)
    PROTIMER_IsRunning                       0x00003f35   Thumb Code    16  protimer.o(.text.PROTIMER_IsRunning)
    PROTIMER_Reset                           0x00003f45   Thumb Code    18  protimer.o(.text.PROTIMER_Reset)
    PROTIMER_Start                           0x00003f59   Thumb Code    36  protimer.o(.text.PROTIMER_Start)
    PROTIMER_Stop                            0x00003f7d   Thumb Code    44  protimer.o(.text.PROTIMER_Stop)
    RAC_RSM_IRQHandler                       0x00003fa9   Thumb Code     2  radio.o(.text.RAC_RSM_IRQHandler)
    RAC_SEQ_IRQHandler                       0x00003fad   Thumb Code     2  radio.o(.text.RAC_SEQ_IRQHandler)
    RADIOCMU_ClockFreqGet                    0x00003fb1   Thumb Code   104  radio_cmu.o(.text.RADIOCMU_ClockFreqGet)
    RADIO_BUFCClear                          0x00004019   Thumb Code    20  radio.o(.text.RADIO_BUFCClear)
    RADIO_DccalEnable                        0x0000402d   Thumb Code    18  radio.o(.text.RADIO_DccalEnable)
    RADIO_FrameControlDescrBufferIdSet       0x00004041   Thumb Code    32  radio.o(.text.RADIO_FrameControlDescrBufferIdSet)
    RADIO_PA_Init                            0x00004061   Thumb Code   230  pa.o(.text.RADIO_PA_Init)
    RADIO_RXBufferDisableThrInt              0x00004149   Thumb Code    18  radio.o(.text.RADIO_RXBufferDisableThrInt)
    RADIO_RxSearchTimeSet                    0x0000415d   Thumb Code    46  radio.o(.text.RADIO_RxSearchTimeSet)
    RADIO_RxToTxTimeSet                      0x0000418d   Thumb Code    96  radio.o(.text.RADIO_RxToTxTimeSet)
    RADIO_RxWarmTimeSet                      0x000041ed   Thumb Code    56  radio.o(.text.RADIO_RxWarmTimeSet)
    RADIO_SeqInit                            0x00004225   Thumb Code   160  radio.o(.text.RADIO_SeqInit)
    RADIO_SetAndForgetWrite                  0x000042c5   Thumb Code   122  radio.o(.text.RADIO_SetAndForgetWrite)
    RADIO_TxToRxSearchTimeSet                0x00004341   Thumb Code    46  radio.o(.text.RADIO_TxToRxSearchTimeSet)
    RADIO_TxToRxTimeSet                      0x00004371   Thumb Code    46  radio.o(.text.RADIO_TxToRxTimeSet)
    RADIO_TxToTxTimeSet                      0x000043a1   Thumb Code    96  radio.o(.text.RADIO_TxToTxTimeSet)
    RADIO_TxWarmTimeSet                      0x00004401   Thumb Code    96  radio.o(.text.RADIO_TxWarmTimeSet)
    RAIL_GetTune                             0x00004461   Thumb Code    16  phy.o(.text.RAIL_GetTune)
    RAIL_RfHalIdleStart                      0x00004471   Thumb Code     6  rail_rf_hal.o(.text.RAIL_RfHalIdleStart)
    RAIL_RfIdle                              0x00004479   Thumb Code     4  rail_rf.o(.text.RAIL_RfIdle)
    RAIL_SetTune                             0x0000447d   Thumb Code    78  phy.o(.text.RAIL_SetTune)
    RETARGET_ReadChar                        0x000044cd   Thumb Code   130  retargetserial.o(.text.RETARGET_ReadChar)
    RETARGET_SerialInit                      0x00004551   Thumb Code   244  retargetserial.o(.text.RETARGET_SerialInit)
    RFSENSE_IRQHandler                       0x00004645   Thumb Code     2  rfsense.o(.text.RFSENSE_IRQHandler)
    RFTEST_RestoreRadioConfiguration         0x00004649   Thumb Code   150  rf_test.o(.text.RFTEST_RestoreRadioConfiguration)
    RFTEST_SaveRadioConfiguration            0x000046e1   Thumb Code   144  rf_test.o(.text.RFTEST_SaveRadioConfiguration)
    RFTEST_StartCwTx                         0x00004771   Thumb Code    98  rf_test.o(.text.RFTEST_StartCwTx)
    RFTEST_StartStreamTx                     0x000047d5   Thumb Code   100  rf_test.o(.text.RFTEST_StartStreamTx)
    RFTEST_StopTx                            0x00004839   Thumb Code    26  rf_test.o(.text.RFTEST_StopTx)
    SYNTH_Config                             0x00004855   Thumb Code   534  synth.o(.text.SYNTH_Config)
    SYNTH_DCDCRetimeEnable                   0x00004a6d   Thumb Code    18  synth.o(.text.SYNTH_DCDCRetimeEnable)
    SYSTEM_ChipRevisionGet                   0x00004a81   Thumb Code    52  em_system.o(.text.SYSTEM_ChipRevisionGet)
    SystemCoreClockGet                       0x00004ab5   Thumb Code    98  system_efr32fg1v.o(.text.SystemCoreClockGet)
    SystemHFClockGet                         0x00004b19   Thumb Code    76  system_efr32fg1v.o(.text.SystemHFClockGet)
    SystemHFXOClockGet                       0x00004b65   Thumb Code    12  system_efr32fg1v.o(.text.SystemHFXOClockGet)
    SystemInit                               0x00004b71   Thumb Code    70  system_efr32fg1v.o(.text.SystemInit)
    SystemLFRCOClockGet                      0x00004bb9   Thumb Code     6  system_efr32fg1v.o(.text.SystemLFRCOClockGet)
    SystemLFXOClockGet                       0x00004bc1   Thumb Code    12  system_efr32fg1v.o(.text.SystemLFXOClockGet)
    SystemMaxCoreClockGet                    0x00004bcd   Thumb Code    10  system_efr32fg1v.o(.text.SystemMaxCoreClockGet)
    SystemULFRCOClockGet                     0x00004bd9   Thumb Code     6  system_efr32fg1v.o(.text.SystemULFRCOClockGet)
    TEMPDRV_GetTemp                          0x00004be1   Thumb Code    52  tempdrv.o(.text.TEMPDRV_GetTemp)
    TEMPDRV_IRQHandler                       0x00004c15   Thumb Code   178  tempdrv.o(.text.TEMPDRV_IRQHandler)
    TEMPDRV_Init                             0x00004cc9   Thumb Code   466  tempdrv.o(.text.TEMPDRV_Init)
    USART0_RX_IRQHandler                     0x00004e9d   Thumb Code    98  retargetserial.o(.text.USART0_RX_IRQHandler)
    USART_Enable                             0x00004f01   Thumb Code    12  em_usart.o(.text.USART_Enable)
    USART_InitAsync                          0x00004f0d   Thumb Code   254  em_usart.o(.text.USART_InitAsync)
    USART_Rx                                 0x0000500d   Thumb Code    32  em_usart.o(.text.USART_Rx)
    USART_Tx                                 0x0000502d   Thumb Code    30  em_usart.o(.text.USART_Tx)
    _sys_close                               0x00005079   Thumb Code    18  retarget_io.o(.text._sys_close)
    _sys_flen                                0x0000508d   Thumb Code     4  retarget_io.o(.text._sys_flen)
    _sys_istty                               0x00005091   Thumb Code    16  retarget_io.o(.text._sys_istty)
    _sys_open                                0x000050a1   Thumb Code    92  retarget_io.o(.text._sys_open)
    _sys_seek                                0x000050fd   Thumb Code     6  retarget_io.o(.text._sys_seek)
    _sys_write                               0x00005105   Thumb Code    46  retarget_io.o(.text._sys_write)
    ciErrorCallback                          0x00005135   Thumb Code    40  command_interpreter.o(.text.ciErrorCallback)
    ciGetSigned                              0x000051ad   Thumb Code     8  command_interpreter.o(.text.ciGetSigned)
    ciGetUnsigned                            0x000051b5   Thumb Code     8  command_interpreter.o(.text.ciGetUnsigned)
    ciInitState                              0x000051bd   Thumb Code    34  command_interpreter.o(.text.ciInitState)
    ciPrintHelp                              0x000051e1   Thumb Code   264  command_interpreter.o(.text.ciPrintHelp)
    ciProcessInput                           0x00005325   Thumb Code  1356  command_interpreter.o(.text.ciProcessInput)
    cli_calctune                             0x0000587d   Thumb Code     8  app_cli.o(.text.cli_calctune)
    cli_getber                               0x000058a1   Thumb Code     8  app_cli.o(.text.cli_getber)
    cli_getchannel                           0x000058c5   Thumb Code    20  app_cli.o(.text.cli_getchannel)
    cli_getctune                             0x00005909   Thumb Code    20  app_cli.o(.text.cli_getctune)
    cli_getfreqoffset                        0x0000592d   Thumb Code    20  app_cli.o(.text.cli_getfreqoffset)
    cli_getpactune                           0x00005979   Thumb Code    28  app_cli.o(.text.cli_getpactune)
    cli_getpower                             0x000059ad   Thumb Code    20  app_cli.o(.text.cli_getpower)
    cli_getpowerlevel                        0x000059f5   Thumb Code    20  app_cli.o(.text.cli_getpowerlevel)
    cli_getrssi                              0x00005a41   Thumb Code    20  app_cli.o(.text.cli_getrssi)
    cli_getrssioffset                        0x00005a89   Thumb Code    20  app_cli.o(.text.cli_getrssioffset)
    cli_getrxcount                           0x00005ad9   Thumb Code     8  app_cli.o(.text.cli_getrxcount)
    cli_getver                               0x00005b01   Thumb Code    12  app_cli.o(.text.cli_getver)
    cli_getvt                                0x00005b21   Thumb Code    96  app_cli.o(.text.cli_getvt)
    cli_info                                 0x00005ba1   Thumb Code    32  app_cli.o(.text.cli_info)
    cli_init                                 0x00005bdd   Thumb Code    32  app_cli.o(.text.cli_init)
    cli_printmode                            0x00005bfd   Thumb Code    44  app_cli.o(.text.cli_printmode)
    cli_reset                                0x00005c51   Thumb Code    16  app_cli.o(.text.cli_reset)
    cli_sendburst                            0x00005c81   Thumb Code     8  app_cli.o(.text.cli_sendburst)
    cli_setchannel                           0x00005ca9   Thumb Code    40  app_cli.o(.text.cli_setchannel)
    cli_setctune                             0x00005d05   Thumb Code    44  app_cli.o(.text.cli_setctune)
    cli_setem                                0x00005d41   Thumb Code     8  app_cli.o(.text.cli_setem)
    cli_setpactune                           0x00005d65   Thumb Code    80  app_cli.o(.text.cli_setpactune)
    cli_setpower                             0x00005dcd   Thumb Code    44  app_cli.o(.text.cli_setpower)
    cli_setpowerlevel                        0x00005e2d   Thumb Code    36  app_cli.o(.text.cli_setpowerlevel)
    cli_setrssioffset                        0x00005e8d   Thumb Code    56  app_cli.o(.text.cli_setrssioffset)
    cli_startber                             0x00005f05   Thumb Code     8  app_cli.o(.text.cli_startber)
    cli_startrxcount                         0x00005f29   Thumb Code     8  app_cli.o(.text.cli_startrxcount)
    cli_stopber                              0x00005f51   Thumb Code     8  app_cli.o(.text.cli_stopber)
    cli_stoprxcount                          0x00005f75   Thumb Code     8  app_cli.o(.text.cli_stoprxcount)
    cli_storectune                           0x00005f9d   Thumb Code    52  app_cli.o(.text.cli_storectune)
    cli_storepactune                         0x00005fe5   Thumb Code    68  app_cli.o(.text.cli_storepactune)
    cli_txstream                             0x00006041   Thumb Code   148  app_cli.o(.text.cli_txstream)
    initADC                                  0x0000618d   Thumb Code   202  adc.o(.text.initADC)
    initLETIMER                              0x00006259   Thumb Code   180  adc.o(.text.initLETIMER)
    init_radio                               0x0000630d   Thumb Code  1126  radio_proc.o(.text.init_radio)
    leds_init                                0x00006775   Thumb Code    12  leds.o(.text.leds_init)
    main                                     0x00006781   Thumb Code   276  main.o(.text.main)
    process_cli                              0x000068d5   Thumb Code    46  app_cli.o(.text.process_cli)
    read_userpage                            0x00006905   Thumb Code   116  mcu_memory.o(.text.read_userpage)
    stdout_putchar                           0x00006979   Thumb Code    86  retargetserial.o(.text.stdout_putchar)
    write_userpage                           0x00006b91   Thumb Code    20  mcu_memory.o(.text.write_userpage)
    _btod_d2e                                0x00006ba5   Thumb Code    62  btod.o(CL$$btod_d2e)
    _d2e_denorm_low                          0x00006be3   Thumb Code    70  btod.o(CL$$btod_d2e_denorm_low)
    _d2e_norm_op1                            0x00006c29   Thumb Code    96  btod.o(CL$$btod_d2e_norm_op1)
    __btod_div_common                        0x00006c89   Thumb Code   696  btod.o(CL$$btod_div_common)
    _e2e                                     0x00006fc1   Thumb Code   220  btod.o(CL$$btod_e2e)
    _btod_ediv                               0x0000709d   Thumb Code    42  btod.o(CL$$btod_ediv)
    _btod_emul                               0x000070c7   Thumb Code    42  btod.o(CL$$btod_emul)
    __btod_mult_common                       0x000070f1   Thumb Code   580  btod.o(CL$$btod_mult_common)
    __ARM_fpclassify                         0x00007335   Thumb Code    48  fpclassify.o(i.__ARM_fpclassify)
    _is_digit                                0x00007365   Thumb Code    14  __printf_wp.o(i._is_digit)
    fputc                                    0x00007373   Thumb Code    26  fputc.o(i.fputc)
    _get_lc_ctype                            0x0000738d   Thumb Code    44  lc_ctype_c.o(locale$$code)
    _get_lc_numeric                          0x000073b9   Thumb Code    44  lc_numeric_c.o(locale$$code)
    __fpl_dretinf                            0x000073e5   Thumb Code    12  dretinf.o(x$fpl$dretinf)
    __aeabi_f2d                              0x000073f1   Thumb Code     0  f2d.o(x$fpl$f2d)
    _f2d                                     0x000073f1   Thumb Code    86  f2d.o(x$fpl$f2d)
    __fpl_fnaninf                            0x00007447   Thumb Code   140  fnaninf.o(x$fpl$fnaninf)
    _fp_init                                 0x000074d3   Thumb Code    26  fpinit.o(x$fpl$fpinit)
    __fplib_config_fpu_vfp                   0x000074eb   Thumb Code     0  fpinit.o(x$fpl$fpinit)
    __fplib_config_pureend_doubles           0x000074eb   Thumb Code     0  fpinit.o(x$fpl$fpinit)
    _printf_fp_dec                           0x000074ed   Thumb Code     4  printf1.o(x$fpl$printf1)
    __I$use$fp                               0x000074f0   Number         0  usenofp.o(x$fpl$usenofp)
    __stderr_name                            0x000075ac   Data           8  retarget_io.o(.rodata.__stderr_name)
    __stdin_name                             0x000075b4   Data           7  retarget_io.o(.rodata.__stdin_name)
    __stdout_name                            0x000075bb   Data           8  retarget_io.o(.rodata.__stdout_name)
    generated_phyInfo                        0x000075d4   Data           8  radio_proc.o(.rodata.generated_phyInfo)
    nibblebits                               0x000075dc   Data          33  nibblebits.o(.rodata.nibblebits)
    Region$$Table$$Base                      0x000079dc   Number         0  anon$$obj.o(Region$$Table)
    Region$$Table$$Limit                     0x000079fc   Number         0  anon$$obj.o(Region$$Table)
    __ctype                                  0x00007a09   Data           0  lc_ctype_c.o(locale$$data)
    __aeabi_stdin                            0x20000000   Data           4  stdio_streams.o(.data)
    __aeabi_stdout                           0x20000004   Data           4  stdio_streams.o(.data)
    __aeabi_stderr                           0x20000008   Data           4  stdio_streams.o(.data)
    ADCphase                                 0x2000000c   Data           1  adc.o(.data.ADCphase)
    SystemCoreClock                          0x20000010   Data           4  system_efr32fg1v.o(.data.SystemCoreClock)
    SystemHfrcoFreq                          0x20000018   Data           4  system_efr32fg1v.o(.data.SystemHfrcoFreq)
    Temp                                     0x20000020   Data           4  adc.o(.data.Temp)
    commands                                 0x20000028   Data         512  app_cli.o(.data.commands)
    genericSeqProg                           0x20000228   Data        3041  generic_seq.o(.data.genericSeqProg)
    init                                     0x20000e09   Data           6  adc.o(.data.init)
    initSingle                               0x20000e0f   Data          12  adc.o(.data.initSingle)
    paParams                                 0x20000e1b   Data         273  pa.o(.data.paParams)
    power0dBmParams                          0x20000f2c   Data          10  pa.o(.data.power0dBmParams)
    __stdin                                  0x20000f38   Data          84  stdio_streams.o(.bss)
    __stdout                                 0x20000f8c   Data          84  stdio_streams.o(.bss)
    __stderr                                 0x20000fe0   Data          84  stdio_streams.o(.bss)
    __libspace_start                         0x20001034   Data          96  libspace.o(.bss)
    __temporary_stack_top$libspace           0x20001094   Data           0  libspace.o(.bss)
    Dvdd                                     0x20001098   Data           4  adc.o(.bss.Dvdd)
    INT_LockCnt                              0x2000109c   Data           4  em_int.o(.bss.INT_LockCnt)
    PIR_on                                   0x200010a1   Data           1  adc.o(.bss.PIR_on)
    PIRcount                                 0x200010a2   Data           2  adc.o(.bss.PIRcount)
    RADIO_rxBuffer                           0x200010a4   Data          64  radio_proc.o(.bss.RADIO_rxBuffer)
    RADIO_rxLengthBuffer                     0x200010e4   Data          64  radio_proc.o(.bss.RADIO_rxLengthBuffer)
    RADIO_txBuffer                           0x20001124   Data          64  radio_proc.o(.bss.RADIO_txBuffer)
    Vcc                                      0x20001168   Data           4  adc.o(.bss.Vcc)
    Vref                                     0x2000116c   Data           4  adc.o(.bss.Vref)
    adcbuffer                                0x20001170   Data        1024  adc.o(.bss.adcbuffer)
    apcEnabled                               0x20001570   Data           1  pa.o(.bss.apcEnabled)
    ciBuffer                                 0x2000157c   Data         256  app_cli.o(.bss.ciBuffer)
    currChSpacing                            0x2000167c   Data           4  synth.o(.bss.currChSpacing)
    currIfFrequency                          0x20001680   Data           4  synth.o(.bss.currIfFrequency)
    currRfFrequency                          0x20001684   Data           4  synth.o(.bss.currRfFrequency)
    dcdcRetimeClkTarget                      0x2000168c   Data           4  synth.o(.bss.dcdcRetimeClkTarget)
    gPaConfig                                0x200016c4   Data          16  pa.o(.bss.gPaConfig)
    peakDetectorOldSlices                    0x200016e8   Data           4  pa.o(.bss.peakDetectorOldSlices)
    printmode                                0x200016ec   Data           1  app_cli.o(.bss.printmode)
    rfparamsfbuffer                          0x200016f0   Data          80  rf_test.o(.bss.rfparamsfbuffer)
    rxWarmTimeUs                             0x20001848   Data           4  radio.o(.bss.rxWarmTimeUs)
    rxpactune                                0x20001850   Data           1  radio_proc.o(.bss.rxpactune)
    sample                                   0x20001854   Data           4  adc.o(.bss.sample)
    state                                    0x20001858   Data          20  app_cli.o(.bss.state)
    testModeRegisterState                    0x200018d0   Data           1  rf_test.o(.bss.testModeRegisterState)
    txpactune                                0x200018d1   Data           1  radio_proc.o(.bss.txpactune)
    userdata_buf                             0x200018d4   Data        2048  mcu_memory.o(.bss.userdata_buf)
    vcoGainPte                               0x200020d4   Data           1  synth.o(.bss.vcoGainPte)



==============================================================================

Memory Map of the image

  Image Entry point : 0x000000c9

  Load Region LR_IROM1 (Base: 0x00000000, Size: 0x00008a60, Max: 0x00020000, ABSOLUTE, COMPRESSED[0x00008700])

    Execution Region ER_IROM1 (Exec base: 0x00000000, Load base: 0x00000000, Size: 0x00007b28, Max: 0x00020000, ABSOLUTE)

    Exec Addr    Load Addr    Size         Type   Attr      Idx    E Section Name        Object

    0x00000000   0x00000000   0x000000c8   Data   RO          674    RESET               startup_efr32fg1v.o
    0x000000c8   0x000000c8   0x00000008   Code   RO         1803  * !!!main             c_w.l(__main.o)
    0x000000d0   0x000000d0   0x00000034   Code   RO         2222    !!!scatter          c_w.l(__scatter.o)
    0x00000104   0x00000104   0x0000005a   Code   RO         2220    !!dczerorl2         c_w.l(__dczerorl2.o)
    0x0000015e   0x0000015e   0x00000002   PAD
    0x00000160   0x00000160   0x0000001c   Code   RO         2224    !!handler_zi        c_w.l(__scatter_zi.o)
    0x0000017c   0x0000017c   0x00000000   Code   RO         1763    .ARM.Collect$$_printf_percent$$00000000  c_w.l(_printf_percent.o)
    0x0000017c   0x0000017c   0x00000006   Code   RO         1762    .ARM.Collect$$_printf_percent$$00000003  c_w.l(_printf_f.o)
    0x00000182   0x00000182   0x0000000a   Code   RO         1832    .ARM.Collect$$_printf_percent$$00000007  c_w.l(_printf_ll.o)
    0x0000018c   0x0000018c   0x00000006   Code   RO         1761    .ARM.Collect$$_printf_percent$$00000009  c_w.l(_printf_d.o)
    0x00000192   0x00000192   0x00000006   Code   RO         1764    .ARM.Collect$$_printf_percent$$00000011  c_w.l(_printf_llx.o)
    0x00000198   0x00000198   0x00000006   Code   RO         1760    .ARM.Collect$$_printf_percent$$00000014  c_w.l(_printf_s.o)
    0x0000019e   0x0000019e   0x00000004   Code   RO         1831    .ARM.Collect$$_printf_percent$$00000017  c_w.l(_printf_percent_end.o)
    0x000001a2   0x000001a2   0x00000002   Code   RO         2123    .ARM.Collect$$libinit$$00000000  c_w.l(libinit.o)
    0x000001a4   0x000001a4   0x00000004   Code   RO         1992    .ARM.Collect$$libinit$$00000001  c_w.l(libinit2.o)
    0x000001a8   0x000001a8   0x00000000   Code   RO         1995    .ARM.Collect$$libinit$$00000004  c_w.l(libinit2.o)
    0x000001a8   0x000001a8   0x00000008   Code   RO         1996    .ARM.Collect$$libinit$$00000005  c_w.l(libinit2.o)
    0x000001b0   0x000001b0   0x00000000   Code   RO         1998    .ARM.Collect$$libinit$$0000000A  c_w.l(libinit2.o)
    0x000001b0   0x000001b0   0x00000000   Code   RO         2000    .ARM.Collect$$libinit$$0000000C  c_w.l(libinit2.o)
    0x000001b0   0x000001b0   0x00000000   Code   RO         2002    .ARM.Collect$$libinit$$0000000E  c_w.l(libinit2.o)
    0x000001b0   0x000001b0   0x00000006   Code   RO         2003    .ARM.Collect$$libinit$$0000000F  c_w.l(libinit2.o)
    0x000001b6   0x000001b6   0x00000000   Code   RO         2005    .ARM.Collect$$libinit$$00000011  c_w.l(libinit2.o)
    0x000001b6   0x000001b6   0x0000000c   Code   RO         2006    .ARM.Collect$$libinit$$00000012  c_w.l(libinit2.o)
    0x000001c2   0x000001c2   0x00000000   Code   RO         2007    .ARM.Collect$$libinit$$00000013  c_w.l(libinit2.o)
    0x000001c2   0x000001c2   0x00000000   Code   RO         2009    .ARM.Collect$$libinit$$00000015  c_w.l(libinit2.o)
    0x000001c2   0x000001c2   0x0000000a   Code   RO         2010    .ARM.Collect$$libinit$$00000016  c_w.l(libinit2.o)
    0x000001cc   0x000001cc   0x00000000   Code   RO         2011    .ARM.Collect$$libinit$$00000017  c_w.l(libinit2.o)
    0x000001cc   0x000001cc   0x00000000   Code   RO         2013    .ARM.Collect$$libinit$$00000019  c_w.l(libinit2.o)
    0x000001cc   0x000001cc   0x00000000   Code   RO         2015    .ARM.Collect$$libinit$$0000001B  c_w.l(libinit2.o)
    0x000001cc   0x000001cc   0x00000000   Code   RO         2017    .ARM.Collect$$libinit$$0000001D  c_w.l(libinit2.o)
    0x000001cc   0x000001cc   0x00000000   Code   RO         2019    .ARM.Collect$$libinit$$0000001F  c_w.l(libinit2.o)
    0x000001cc   0x000001cc   0x00000000   Code   RO         2021    .ARM.Collect$$libinit$$00000021  c_w.l(libinit2.o)
    0x000001cc   0x000001cc   0x00000000   Code   RO         2023    .ARM.Collect$$libinit$$00000023  c_w.l(libinit2.o)
    0x000001cc   0x000001cc   0x00000004   Code   RO         2024    .ARM.Collect$$libinit$$00000024  c_w.l(libinit2.o)
    0x000001d0   0x000001d0   0x00000000   Code   RO         2025    .ARM.Collect$$libinit$$00000025  c_w.l(libinit2.o)
    0x000001d0   0x000001d0   0x00000000   Code   RO         2029    .ARM.Collect$$libinit$$0000002C  c_w.l(libinit2.o)
    0x000001d0   0x000001d0   0x00000000   Code   RO         2031    .ARM.Collect$$libinit$$0000002E  c_w.l(libinit2.o)
    0x000001d0   0x000001d0   0x00000000   Code   RO         2033    .ARM.Collect$$libinit$$00000030  c_w.l(libinit2.o)
    0x000001d0   0x000001d0   0x00000000   Code   RO         2035    .ARM.Collect$$libinit$$00000032  c_w.l(libinit2.o)
    0x000001d0   0x000001d0   0x00000002   Code   RO         2036    .ARM.Collect$$libinit$$00000033  c_w.l(libinit2.o)
    0x000001d2   0x000001d2   0x00000002   Code   RO         2217    .ARM.Collect$$libshutdown$$00000000  c_w.l(libshutdown.o)
    0x000001d4   0x000001d4   0x00000000   Code   RO         2038    .ARM.Collect$$libshutdown$$00000002  c_w.l(libshutdown2.o)
    0x000001d4   0x000001d4   0x00000004   Code   RO         2039    .ARM.Collect$$libshutdown$$00000003  c_w.l(libshutdown2.o)
    0x000001d8   0x000001d8   0x00000000   Code   RO         2040    .ARM.Collect$$libshutdown$$00000004  c_w.l(libshutdown2.o)
    0x000001d8   0x000001d8   0x00000000   Code   RO         2043    .ARM.Collect$$libshutdown$$00000007  c_w.l(libshutdown2.o)
    0x000001d8   0x000001d8   0x00000000   Code   RO         2046    .ARM.Collect$$libshutdown$$0000000A  c_w.l(libshutdown2.o)
    0x000001d8   0x000001d8   0x00000000   Code   RO         2048    .ARM.Collect$$libshutdown$$0000000C  c_w.l(libshutdown2.o)
    0x000001d8   0x000001d8   0x00000000   Code   RO         2051    .ARM.Collect$$libshutdown$$0000000F  c_w.l(libshutdown2.o)
    0x000001d8   0x000001d8   0x00000002   Code   RO         2052    .ARM.Collect$$libshutdown$$00000010  c_w.l(libshutdown2.o)
    0x000001da   0x000001da   0x00000000   Code   RO         1812    .ARM.Collect$$rtentry$$00000000  c_w.l(__rtentry.o)
    0x000001da   0x000001da   0x00000000   Code   RO         1857    .ARM.Collect$$rtentry$$00000002  c_w.l(__rtentry2.o)
    0x000001da   0x000001da   0x00000006   Code   RO         1869    .ARM.Collect$$rtentry$$00000004  c_w.l(__rtentry4.o)
    0x000001e0   0x000001e0   0x00000000   Code   RO         1859    .ARM.Collect$$rtentry$$00000009  c_w.l(__rtentry2.o)
    0x000001e0   0x000001e0   0x00000004   Code   RO         1860    .ARM.Collect$$rtentry$$0000000A  c_w.l(__rtentry2.o)
    0x000001e4   0x000001e4   0x00000000   Code   RO         1862    .ARM.Collect$$rtentry$$0000000C  c_w.l(__rtentry2.o)
    0x000001e4   0x000001e4   0x00000008   Code   RO         1863    .ARM.Collect$$rtentry$$0000000D  c_w.l(__rtentry2.o)
    0x000001ec   0x000001ec   0x00000002   Code   RO         2130    .ARM.Collect$$rtexit$$00000000  c_w.l(rtexit.o)
    0x000001ee   0x000001ee   0x00000000   Code   RO         2185    .ARM.Collect$$rtexit$$00000002  c_w.l(rtexit2.o)
    0x000001ee   0x000001ee   0x00000004   Code   RO         2186    .ARM.Collect$$rtexit$$00000003  c_w.l(rtexit2.o)
    0x000001f2   0x000001f2   0x00000006   Code   RO         2187    .ARM.Collect$$rtexit$$00000004  c_w.l(rtexit2.o)
    0x000001f8   0x000001f8   0x00000040   Code   RO          675    .text               startup_efr32fg1v.o
    0x00000238   0x00000238   0x00000008   Code   RO         1703    .text               c_w.l(rt_errno_addr_intlibspace.o)
    0x00000240   0x00000240   0x000000f0   Code   RO         1705    .text               c_w.l(lludivv7m.o)
    0x00000330   0x00000330   0x00000018   Code   RO         1709    .text               c_w.l(noretval__2printf.o)
    0x00000348   0x00000348   0x0000004e   Code   RO         1713    .text               c_w.l(_printf_pad.o)
    0x00000396   0x00000396   0x00000052   Code   RO         1715    .text               c_w.l(_printf_str.o)
    0x000003e8   0x000003e8   0x00000078   Code   RO         1717    .text               c_w.l(_printf_dec.o)
    0x00000460   0x00000460   0x0000005c   Code   RO         1719    .text               c_w.l(_printf_hex_ll.o)
    0x000004bc   0x000004bc   0x00000160   Code   RO         1755    .text               c_w.l(__printf_ss_wp.o)
    0x0000061c   0x0000061c   0x00000070   Code   RO         1765    .text               c_w.l(strtol.o)
    0x0000068c   0x0000068c   0x00000072   Code   RO         1767    .text               c_w.l(strtoul.o)
    0x000006fe   0x000006fe   0x00000002   PAD
    0x00000700   0x00000700   0x0000002c   Code   RO         1769    .text               c_w.l(puts.o)
    0x0000072c   0x0000072c   0x00000046   Code   RO         1771    .text               c_w.l(setvbuf.o)
    0x00000772   0x00000772   0x00000014   Code   RO         1781    .text               c_w.l(strchr.o)
    0x00000786   0x00000786   0x00000020   Code   RO         1783    .text               c_w.l(strcspn.o)
    0x000007a6   0x000007a6   0x0000001c   Code   RO         1785    .text               c_w.l(strspn.o)
    0x000007c2   0x000007c2   0x0000002a   Code   RO         1787    .text               c_w.l(strcasecmp.o)
    0x000007ec   0x000007ec   0x0000003e   Code   RO         1789    .text               c_w.l(strlen.o)
    0x0000082a   0x0000082a   0x0000008a   Code   RO         1791    .text               c_w.l(rt_memcpy_v6.o)
    0x000008b4   0x000008b4   0x00000084   Code   RO         1793    .text               c_w.l(rt_memmove_v6.o)
    0x00000938   0x00000938   0x0000004e   Code   RO         1797    .text               c_w.l(rt_memclr_w.o)
    0x00000986   0x00000986   0x00000002   PAD
    0x00000988   0x00000988   0x0000007c   Code   RO         1799    .text               c_w.l(strcmpv7em.o)
    0x00000a04   0x00000a04   0x00000006   Code   RO         1801    .text               c_w.l(heapauxi.o)
    0x00000a0a   0x00000a0a   0x00000002   PAD
    0x00000a0c   0x00000a0c   0x00000008   Code   RO         1809    .text               c_w.l(libspace.o)
    0x00000a14   0x00000a14   0x00000010   Code   RO         1813    .text               c_w.l(rt_ctype_table.o)
    0x00000a24   0x00000a24   0x0000001a   Code   RO         1819    .text               c_w.l(tolower.o)
    0x00000a3e   0x00000a3e   0x000000b2   Code   RO         1821    .text               c_w.l(_printf_intcommon.o)
    0x00000af0   0x00000af0   0x0000041c   Code   RO         1823    .text               c_w.l(_printf_fp_dec.o)
    0x00000f0c   0x00000f0c   0x0000002c   Code   RO         1827    .text               c_w.l(_printf_char.o)
    0x00000f38   0x00000f38   0x00000024   Code   RO         1829    .text               c_w.l(_printf_char_file.o)
    0x00000f5c   0x00000f5c   0x0000009e   Code   RO         1833    .text               c_w.l(_strtoul.o)
    0x00000ffa   0x00000ffa   0x00000002   PAD
    0x00000ffc   0x00000ffc   0x00000138   Code   RO         1839    .text               c_w.l(initio.o)
    0x00001134   0x00001134   0x00000064   Code   RO         1845    .text               c_w.l(rt_memcpy_w.o)
    0x00001198   0x00001198   0x0000007a   Code   RO         1847    .text               c_w.l(rt_memmove_w.o)
    0x00001212   0x00001212   0x00000002   PAD
    0x00001214   0x00001214   0x00000008   Code   RO         1876    .text               c_w.l(rt_locale_intlibspace.o)
    0x0000121c   0x0000121c   0x0000004e   Code   RO         1880    .text               c_w.l(h1_free.o)
    0x0000126a   0x0000126a   0x0000008a   Code   RO         1934    .text               c_w.l(lludiv10.o)
    0x000012f4   0x000012f4   0x00000030   Code   RO         1936    .text               c_w.l(_printf_char_common.o)
    0x00001324   0x00001324   0x00000080   Code   RO         1938    .text               c_w.l(_printf_fp_infnan.o)
    0x000013a4   0x000013a4   0x0000001c   Code   RO         1940    .text               c_w.l(_chval.o)
    0x000013c0   0x000013c0   0x000000e4   Code   RO         1942    .text               c_w.l(bigflt0.o)
    0x000014a4   0x000014a4   0x00000008   Code   RO         1969    .text               c_w.l(ferror.o)
    0x000014ac   0x000014ac   0x000001d6   Code   RO         1971    .text               c_w.l(flsbuf.o)
    0x00001682   0x00001682   0x00000002   PAD
    0x00001684   0x00001684   0x000000f0   Code   RO         1974    .text               c_w.l(fopen.o)
    0x00001774   0x00001774   0x0000004c   Code   RO         1976    .text               c_w.l(fclose.o)
    0x000017c0   0x000017c0   0x0000000e   Code   RO         1988    .text               c_w.l(defsig_rtred_outer.o)
    0x000017ce   0x000017ce   0x0000004a   Code   RO         2059    .text               c_w.l(sys_stackheap_outer.o)
    0x00001818   0x00001818   0x00000008   Code   RO         2066    .text               c_w.l(rt_heap_descriptor_intlibspace.o)
    0x00001820   0x00001820   0x00000004   Code   RO         2068    .text               c_w.l(hguard.o)
    0x00001824   0x00001824   0x0000008a   Code   RO         2070    .text               c_w.l(init_alloc.o)
    0x000018ae   0x000018ae   0x0000005e   Code   RO         2076    .text               c_w.l(h1_alloc.o)
    0x0000190c   0x0000190c   0x000000f8   Code   RO         2094    .text               c_w.l(fseek.o)
    0x00001a04   0x00001a04   0x000000f0   Code   RO         2096    .text               c_w.l(stdio.o)
    0x00001af4   0x00001af4   0x00000012   Code   RO         2104    .text               c_w.l(exit.o)
    0x00001b06   0x00001b06   0x0000000a   Code   RO         2106    .text               c_w.l(defsig_exit.o)
    0x00001b10   0x00001b10   0x00000034   Code   RO         2112    .text               c_w.l(defsig_rtred_inner.o)
    0x00001b44   0x00001b44   0x0000000c   Code   RO         2126    .text               c_w.l(sys_exit.o)
    0x00001b50   0x00001b50   0x00000000   Code   RO         2132    .text               c_w.l(maybetermalloc1.o)
    0x00001b50   0x00001b50   0x0000000e   Code   RO         2134    .text               c_w.l(h1_init.o)
    0x00001b5e   0x00001b5e   0x00000034   Code   RO         2136    .text               c_w.l(h1_extend.o)
    0x00001b92   0x00001b92   0x00000042   Code   RO         2148    .text               c_w.l(ftell.o)
    0x00001bd4   0x00001bd4   0x00000032   Code   RO         2156    .text               c_w.l(defsig_general.o)
    0x00001c06   0x00001c06   0x0000000e   Code   RO         2160    .text               c_w.l(defsig_rtmem_outer.o)
    0x00001c14   0x00001c14   0x0000000e   Code   RO         2173    .text               c_w.l(sys_wrch.o)
    0x00001c22   0x00001c22   0x00000002   Code   RO         2181    .text               c_w.l(use_no_semi.o)
    0x00001c24   0x00001c24   0x00000000   Code   RO         2183    .text               c_w.l(indicate_semi.o)
    0x00001c24   0x00001c24   0x00000050   Code   RO         2195    .text               c_w.l(defsig_rtmem_inner.o)
    0x00001c74   0x00001c74   0x000002ec   Code   RO          178    .text.ADC0_IRQHandler  adc.o
    0x00001f60   0x00001f60   0x000000d2   Code   RO          537    .text.ADC_Init      em_adc.o
    0x00002032   0x00002032   0x00000002   PAD
    0x00002034   0x00002034   0x000000d2   Code   RO          551    .text.ADC_InitSingle  em_adc.o
    0x00002106   0x00002106   0x00000002   PAD
    0x00002108   0x00002108   0x000000fa   Code   RO          549    .text.ADC_LoadDevinfoCal  em_adc.o
    0x00002202   0x00002202   0x00000002   PAD
    0x00002204   0x00002204   0x0000004a   Code   RO          539    .text.ADC_PrescaleCalc  em_adc.o
    0x0000224e   0x0000224e   0x00000002   PAD
    0x00002250   0x00002250   0x000000b0   Code   RO          555    .text.ADC_Reset     em_adc.o
    0x00002300   0x00002300   0x0000003c   Code   RO          557    .text.ADC_TimebaseCalc  em_adc.o
    0x0000233c   0x0000233c   0x00000002   Code   RO         1137    .text.AGC_IRQHandler  radio.o
    0x0000233e   0x0000233e   0x00000002   PAD
    0x00002340   0x00002340   0x0000003e   Code   RO          229    .text.BM_TxOff      radio_proc.o
    0x0000237e   0x0000237e   0x00000002   PAD
    0x00002380   0x00002380   0x0000005e   Code   RO          227    .text.BM_TxOn       radio_proc.o
    0x000023de   0x000023de   0x00000002   PAD
    0x000023e0   0x000023e0   0x00000002   Code   RO         1141    .text.BUFC_IRQHandler  radio.o
    0x000023e2   0x000023e2   0x00000002   PAD
    0x000023e4   0x000023e4   0x0000000c   Code   RO          247    .text.CMU_AUXHFRCOBandGet  em_cmu.o
    0x000023f0   0x000023f0   0x0000015e   Code   RO          249    .text.CMU_AUXHFRCOBandSet  em_cmu.o
    0x0000254e   0x0000254e   0x00000002   PAD
    0x00002550   0x00002550   0x0000008a   Code   RO          265    .text.CMU_ClockEnable  em_cmu.o
    0x000025da   0x000025da   0x00000002   PAD
    0x000025dc   0x000025dc   0x00000360   Code   RO          267    .text.CMU_ClockFreqGet  em_cmu.o
    0x0000293c   0x0000293c   0x000002c0   Code   RO          271    .text.CMU_ClockSelectSet  em_cmu.o
    0x00002bfc   0x00002bfc   0x00000258   Code   RO          273    .text.CMU_OscillatorEnable  em_cmu.o
    0x00002e54   0x00002e54   0x00000256   Code   RO          355    .text.EMU_DCDCInit  em_emu.o
    0x000030aa   0x000030aa   0x00000002   PAD
    0x000030ac   0x000030ac   0x000000f2   Code   RO          353    .text.EMU_DCDCOptimizeSlice  em_emu.o
    0x0000319e   0x0000319e   0x00000002   PAD
    0x000031a0   0x000031a0   0x000001b6   Code   RO          357    .text.EMU_DCDCOutputVoltageSet  em_emu.o
    0x00003356   0x00003356   0x00000002   PAD
    0x00003358   0x00003358   0x00000004   Code   RO          600    .text.EMU_IRQHandler  tempdrv.o
    0x0000335c   0x0000335c   0x00000066   Code   RO          371    .text.EMU_SetBiasMode  em_emu.o
    0x000033c2   0x000033c2   0x00000002   PAD
    0x000033c4   0x000033c4   0x00000002   Code   RO         1131    .text.FRC_IRQHandler  radio.o
    0x000033c6   0x000033c6   0x00000002   PAD
    0x000033c8   0x000033c8   0x00000002   Code   RO         1129    .text.FRC_PRI_IRQHandler  radio.o
    0x000033ca   0x000033ca   0x00000002   PAD
    0x000033cc   0x000033cc   0x00000086   Code   RO          722    .text.GENERIC_PHY_RadioEnable  generic_phy.o
    0x00003452   0x00003452   0x00000002   PAD
    0x00003454   0x00003454   0x0000009e   Code   RO          410    .text.GPIO_PinModeSet  em_gpio.o
    0x000034f2   0x000034f2   0x00000002   PAD
    0x000034f4   0x000034f4   0x00000018   Code   RO          176    .text.LETIMER0_IRQHandler  adc.o
    0x0000350c   0x0000350c   0x00000016   Code   RO          574    .text.LETIMER_CompareSet  em_letimer.o
    0x00003522   0x00003522   0x00000002   PAD
    0x00003524   0x00003524   0x000000c0   Code   RO          578    .text.LETIMER_Init  em_letimer.o
    0x000035e4   0x000035e4   0x00000016   Code   RO          582    .text.LETIMER_RepeatSet  em_letimer.o
    0x000035fa   0x000035fa   0x00000002   PAD
    0x000035fc   0x000035fc   0x00000002   Code   RO         1143    .text.MODEM_IRQHandler  radio.o
    0x000035fe   0x000035fe   0x00000002   PAD
    0x00003600   0x00003600   0x000000aa   Code   RO          491    .text.MSC_ErasePage  em_msc.o
    0x000036aa   0x000036aa   0x00000002   PAD
    0x000036ac   0x000036ac   0x00000004   Code   RO          493    .text.MSC_WriteWord  em_msc.o
    0x000036b0   0x000036b0   0x000001e8   Code   RO          489    .text.MSC_WriteWordI  em_msc.o
    0x00003898   0x00003898   0x0000001e   Code   RO          914    .text.PA_CTuneSet   pa.o
    0x000038b6   0x000038b6   0x00000002   PAD
    0x000038b8   0x000038b8   0x00000012   Code   RO          892    .text.PA_OutputPowerSet  pa.o
    0x000038ca   0x000038ca   0x00000002   PAD
    0x000038cc   0x000038cc   0x00000178   Code   RO          882    .text.PA_PowerLevelSet  pa.o
    0x00003a44   0x00003a44   0x0000000c   Code   RO          906    .text.PA_RampTimeGet  pa.o
    0x00003a50   0x00003a50   0x00000142   Code   RO          912    .text.PA_RampTimeSet  pa.o
    0x00003b92   0x00003b92   0x00000002   PAD
    0x00003b94   0x00003b94   0x0000024a   Code   RO          890    .text.PA_StripesAndSlicesCalc  pa.o
    0x00003dde   0x00003dde   0x00000002   PAD
    0x00003de0   0x00003de0   0x0000002e   Code   RO         1023    .text.PHY_UTILS_DelayUs  phy_utils.o
    0x00003e0e   0x00003e0e   0x00000002   PAD
    0x00003e10   0x00003e10   0x00000014   Code   RO         1057    .text.PROTIMER_CCTimerCapture  protimer.o
    0x00003e24   0x00003e24   0x000000bc   Code   RO         1085    .text.PROTIMER_DelayUs  protimer.o
    0x00003ee0   0x00003ee0   0x00000010   Code   RO         1139    .text.PROTIMER_IRQHandler  radio.o
    0x00003ef0   0x00003ef0   0x00000044   Code   RO         1079    .text.PROTIMER_Init  protimer.o
    0x00003f34   0x00003f34   0x00000010   Code   RO         1037    .text.PROTIMER_IsRunning  protimer.o
    0x00003f44   0x00003f44   0x00000012   Code   RO         1039    .text.PROTIMER_Reset  protimer.o
    0x00003f56   0x00003f56   0x00000002   PAD
    0x00003f58   0x00003f58   0x00000024   Code   RO         1033    .text.PROTIMER_Start  protimer.o
    0x00003f7c   0x00003f7c   0x0000002c   Code   RO         1035    .text.PROTIMER_Stop  protimer.o
    0x00003fa8   0x00003fa8   0x00000002   Code   RO         1133    .text.RAC_RSM_IRQHandler  radio.o
    0x00003faa   0x00003faa   0x00000002   PAD
    0x00003fac   0x00003fac   0x00000002   Code   RO         1135    .text.RAC_SEQ_IRQHandler  radio.o
    0x00003fae   0x00003fae   0x00000002   PAD
    0x00003fb0   0x00003fb0   0x00000068   Code   RO         1246    .text.RADIOCMU_ClockFreqGet  radio_cmu.o
    0x00004018   0x00004018   0x00000014   Code   RO         1095    .text.RADIO_BUFCClear  radio.o
    0x0000402c   0x0000402c   0x00000012   Code   RO         1203    .text.RADIO_DccalEnable  radio.o
    0x0000403e   0x0000403e   0x00000002   PAD
    0x00004040   0x00004040   0x00000020   Code   RO         1179    .text.RADIO_FrameControlDescrBufferIdSet  radio.o
    0x00004060   0x00004060   0x000000e6   Code   RO          918    .text.RADIO_PA_Init  pa.o
    0x00004146   0x00004146   0x00000002   PAD
    0x00004148   0x00004148   0x00000012   Code   RO         1155    .text.RADIO_RXBufferDisableThrInt  radio.o
    0x0000415a   0x0000415a   0x00000002   PAD
    0x0000415c   0x0000415c   0x0000002e   Code   RO         1223    .text.RADIO_RxSearchTimeSet  radio.o
    0x0000418a   0x0000418a   0x00000002   PAD
    0x0000418c   0x0000418c   0x00000060   Code   RO         1211    .text.RADIO_RxToTxTimeSet  radio.o
    0x000041ec   0x000041ec   0x00000038   Code   RO         1219    .text.RADIO_RxWarmTimeSet  radio.o
    0x00004224   0x00004224   0x000000a0   Code   RO         1121    .text.RADIO_SeqInit  radio.o
    0x000042c4   0x000042c4   0x0000007a   Code   RO         1119    .text.RADIO_SetAndForgetWrite  radio.o
    0x0000433e   0x0000433e   0x00000002   PAD
    0x00004340   0x00004340   0x0000002e   Code   RO         1225    .text.RADIO_TxToRxSearchTimeSet  radio.o
    0x0000436e   0x0000436e   0x00000002   PAD
    0x00004370   0x00004370   0x0000002e   Code   RO         1217    .text.RADIO_TxToRxTimeSet  radio.o
    0x0000439e   0x0000439e   0x00000002   PAD
    0x000043a0   0x000043a0   0x00000060   Code   RO         1215    .text.RADIO_TxToTxTimeSet  radio.o
    0x00004400   0x00004400   0x00000060   Code   RO         1209    .text.RADIO_TxWarmTimeSet  radio.o
    0x00004460   0x00004460   0x00000010   Code   RO          982    .text.RAIL_GetTune  phy.o
    0x00004470   0x00004470   0x00000006   Code   RO         1391    .text.RAIL_RfHalIdleStart  rail_rf_hal.o
    0x00004476   0x00004476   0x00000002   PAD
    0x00004478   0x00004478   0x00000004   Code   RO         1333    .text.RAIL_RfIdle   rail_rf.o
    0x0000447c   0x0000447c   0x0000004e   Code   RO          980    .text.RAIL_SetTune  phy.o
    0x000044ca   0x000044ca   0x00000002   PAD
    0x000044cc   0x000044cc   0x00000082   Code   RO           48    .text.RETARGET_ReadChar  retargetserial.o
    0x0000454e   0x0000454e   0x00000002   PAD
    0x00004550   0x00004550   0x000000f4   Code   RO           46    .text.RETARGET_SerialInit  retargetserial.o
    0x00004644   0x00004644   0x00000002   Code   RO         1553    .text.RFSENSE_IRQHandler  rfsense.o
    0x00004646   0x00004646   0x00000002   PAD
    0x00004648   0x00004648   0x00000096   Code   RO         1506    .text.RFTEST_RestoreRadioConfiguration  rf_test.o
    0x000046de   0x000046de   0x00000002   PAD
    0x000046e0   0x000046e0   0x00000090   Code   RO         1504    .text.RFTEST_SaveRadioConfiguration  rf_test.o
    0x00004770   0x00004770   0x00000062   Code   RO         1508    .text.RFTEST_StartCwTx  rf_test.o
    0x000047d2   0x000047d2   0x00000002   PAD
    0x000047d4   0x000047d4   0x00000064   Code   RO         1510    .text.RFTEST_StartStreamTx  rf_test.o
    0x00004838   0x00004838   0x0000001a   Code   RO         1514    .text.RFTEST_StopTx  rf_test.o
    0x00004852   0x00004852   0x00000002   PAD
    0x00004854   0x00004854   0x00000216   Code   RO         1605    .text.SYNTH_Config  synth.o
    0x00004a6a   0x00004a6a   0x00000002   PAD
    0x00004a6c   0x00004a6c   0x00000012   Code   RO         1613    .text.SYNTH_DCDCRetimeEnable  synth.o
    0x00004a7e   0x00004a7e   0x00000002   PAD
    0x00004a80   0x00004a80   0x00000034   Code   RO          390    .text.SYSTEM_ChipRevisionGet  em_system.o
    0x00004ab4   0x00004ab4   0x00000062   Code   RO          641    .text.SystemCoreClockGet  system_efr32fg1v.o
    0x00004b16   0x00004b16   0x00000002   PAD
    0x00004b18   0x00004b18   0x0000004c   Code   RO          643    .text.SystemHFClockGet  system_efr32fg1v.o
    0x00004b64   0x00004b64   0x0000000c   Code   RO          647    .text.SystemHFXOClockGet  system_efr32fg1v.o
    0x00004b70   0x00004b70   0x00000046   Code   RO          651    .text.SystemInit    system_efr32fg1v.o
    0x00004bb6   0x00004bb6   0x00000002   PAD
    0x00004bb8   0x00004bb8   0x00000006   Code   RO          653    .text.SystemLFRCOClockGet  system_efr32fg1v.o
    0x00004bbe   0x00004bbe   0x00000002   PAD
    0x00004bc0   0x00004bc0   0x0000000c   Code   RO          657    .text.SystemLFXOClockGet  system_efr32fg1v.o
    0x00004bcc   0x00004bcc   0x0000000a   Code   RO          645    .text.SystemMaxCoreClockGet  system_efr32fg1v.o
    0x00004bd6   0x00004bd6   0x00000002   PAD
    0x00004bd8   0x00004bd8   0x00000006   Code   RO          655    .text.SystemULFRCOClockGet  system_efr32fg1v.o
    0x00004bde   0x00004bde   0x00000002   PAD
    0x00004be0   0x00004be0   0x00000034   Code   RO          604    .text.TEMPDRV_GetTemp  tempdrv.o
    0x00004c14   0x00004c14   0x000000b2   Code   RO          602    .text.TEMPDRV_IRQHandler  tempdrv.o
    0x00004cc6   0x00004cc6   0x00000002   PAD
    0x00004cc8   0x00004cc8   0x000001d2   Code   RO          608    .text.TEMPDRV_Init  tempdrv.o
    0x00004e9a   0x00004e9a   0x00000002   PAD
    0x00004e9c   0x00004e9c   0x00000062   Code   RO           42    .text.USART0_RX_IRQHandler  retargetserial.o
    0x00004efe   0x00004efe   0x00000002   PAD
    0x00004f00   0x00004f00   0x0000000c   Code   RO          432    .text.USART_Enable  em_usart.o
    0x00004f0c   0x00004f0c   0x000000fe   Code   RO          434    .text.USART_InitAsync  em_usart.o
    0x0000500a   0x0000500a   0x00000002   PAD
    0x0000500c   0x0000500c   0x00000020   Code   RO          446    .text.USART_Rx      em_usart.o
    0x0000502c   0x0000502c   0x0000001e   Code   RO          456    .text.USART_Tx      em_usart.o
    0x0000504a   0x0000504a   0x00000002   PAD
    0x0000504c   0x0000504c   0x0000002a   Code   RO          136    .text.__NVIC_SystemReset  app_cli.o
    0x00005076   0x00005076   0x00000002   PAD
    0x00005078   0x00005078   0x00000012   Code   RO         1676    .text._sys_close    retarget_io.o
    0x0000508a   0x0000508a   0x00000002   PAD
    0x0000508c   0x0000508c   0x00000004   Code   RO         1686    .text._sys_flen     retarget_io.o
    0x00005090   0x00005090   0x00000010   Code   RO         1682    .text._sys_istty    retarget_io.o
    0x000050a0   0x000050a0   0x0000005c   Code   RO         1674    .text._sys_open     retarget_io.o
    0x000050fc   0x000050fc   0x00000006   Code   RO         1684    .text._sys_seek     retarget_io.o
    0x00005102   0x00005102   0x00000002   PAD
    0x00005104   0x00005104   0x0000002e   Code   RO         1678    .text._sys_write    retarget_io.o
    0x00005132   0x00005132   0x00000002   PAD
    0x00005134   0x00005134   0x00000078   Code   RO           15    .text.ciErrorCallback  command_interpreter.o
    0x000051ac   0x000051ac   0x00000008   Code   RO           27    .text.ciGetSigned   command_interpreter.o
    0x000051b4   0x000051b4   0x00000008   Code   RO           25    .text.ciGetUnsigned  command_interpreter.o
    0x000051bc   0x000051bc   0x00000022   Code   RO           19    .text.ciInitState   command_interpreter.o
    0x000051de   0x000051de   0x00000002   PAD
    0x000051e0   0x000051e0   0x00000144   Code   RO           17    .text.ciPrintHelp   command_interpreter.o
    0x00005324   0x00005324   0x00000558   Code   RO           23    .text.ciProcessInput  command_interpreter.o
    0x0000587c   0x0000587c   0x00000024   Code   RO          102    .text.cli_calctune  app_cli.o
    0x000058a0   0x000058a0   0x00000024   Code   RO          126    .text.cli_getber    app_cli.o
    0x000058c4   0x000058c4   0x00000044   Code   RO           78    .text.cli_getchannel  app_cli.o
    0x00005908   0x00005908   0x00000024   Code   RO           98    .text.cli_getctune  app_cli.o
    0x0000592c   0x0000592c   0x0000004c   Code   RO           96    .text.cli_getfreqoffset  app_cli.o
    0x00005978   0x00005978   0x00000034   Code   RO          106    .text.cli_getpactune  app_cli.o
    0x000059ac   0x000059ac   0x00000048   Code   RO           82    .text.cli_getpower  app_cli.o
    0x000059f4   0x000059f4   0x0000004c   Code   RO           86    .text.cli_getpowerlevel  app_cli.o
    0x00005a40   0x00005a40   0x00000048   Code   RO           90    .text.cli_getrssi   app_cli.o
    0x00005a88   0x00005a88   0x00000050   Code   RO           92    .text.cli_getrssioffset  app_cli.o
    0x00005ad8   0x00005ad8   0x00000028   Code   RO          120    .text.cli_getrxcount  app_cli.o
    0x00005b00   0x00005b00   0x00000020   Code   RO           76    .text.cli_getver    app_cli.o
    0x00005b20   0x00005b20   0x00000080   Code   RO          128    .text.cli_getvt     app_cli.o
    0x00005ba0   0x00005ba0   0x0000003c   Code   RO           72    .text.cli_info      app_cli.o
    0x00005bdc   0x00005bdc   0x00000020   Code   RO          132    .text.cli_init      app_cli.o
    0x00005bfc   0x00005bfc   0x00000054   Code   RO           74    .text.cli_printmode  app_cli.o
    0x00005c50   0x00005c50   0x00000030   Code   RO           70    .text.cli_reset     app_cli.o
    0x00005c80   0x00005c80   0x00000028   Code   RO          112    .text.cli_sendburst  app_cli.o
    0x00005ca8   0x00005ca8   0x0000005c   Code   RO           80    .text.cli_setchannel  app_cli.o
    0x00005d04   0x00005d04   0x0000003c   Code   RO          100    .text.cli_setctune  app_cli.o
    0x00005d40   0x00005d40   0x00000024   Code   RO          130    .text.cli_setem     app_cli.o
    0x00005d64   0x00005d64   0x00000068   Code   RO          108    .text.cli_setpactune  app_cli.o
    0x00005dcc   0x00005dcc   0x00000060   Code   RO           84    .text.cli_setpower  app_cli.o
    0x00005e2c   0x00005e2c   0x00000060   Code   RO           88    .text.cli_setpowerlevel  app_cli.o
    0x00005e8c   0x00005e8c   0x00000078   Code   RO           94    .text.cli_setrssioffset  app_cli.o
    0x00005f04   0x00005f04   0x00000024   Code   RO          122    .text.cli_startber  app_cli.o
    0x00005f28   0x00005f28   0x00000028   Code   RO          116    .text.cli_startrxcount  app_cli.o
    0x00005f50   0x00005f50   0x00000024   Code   RO          124    .text.cli_stopber   app_cli.o
    0x00005f74   0x00005f74   0x00000028   Code   RO          118    .text.cli_stoprxcount  app_cli.o
    0x00005f9c   0x00005f9c   0x00000048   Code   RO          104    .text.cli_storectune  app_cli.o
    0x00005fe4   0x00005fe4   0x0000005c   Code   RO          110    .text.cli_storepactune  app_cli.o
    0x00006040   0x00006040   0x000000d8   Code   RO          114    .text.cli_txstream  app_cli.o
    0x00006118   0x00006118   0x00000074   Code   RO          620    .text.errataCallback  tempdrv.o
    0x0000618c   0x0000618c   0x000000ca   Code   RO          174    .text.initADC       adc.o
    0x00006256   0x00006256   0x00000002   PAD
    0x00006258   0x00006258   0x000000b4   Code   RO          172    .text.initLETIMER   adc.o
    0x0000630c   0x0000630c   0x00000466   Code   RO          225    .text.init_radio    radio_proc.o
    0x00006772   0x00006772   0x00000002   PAD
    0x00006774   0x00006774   0x0000000c   Code   RO          212    .text.leds_init     leds.o
    0x00006780   0x00006780   0x00000154   Code   RO            2    .text.main          main.o
    0x000068d4   0x000068d4   0x0000002e   Code   RO          134    .text.process_cli   app_cli.o
    0x00006902   0x00006902   0x00000002   PAD
    0x00006904   0x00006904   0x00000074   Code   RO          155    .text.read_userpage  mcu_memory.o
    0x00006978   0x00006978   0x00000056   Code   RO           52    .text.stdout_putchar  retargetserial.o
    0x000069ce   0x000069ce   0x00000002   PAD
    0x000069d0   0x000069d0   0x000001c0   Code   RO          606    .text.updateInterrupts  tempdrv.o
    0x00006b90   0x00006b90   0x00000014   Code   RO          157    .text.write_userpage  mcu_memory.o
    0x00006ba4   0x00006ba4   0x0000003e   Code   RO         1945    CL$$btod_d2e        c_w.l(btod.o)
    0x00006be2   0x00006be2   0x00000046   Code   RO         1947    CL$$btod_d2e_denorm_low  c_w.l(btod.o)
    0x00006c28   0x00006c28   0x00000060   Code   RO         1946    CL$$btod_d2e_norm_op1  c_w.l(btod.o)
    0x00006c88   0x00006c88   0x00000338   Code   RO         1955    CL$$btod_div_common  c_w.l(btod.o)
    0x00006fc0   0x00006fc0   0x000000dc   Code   RO         1952    CL$$btod_e2e        c_w.l(btod.o)
    0x0000709c   0x0000709c   0x0000002a   Code   RO         1949    CL$$btod_ediv       c_w.l(btod.o)
    0x000070c6   0x000070c6   0x0000002a   Code   RO         1948    CL$$btod_emul       c_w.l(btod.o)
    0x000070f0   0x000070f0   0x00000244   Code   RO         1954    CL$$btod_mult_common  c_w.l(btod.o)
    0x00007334   0x00007334   0x00000030   Code   RO         2057    i.__ARM_fpclassify  m_wm.l(fpclassify.o)
    0x00007364   0x00007364   0x0000000e   Code   RO         1750    i._is_digit         c_w.l(__printf_wp.o)
    0x00007372   0x00007372   0x0000001a   Code   RO         1836    i.fputc             c_w.l(fputc.o)
    0x0000738c   0x0000738c   0x0000002c   Code   RO         1983    locale$$code        c_w.l(lc_ctype_c.o)
    0x000073b8   0x000073b8   0x0000002c   Code   RO         1986    locale$$code        c_w.l(lc_numeric_c.o)
    0x000073e4   0x000073e4   0x0000000c   Code   RO         1849    x$fpl$dretinf       fz_wm.l(dretinf.o)
    0x000073f0   0x000073f0   0x00000056   Code   RO         1805    x$fpl$f2d           fz_wm.l(f2d.o)
    0x00007446   0x00007446   0x0000008c   Code   RO         1851    x$fpl$fnaninf       fz_wm.l(fnaninf.o)
    0x000074d2   0x000074d2   0x0000001a   Code   RO         2124    x$fpl$fpinit        fz_wm.l(fpinit.o)
    0x000074ec   0x000074ec   0x00000004   Code   RO         1807    x$fpl$printf1       fz_wm.l(printf1.o)
    0x000074f0   0x000074f0   0x00000000   Code   RO         1853    x$fpl$usenofp       fz_wm.l(usenofp.o)
    0x000074f0   0x000074f0   0x00000028   Data   RO         1720    .constdata          c_w.l(_printf_hex_ll.o)
    0x00007518   0x00007518   0x00000094   Data   RO         1943    .constdata          c_w.l(bigflt0.o)
    0x000075ac   0x000075ac   0x00000008   Data   RO         1690    .rodata.__stderr_name  retarget_io.o
    0x000075b4   0x000075b4   0x00000007   Data   RO         1688    .rodata.__stdin_name  retarget_io.o
    0x000075bb   0x000075bb   0x00000008   Data   RO         1689    .rodata.__stdout_name  retarget_io.o
    0x000075c3   0x000075c3   0x00000001   PAD
    0x000075c4   0x000075c4   0x00000010   Data   RO          464    .rodata.cst16       em_usart.o
    0x000075d4   0x000075d4   0x00000008   Data   RO          231    .rodata.generated_phyInfo  radio_proc.o
    0x000075dc   0x000075dc   0x00000021   Data   RO         1668    .rodata.nibblebits  nibblebits.o
    0x000075fd   0x000075fd   0x0000005a   Data   RO           33    .rodata.str1.1      command_interpreter.o
    0x00007657   0x00007657   0x00000382   Data   RO          138    .rodata.str1.1      app_cli.o
    0x000079d9   0x000079d9   0x00000003   PAD
    0x000079dc   0x000079dc   0x00000020   Data   RO         2219    Region$$Table       anon$$obj.o
    0x000079fc   0x000079fc   0x00000110   Data   RO         1982    locale$$data        c_w.l(lc_ctype_c.o)
    0x00007b0c   0x00007b0c   0x0000001c   Data   RO         1985    locale$$data        c_w.l(lc_numeric_c.o)


    Execution Region RW_IRAM1 (Exec base: 0x20000000, Load base: 0x00007b28, Size: 0x000030d8, Max: 0x00004000, ABSOLUTE, COMPRESSED[0x00000bd8])

    Exec Addr    Load Addr    Size         Type   Attr      Idx    E Section Name        Object

    0x20000000   COMPRESSED   0x00000004   Data   RW         1776    .data               c_w.l(stdio_streams.o)
    0x20000004   COMPRESSED   0x00000004   Data   RW         1777    .data               c_w.l(stdio_streams.o)
    0x20000008   COMPRESSED   0x00000004   Data   RW         1778    .data               c_w.l(stdio_streams.o)
    0x2000000c   COMPRESSED   0x00000001   Data   RW          192    .data.ADCphase      adc.o
    0x2000000d   COMPRESSED   0x00000003   PAD
    0x20000010   COMPRESSED   0x00000004   Data   RW          661    .data.SystemCoreClock  system_efr32fg1v.o
    0x20000014   COMPRESSED   0x00000004   Data   RW          664    .data.SystemHFXOClock  system_efr32fg1v.o
    0x20000018   COMPRESSED   0x00000004   Data   RW          662    .data.SystemHfrcoFreq  system_efr32fg1v.o
    0x2000001c   COMPRESSED   0x00000004   Data   RW          663    .data.SystemLFXOClock  system_efr32fg1v.o
    0x20000020   COMPRESSED   0x00000004   Data   RW          193    .data.Temp          adc.o
    0x20000024   COMPRESSED   0x00000004   Data   RW          307    .data.auxHfrcoFreq  em_cmu.o
    0x20000028   COMPRESSED   0x00000200   Data   RW          139    .data.commands      app_cli.o
    0x20000228   COMPRESSED   0x00000be1   Data   RW          789    .data.genericSeqProg  generic_seq.o
    0x20000e09   COMPRESSED   0x00000006   Data   RW          190    .data.init          adc.o
    0x20000e0f   COMPRESSED   0x0000000c   Data   RW          191    .data.initSingle    adc.o
    0x20000e1b   COMPRESSED   0x00000111   Data   RW          922    .data.paParams      pa.o
    0x20000f2c   COMPRESSED   0x0000000a   Data   RW          921    .data.power0dBmParams  pa.o
    0x20000f36   COMPRESSED   0x00000002   PAD
    0x20000f38        -       0x00000054   Zero   RW         1773    .bss                c_w.l(stdio_streams.o)
    0x20000f8c        -       0x00000054   Zero   RW         1774    .bss                c_w.l(stdio_streams.o)
    0x20000fe0        -       0x00000054   Zero   RW         1775    .bss                c_w.l(stdio_streams.o)
    0x20001034        -       0x00000060   Zero   RW         1810    .bss                c_w.l(libspace.o)
    0x20001094        -       0x00000004   Zero   RW          197    .bss.ADC0_IRQHandler.adc_index  adc.o
    0x20001098        -       0x00000004   Zero   RW          202    .bss.Dvdd           adc.o
    0x2000109c        -       0x00000004   Zero   RW          473    .bss.INT_LockCnt    em_int.o
    0x200010a0        -       0x00000001   Zero   RW           60    .bss.LFtoCRLF       retargetserial.o
    0x200010a1        -       0x00000001   Zero   RW          194    .bss.PIR_on         adc.o
    0x200010a2        -       0x00000002   Zero   RW          200    .bss.PIRcount       adc.o
    0x200010a4        -       0x00000040   Zero   RW          232    .bss.RADIO_rxBuffer  radio_proc.o
    0x200010e4        -       0x00000040   Zero   RW          234    .bss.RADIO_rxLengthBuffer  radio_proc.o
    0x20001124        -       0x00000040   Zero   RW          233    .bss.RADIO_txBuffer  radio_proc.o
    0x20001164        -       0x00000001   Zero   RW          624    .bss.TEMPDRV_InitState  tempdrv.o
    0x20001165   COMPRESSED   0x00000003   PAD
    0x20001168        -       0x00000004   Zero   RW          201    .bss.Vcc            adc.o
    0x2000116c        -       0x00000004   Zero   RW          203    .bss.Vref           adc.o
    0x20001170        -       0x00000400   Zero   RW          199    .bss.adcbuffer      adc.o
    0x20001570        -       0x00000001   Zero   RW          920    .bss.apcEnabled     pa.o
    0x20001571   COMPRESSED   0x00000003   PAD
    0x20001574        -       0x00000004   Zero   RW          629    .bss.calibrationEMU  tempdrv.o
    0x20001578        -       0x00000004   Zero   RW          630    .bss.calibrationTEMP  tempdrv.o
    0x2000157c        -       0x00000100   Zero   RW          141    .bss.ciBuffer       app_cli.o
    0x2000167c        -       0x00000004   Zero   RW         1624    .bss.currChSpacing  synth.o
    0x20001680        -       0x00000004   Zero   RW         1625    .bss.currIfFrequency  synth.o
    0x20001684        -       0x00000004   Zero   RW         1623    .bss.currRfFrequency  synth.o
    0x20001688        -       0x00000002   Zero   RW          376    .bss.dcdcEm01LoadCurrent_mA  em_emu.o
    0x2000168a        -       0x00000002   Zero   RW          380    .bss.dcdcMaxCurrent_mA  em_emu.o
    0x2000168c        -       0x00000004   Zero   RW         1626    .bss.dcdcRetimeClkTarget  synth.o
    0x20001690        -       0x00000002   Zero   RW          381    .bss.dcdcReverseCurrentControl  em_emu.o
    0x20001692        -       0x00000001   Zero   RW          375    .bss.errataFixDcdcHsState  em_emu.o
    0x20001693   COMPRESSED   0x00000001   PAD
    0x20001694        -       0x00000018   Zero   RW          631    .bss.errataHighTemp  tempdrv.o
    0x200016ac        -       0x00000018   Zero   RW          632    .bss.errataLowTemp  tempdrv.o
    0x200016c4        -       0x00000010   Zero   RW          923    .bss.gPaConfig      pa.o
    0x200016d4        -       0x00000004   Zero   RW          623    .bss.highCallback   tempdrv.o
    0x200016d8        -       0x00000001   Zero   RW           61    .bss.initialized    retargetserial.o
    0x200016d9   COMPRESSED   0x00000003   PAD
    0x200016dc        -       0x00000004   Zero   RW          622    .bss.lowCallback    tempdrv.o
    0x200016e0        -       0x00000008   Zero   RW          627    .bss.nullCallback   tempdrv.o
    0x200016e8        -       0x00000004   Zero   RW          924    .bss.peakDetectorOldSlices  pa.o
    0x200016ec        -       0x00000001   Zero   RW          142    .bss.printmode      app_cli.o
    0x200016ed   COMPRESSED   0x00000003   PAD
    0x200016f0        -       0x00000050   Zero   RW         1528    .bss.rfparamsfbuffer  rf_test.o
    0x20001740        -       0x00000100   Zero   RW           56    .bss.rxBuffer       retargetserial.o
    0x20001840        -       0x00000004   Zero   RW           58    .bss.rxCount        retargetserial.o
    0x20001844        -       0x00000004   Zero   RW           59    .bss.rxReadIndex    retargetserial.o
    0x20001848        -       0x00000004   Zero   RW         1235    .bss.rxWarmTimeUs   radio.o
    0x2000184c        -       0x00000004   Zero   RW           57    .bss.rxWriteIndex   retargetserial.o
    0x20001850        -       0x00000001   Zero   RW          236    .bss.rxpactune      radio_proc.o
    0x20001851   COMPRESSED   0x00000003   PAD
    0x20001854        -       0x00000004   Zero   RW          198    .bss.sample         adc.o
    0x20001858        -       0x00000014   Zero   RW          140    .bss.state          app_cli.o
    0x2000186c   COMPRESSED   0x00000004   PAD
    0x20001870        -       0x00000030   Zero   RW          625    .bss.tempdrvHighCallbacks  tempdrv.o
    0x200018a0        -       0x00000030   Zero   RW          626    .bss.tempdrvLowCallbacks  tempdrv.o
    0x200018d0        -       0x00000001   Zero   RW         1529    .bss.testModeRegisterState  rf_test.o
    0x200018d1        -       0x00000001   Zero   RW          235    .bss.txpactune      radio_proc.o
    0x200018d2   COMPRESSED   0x00000002   PAD
    0x200018d4        -       0x00000800   Zero   RW          161    .bss.userdata_buf   mcu_memory.o
    0x200020d4        -       0x00000001   Zero   RW         1627    .bss.vcoGainPte     synth.o
    0x200020d5   COMPRESSED   0x00000003   PAD
    0x200020d8        -       0x00000c00   Zero   RW          673    HEAP                startup_efr32fg1v.o
    0x20002cd8        -       0x00000400   Zero   RW          672    STACK               startup_efr32fg1v.o


==============================================================================

Image component sizes


      Code (inc. data)   RO Data    RW Data    ZI Data      Debug   Object Name

      1154         66          0         23       1047      23861   adc.o
      2292       1164        898        512        277       8741   app_cli.o
      1862        174         90          0          0       9526   command_interpreter.o
       980          8          0          0          0      22947   em_adc.o
      2668        184          0          4          0      33722   em_cmu.o
      1380          4          0          0          7      29202   em_emu.o
       158          0          0          0          0       6519   em_gpio.o
         0          0          0          0          4        372   em_int.o
       236          0          0          0          0       4919   em_letimer.o
       662          0          0          0          0       7859   em_msc.o
        52          0          0          0          0       1912   em_system.o
       328          0         16          0          0      11944   em_usart.o
       134          0          0          0          0      31990   generic_phy.o
         0          0          0       3041          0        456   generic_seq.o
        12          0          0          0          0       2816   leds.o
       340         64          0          0          0       8886   main.o
       136          0          0          0       2048       1578   mcu_memory.o
         0          0         33          0          0        461   nibblebits.o
      1574          0          0        283         21      24847   pa.o
        94          0          0          0          0      11302   phy.o
        46          0          0          0          0       1058   phy_utils.o
       390          0          0          0          0      11715   protimer.o
       882          0          0          0          4      38098   radio.o
       104          0          0          0          0       4307   radio_cmu.o
      1282          0          8          0        194      19581   radio_proc.o
         4          0          0          0          0       3752   rail_rf.o
         6          0          0          0          0      25038   rail_rf_hal.o
       182          0         23          0          0       2640   retarget_io.o
       558         28          0          0        270       8391   retargetserial.o
       518          0          0          0         81      17714   rf_test.o
         2          0          0          0          0       5762   rfsense.o
        64         26        200          0       4096        884   startup_efr32fg1v.o
       552          0          0          0         17      16922   synth.o
       290          0          0         16          0       6069   system_efr32fg1v.o
      1264          0          0          0        169      14020   tempdrv.o

    ----------------------------------------------------------------------
     20336       1718       1304       3884       8260     419811   Object Totals
         0          0         32          0          0          0   (incl. Generated)
       130          0          4          5         25          0   (incl. Padding)

    ----------------------------------------------------------------------

      Code (inc. data)   RO Data    RW Data    ZI Data      Debug   Library Member Name

        90          0          0          0          0          0   __dczerorl2.o
         8          0          0          0          0         68   __main.o
       352          0          0          0          0         88   __printf_ss_wp.o
        14          0          0          0          0         68   __printf_wp.o
         0          0          0          0          0          0   __rtentry.o
        12          0          0          0          0          0   __rtentry2.o
         6          0          0          0          0          0   __rtentry4.o
        52          8          0          0          0          0   __scatter.o
        28          0          0          0          0          0   __scatter_zi.o
        28          0          0          0          0         68   _chval.o
        44          0          0          0          0        108   _printf_char.o
        48          6          0          0          0         96   _printf_char_common.o
        36          4          0          0          0         80   _printf_char_file.o
         6          0          0          0          0          0   _printf_d.o
       120         16          0          0          0         92   _printf_dec.o
         6          0          0          0          0          0   _printf_f.o
      1052          0          0          0          0        148   _printf_fp_dec.o
       128         16          0          0          0         84   _printf_fp_infnan.o
        92          4         40          0          0         88   _printf_hex_ll.o
       178          0          0          0          0         88   _printf_intcommon.o
        10          0          0          0          0          0   _printf_ll.o
         6          0          0          0          0          0   _printf_llx.o
        78          0          0          0          0        108   _printf_pad.o
         0          0          0          0          0          0   _printf_percent.o
         4          0          0          0          0          0   _printf_percent_end.o
         6          0          0          0          0          0   _printf_s.o
        82          0          0          0          0         80   _printf_str.o
       158          0          0          0          0         92   _strtoul.o
       228          4        148          0          0         96   bigflt0.o
      1936        128          0          0          0        668   btod.o
        10          0          0          0          0         68   defsig_exit.o
        50          0          0          0          0         88   defsig_general.o
        80         58          0          0          0         76   defsig_rtmem_inner.o
        14          0          0          0          0         80   defsig_rtmem_outer.o
        52         38          0          0          0         76   defsig_rtred_inner.o
        14          0          0          0          0         80   defsig_rtred_outer.o
        18          0          0          0          0         80   exit.o
        76          0          0          0          0         88   fclose.o
         8          0          0          0          0         68   ferror.o
       470          0          0          0          0         88   flsbuf.o
       240          6          0          0          0        128   fopen.o
        26          0          0          0          0         68   fputc.o
       248          6          0          0          0         84   fseek.o
        66          0          0          0          0         76   ftell.o
        94          0          0          0          0         80   h1_alloc.o
        52          0          0          0          0         68   h1_extend.o
        78          0          0          0          0         80   h1_free.o
        14          0          0          0          0         84   h1_init.o
         6          0          0          0          0        152   heapauxi.o
         4          0          0          0          0        136   hguard.o
         0          0          0          0          0          0   indicate_semi.o
       138          0          0          0          0        168   init_alloc.o
       312         46          0          0          0        112   initio.o
        44         10        272          0          0         76   lc_ctype_c.o
        44         10         28          0          0         76   lc_numeric_c.o
         2          0          0          0          0          0   libinit.o
        46          0          0          0          0          0   libinit2.o
         2          0          0          0          0          0   libshutdown.o
         6          0          0          0          0          0   libshutdown2.o
         8          4          0          0         96         68   libspace.o
       138          0          0          0          0         80   lludiv10.o
       240          0          0          0          0        100   lludivv7m.o
         0          0          0          0          0          0   maybetermalloc1.o
        24          4          0          0          0         84   noretval__2printf.o
        44          4          0          0          0         84   puts.o
        16          4          0          0          0         76   rt_ctype_table.o
         8          4          0          0          0         68   rt_errno_addr_intlibspace.o
         8          4          0          0          0         68   rt_heap_descriptor_intlibspace.o
         8          4          0          0          0         68   rt_locale_intlibspace.o
        78          0          0          0          0         80   rt_memclr_w.o
       138          0          0          0          0         68   rt_memcpy_v6.o
       100          0          0          0          0         80   rt_memcpy_w.o
       132          0          0          0          0         68   rt_memmove_v6.o
       122          0          0          0          0         80   rt_memmove_w.o
         2          0          0          0          0          0   rtexit.o
        10          0          0          0          0          0   rtexit2.o
        70          0          0          0          0         80   setvbuf.o
       240          6          0          0          0        156   stdio.o
         0          0          0         12        252          0   stdio_streams.o
        42          0          0          0          0         84   strcasecmp.o
        20          0          0          0          0         68   strchr.o
       124          0          0          0          0         88   strcmpv7em.o
        32          0          0          0          0         80   strcspn.o
        62          0          0          0          0         76   strlen.o
        28          0          0          0          0         80   strspn.o
       112          0          0          0          0         88   strtol.o
       114          0          0          0          0         92   strtoul.o
        12          4          0          0          0         68   sys_exit.o
        74          0          0          0          0         80   sys_stackheap_outer.o
        14          0          0          0          0         76   sys_wrch.o
        26          0          0          0          0         76   tolower.o
         2          0          0          0          0         68   use_no_semi.o
        12          0          0          0          0        116   dretinf.o
        86          4          0          0          0        132   f2d.o
       140          4          0          0          0        132   fnaninf.o
        26          0          0          0          0        116   fpinit.o
         4          0          0          0          0        116   printf1.o
         0          0          0          0          0          0   usenofp.o
        48          0          0          0          0        124   fpclassify.o

    ----------------------------------------------------------------------
      9400        406        488         12        348       7368   Library Totals
        14          0          0          0          0          0   (incl. Padding)

    ----------------------------------------------------------------------

      Code (inc. data)   RO Data    RW Data    ZI Data      Debug   Library Name

      9070        398        488         12        348       6632   c_w.l
       268          8          0          0          0        612   fz_wm.l
        48          0          0          0          0        124   m_wm.l

    ----------------------------------------------------------------------
      9400        406        488         12        348       7368   Library Totals

    ----------------------------------------------------------------------

==============================================================================


      Code (inc. data)   RO Data    RW Data    ZI Data      Debug   

     29736       2124       1792       3896       8608     422331   Grand Totals
     29736       2124       1792       3032       8608     422331   ELF Image Totals (compressed)
     29736       2124       1792       3032          0          0   ROM Totals

==============================================================================

    Total RO  Size (Code + RO Data)                31528 (  30.79kB)
    Total RW  Size (RW Data + ZI Data)             12504 (  12.21kB)
    Total ROM Size (Code + RO Data + RW Data)      34560 (  33.75kB)

==============================================================================

