Component: ARM Compiler 6.16 Tool: armlink [5dfeaa00]

==============================================================================

Section Cross References

    main.o(.text.main) refers to main.o(.text.CHIP_Init) for CHIP_Init
    main.o(.text.main) refers to main.o(.rodata.cst16) for .L__const.main.dcdcInit
    main.o(.text.main) refers to em_emu.o(.text.EMU_DCDCInit) for EMU_DCDCInit
    main.o(.text.main) refers to em_cmu.o(.text.CMU_ClockSelectSet) for CMU_ClockSelectSet
    main.o(.text.main) refers to retargetserial.o(.text.RETARGET_SerialInit) for RETARGET_SerialInit
    main.o(.text.main) refers to puts.o(.text) for puts
    main.o(.text.main) refers to main.o(.text.init_peripherals) for init_peripherals
    main.o(.text.main) refers to radio_proc.o(.text.init_radio) for init_radio
    main.o(.text.main) refers to app_cli.o(.text.cli_init) for cli_init
    main.o(.text.main) refers to app_cli.o(.text.process_cli) for process_cli
    main.o(.ARM.exidx.text.main) refers to main.o(.text.main) for [Anonymous Symbol]
    main.o(.text.CHIP_Init) refers to main.o(.text.SYSTEM_GetProdRev) for SYSTEM_GetProdRev
    main.o(.text.CHIP_Init) refers to em_system.o(.text.SYSTEM_ChipRevisionGet) for SYSTEM_ChipRevisionGet
    main.o(.text.CHIP_Init) refers to main.o(.text.BUS_RegBitWrite) for BUS_RegBitWrite
    main.o(.ARM.exidx.text.CHIP_Init) refers to main.o(.text.CHIP_Init) for [Anonymous Symbol]
    main.o(.text.init_peripherals) refers to em_cmu.o(.text.CMU_ClockEnable) for CMU_ClockEnable
    main.o(.text.init_peripherals) refers to leds.o(.text.leds_init) for leds_init
    main.o(.text.init_peripherals) refers to myi2c.o(.text.init_i2c) for init_i2c
    main.o(.text.init_peripherals) refers to sfh7771.o(.text.sfh7771_SensorStart) for sfh7771_SensorStart
    main.o(.text.init_peripherals) refers to puts.o(.text) for puts
    main.o(.text.init_peripherals) refers to adc.o(.text.initLETIMER) for initLETIMER
    main.o(.text.init_peripherals) refers to adc.o(.text.initADC) for initADC
    main.o(.text.init_peripherals) refers to tempdrv.o(.text.TEMPDRV_Init) for TEMPDRV_Init
    main.o(.ARM.exidx.text.init_peripherals) refers to main.o(.text.init_peripherals) for [Anonymous Symbol]
    main.o(.ARM.exidx.text.SYSTEM_GetProdRev) refers to main.o(.text.SYSTEM_GetProdRev) for [Anonymous Symbol]
    main.o(.ARM.exidx.text.BUS_RegBitWrite) refers to main.o(.text.BUS_RegBitWrite) for [Anonymous Symbol]
    command_interpreter.o(.text) refers (Special) to _printf_d.o(.ARM.Collect$$_printf_percent$$00000009) for _printf_d
    command_interpreter.o(.text) refers (Special) to _printf_dec.o(.text) for _printf_int_dec
    command_interpreter.o(.text) refers (Special) to _printf_percent.o(.ARM.Collect$$_printf_percent$$00000000) for _printf_percent
    command_interpreter.o(.text) refers (Special) to _printf_pad.o(.text) for _printf_pre_padding
    command_interpreter.o(.text) refers (Special) to _printf_s.o(.ARM.Collect$$_printf_percent$$00000014) for _printf_s
    command_interpreter.o(.text) refers (Special) to _printf_str.o(.text) for _printf_str
    command_interpreter.o(.text.ciErrorCallback) refers (Special) to _printf_d.o(.ARM.Collect$$_printf_percent$$00000009) for _printf_d
    command_interpreter.o(.text.ciErrorCallback) refers (Special) to _printf_dec.o(.text) for _printf_int_dec
    command_interpreter.o(.text.ciErrorCallback) refers (Special) to _printf_percent.o(.ARM.Collect$$_printf_percent$$00000000) for _printf_percent
    command_interpreter.o(.text.ciErrorCallback) refers (Special) to _printf_pad.o(.text) for _printf_pre_padding
    command_interpreter.o(.text.ciErrorCallback) refers (Special) to _printf_s.o(.ARM.Collect$$_printf_percent$$00000014) for _printf_s
    command_interpreter.o(.text.ciErrorCallback) refers (Special) to _printf_str.o(.text) for _printf_str
    command_interpreter.o(.text.ciErrorCallback) refers to noretval__2printf.o(.text) for __2printf
    command_interpreter.o(.text.ciErrorCallback) refers to puts.o(.text) for puts
    command_interpreter.o(.ARM.exidx.text.ciErrorCallback) refers (Special) to _printf_d.o(.ARM.Collect$$_printf_percent$$00000009) for _printf_d
    command_interpreter.o(.ARM.exidx.text.ciErrorCallback) refers (Special) to _printf_dec.o(.text) for _printf_int_dec
    command_interpreter.o(.ARM.exidx.text.ciErrorCallback) refers (Special) to _printf_percent.o(.ARM.Collect$$_printf_percent$$00000000) for _printf_percent
    command_interpreter.o(.ARM.exidx.text.ciErrorCallback) refers (Special) to _printf_pad.o(.text) for _printf_pre_padding
    command_interpreter.o(.ARM.exidx.text.ciErrorCallback) refers (Special) to _printf_s.o(.ARM.Collect$$_printf_percent$$00000014) for _printf_s
    command_interpreter.o(.ARM.exidx.text.ciErrorCallback) refers (Special) to _printf_str.o(.text) for _printf_str
    command_interpreter.o(.ARM.exidx.text.ciErrorCallback) refers to command_interpreter.o(.text.ciErrorCallback) for [Anonymous Symbol]
[...]
    cli_getrssi                              0x00005779   Thumb Code    16  app_cli.o(.text.cli_getrssi)
    cli_getrssioffset                        0x000057bd   Thumb Code    16  app_cli.o(.text.cli_getrssioffset)
    cli_getrxcount                           0x00005809   Thumb Code    12  app_cli.o(.text.cli_getrxcount)
    cli_getver                               0x00005835   Thumb Code    16  app_cli.o(.text.cli_getver)
    cli_getvt                                0x00005859   Thumb Code   116  app_cli.o(.text.cli_getvt)
    cli_info                                 0x000058f5   Thumb Code    24  app_cli.o(.text.cli_info)
    cli_init                                 0x00005929   Thumb Code    36  app_cli.o(.text.cli_init)
    cli_ledtest                              0x0000594d   Thumb Code    84  app_cli.o(.text.cli_ledtest)
    cli_piren                                0x000059e9   Thumb Code   200  app_cli.o(.text.cli_piren)
    cli_printmode                            0x00005ae5   Thumb Code    40  app_cli.o(.text.cli_printmode)
    cli_ramtest                              0x00005b35   Thumb Code    32  app_cli.o(.text.cli_ramtest)
    cli_read7210                             0x00005b81   Thumb Code    32  app_cli.o(.text.cli_read7210)
    cli_readram                              0x00005bcd   Thumb Code    32  app_cli.o(.text.cli_readram)
    cli_reset                                0x00005c19   Thumb Code    16  app_cli.o(.text.cli_reset)
    cli_sendburst                            0x00005c49   Thumb Code    12  app_cli.o(.text.cli_sendburst)
    cli_setatten                             0x00005c75   Thumb Code    32  app_cli.o(.text.cli_setatten)
    cli_setbright                            0x00005cbd   Thumb Code    32  app_cli.o(.text.cli_setbright)
    cli_setchannel                           0x00005d09   Thumb Code    36  app_cli.o(.text.cli_setchannel)
    cli_setctune                             0x00005d61   Thumb Code    40  app_cli.o(.text.cli_setctune)
    cli_setdevid                             0x00005d99   Thumb Code    12  app_cli.o(.text.cli_setdevid)
    cli_setem                                0x00005dc1   Thumb Code    12  app_cli.o(.text.cli_setem)
    cli_setextatten                          0x00005de9   Thumb Code    32  app_cli.o(.text.cli_setextatten)
    cli_setpactune                           0x00005e35   Thumb Code    60  app_cli.o(.text.cli_setpactune)
    cli_setpower                             0x00005ea9   Thumb Code    44  app_cli.o(.text.cli_setpower)
    cli_setpowerlevel                        0x00005f09   Thumb Code    32  app_cli.o(.text.cli_setpowerlevel)
    cli_setrflevel                           0x00005f65   Thumb Code    48  app_cli.o(.text.cli_setrflevel)
    cli_setrssioffset                        0x00005fc9   Thumb Code    52  app_cli.o(.text.cli_setrssioffset)
    cli_startber                             0x0000603d   Thumb Code    12  app_cli.o(.text.cli_startber)
    cli_startpir                             0x00006065   Thumb Code   160  app_cli.o(.text.cli_startpir)
    cli_startrxcount                         0x00006179   Thumb Code    12  app_cli.o(.text.cli_startrxcount)
    cli_stopber                              0x000061a5   Thumb Code    12  app_cli.o(.text.cli_stopber)
    cli_stoprxcount                          0x000061cd   Thumb Code    12  app_cli.o(.text.cli_stoprxcount)
    cli_storectune                           0x000061f9   Thumb Code    12  app_cli.o(.text.cli_storectune)
    cli_storepactune                         0x00006225   Thumb Code    12  app_cli.o(.text.cli_storepactune)
    cli_txstream                             0x00006251   Thumb Code   140  app_cli.o(.text.cli_txstream)
    cli_writeram                             0x00006321   Thumb Code    32  app_cli.o(.text.cli_writeram)
    initADC                                  0x000066cd   Thumb Code   184  adc.o(.text.initADC)
    initLETIMER                              0x00006785   Thumb Code   160  adc.o(.text.initLETIMER)
    init_i2c                                 0x00006825   Thumb Code   154  myi2c.o(.text.init_i2c)
    init_peripherals                         0x000068c1   Thumb Code    60  main.o(.text.init_peripherals)
    init_radio                               0x0000691d   Thumb Code  1044  radio_proc.o(.text.init_radio)
    led0_off                                 0x00006d31   Thumb Code     8  leds.o(.text.led0_off)
    led0_on                                  0x00006d39   Thumb Code     8  leds.o(.text.led0_on)
    leds_init                                0x00006d41   Thumb Code    16  leds.o(.text.leds_init)
    main                                     0x00006f3d   Thumb Code   108  main.o(.text.main)
    print_light_data                         0x00007001   Thumb Code    96  app_cli.o(.text.print_light_data)
    process_cli                              0x000071f1   Thumb Code    46  app_cli.o(.text.process_cli)
    setupPnForTest                           0x0000729d   Thumb Code    68  rf_test.o(.text.setupPnForTest)
    sfh7771_Data_2                           0x000072e1   Thumb Code    62  sfh7771.o(.text.sfh7771_Data_2)
    sfh7771_Read_Register                    0x00007321   Thumb Code    56  sfh7771.o(.text.sfh7771_Read_Register)
    sfh7771_SensorStart                      0x00007359   Thumb Code   122  sfh7771.o(.text.sfh7771_SensorStart)
    sfh7771_Standby                          0x000073d5   Thumb Code    30  sfh7771.o(.text.sfh7771_Standby)
    sfh7771_Write_Register                   0x000073f5   Thumb Code    56  sfh7771.o(.text.sfh7771_Write_Register)
    stdout_putchar                           0x0000742d   Thumb Code    14  retargetserial.o(.text.stdout_putchar)
    strtok_r                                 0x0000743d   Thumb Code    60  command_interpreter.o(.text.strtok_r)
    switch_to_DVDD                           0x00007479   Thumb Code    54  adc.o(.text.switch_to_DVDD)
    switch_to_PIR                            0x000074b1   Thumb Code    56  adc.o(.text.switch_to_PIR)
    switch_to_VCC                            0x000074e9   Thumb Code    56  adc.o(.text.switch_to_VCC)
    switch_to_ref                            0x00007521   Thumb Code    56  adc.o(.text.switch_to_ref)
    switch_to_temp                           0x00007559   Thumb Code    56  adc.o(.text.switch_to_temp)
    _btod_d2e                                0x000077f1   Thumb Code    62  btod.o(CL$$btod_d2e)
    _d2e_denorm_low                          0x0000782f   Thumb Code    70  btod.o(CL$$btod_d2e_denorm_low)
    _d2e_norm_op1                            0x00007875   Thumb Code    96  btod.o(CL$$btod_d2e_norm_op1)
    __btod_div_common                        0x000078d5   Thumb Code   696  btod.o(CL$$btod_div_common)
    _e2e                                     0x00007c0d   Thumb Code   220  btod.o(CL$$btod_e2e)
    _btod_ediv                               0x00007ce9   Thumb Code    42  btod.o(CL$$btod_ediv)
    _btod_emul                               0x00007d13   Thumb Code    42  btod.o(CL$$btod_emul)
    __btod_mult_common                       0x00007d3d   Thumb Code   580  btod.o(CL$$btod_mult_common)
    __ARM_fpclassify                         0x00007f81   Thumb Code    48  fpclassify.o(i.__ARM_fpclassify)
    _is_digit                                0x00007fb1   Thumb Code    14  __printf_wp.o(i._is_digit)
    fputc                                    0x00007fbf   Thumb Code    26  fputc.o(i.fputc)
    _get_lc_ctype                            0x00007fd9   Thumb Code    44  lc_ctype_c.o(locale$$code)
    _get_lc_numeric                          0x00008005   Thumb Code    44  lc_numeric_c.o(locale$$code)
    __fpl_dretinf                            0x00008031   Thumb Code    12  dretinf.o(x$fpl$dretinf)
    __aeabi_f2d                              0x0000803d   Thumb Code     0  f2d.o(x$fpl$f2d)
    _f2d                                     0x0000803d   Thumb Code    86  f2d.o(x$fpl$f2d)
    __fpl_fnaninf                            0x00008093   Thumb Code   140  fnaninf.o(x$fpl$fnaninf)
    _fp_init                                 0x0000811f   Thumb Code    26  fpinit.o(x$fpl$fpinit)
    __fplib_config_fpu_vfp                   0x00008137   Thumb Code     0  fpinit.o(x$fpl$fpinit)
    __fplib_config_pureend_doubles           0x00008137   Thumb Code     0  fpinit.o(x$fpl$fpinit)
    _printf_fp_dec                           0x00008139   Thumb Code     4  printf1.o(x$fpl$printf1)
    __I$use$fp                               0x0000813c   Number         0  usenofp.o(x$fpl$usenofp)
    __stderr_name                            0x00008214   Data           8  retarget_io.o(.rodata.__stderr_name)
    __stdin_name                             0x0000821c   Data           7  retarget_io.o(.rodata.__stdin_name)
    __stdout_name                            0x00008223   Data           8  retarget_io.o(.rodata.__stdout_name)
    generated_phyInfo                        0x00008250   Data           8  radio_proc.o(.rodata.generated_phyInfo)
    nibblebits                               0x00008258   Data          33  nibblebits.o(.rodata.nibblebits)
    Region$$Table$$Base                      0x00008900   Number         0  anon$$obj.o(Region$$Table)
    Region$$Table$$Limit                     0x00008920   Number         0  anon$$obj.o(Region$$Table)
    __ctype                                  0x0000892d   Data           0  lc_ctype_c.o(locale$$data)
    __aeabi_stdin                            0x20000000   Data           4  stdio_streams.o(.data)
    __aeabi_stdout                           0x20000004   Data           4  stdio_streams.o(.data)
    __aeabi_stderr                           0x20000008   Data           4  stdio_streams.o(.data)
    ADCphase                                 0x2000000c   Data           1  adc.o(.data.ADCphase)
    SystemCoreClock                          0x20000010   Data           4  system_efr32fg1v.o(.data.SystemCoreClock)
    SystemHfrcoFreq                          0x20000018   Data           4  system_efr32fg1v.o(.data.SystemHfrcoFreq)
    Temp                                     0x20000020   Data           4  adc.o(.data.Temp)
    commands                                 0x20000028   Data         816  app_cli.o(.data.commands)
    genericSeqProg                           0x20000358   Data        3041  generic_seq.o(.data.genericSeqProg)
    init                                     0x20000f39   Data           6  adc.o(.data.init)
    initSingle                               0x20000f3f   Data          12  adc.o(.data.initSingle)
    paParams                                 0x20000f4b   Data         273  pa.o(.data.paParams)
    piron                                    0x2000105c   Data           1  sfh7771.o(.data.piron)
    power0dBmParams                          0x2000105d   Data          10  pa.o(.data.power0dBmParams)
    __stdin                                  0x20001068   Data          84  stdio_streams.o(.bss)
    __stdout                                 0x200010bc   Data          84  stdio_streams.o(.bss)
    __stderr                                 0x20001110   Data          84  stdio_streams.o(.bss)
    __libspace_start                         0x20001164   Data          96  libspace.o(.bss)
    __temporary_stack_top$libspace           0x200011c4   Data           0  libspace.o(.bss)
    Dvdd                                     0x200011c8   Data           4  adc.o(.bss.Dvdd)
    INT_LockCnt                              0x200011cc   Data           4  em_int.o(.bss.INT_LockCnt)
    PIR_on                                   0x200011d1   Data           1  adc.o(.bss.PIR_on)
    PIRcount                                 0x200011d2   Data           2  adc.o(.bss.PIRcount)
    RADIO_rxBuffer                           0x200011d4   Data          64  radio_proc.o(.bss.RADIO_rxBuffer)
    RADIO_rxLengthBuffer                     0x20001214   Data          64  radio_proc.o(.bss.RADIO_rxLengthBuffer)
    RADIO_txBuffer                           0x20001254   Data          64  radio_proc.o(.bss.RADIO_txBuffer)
    Vcc                                      0x20001298   Data           4  adc.o(.bss.Vcc)
    Vref                                     0x2000129c   Data           4  adc.o(.bss.Vref)
    adcbuffer                                0x200012a0   Data        1024  adc.o(.bss.adcbuffer)
    apcEnabled                               0x200016a0   Data           1  pa.o(.bss.apcEnabled)
    ciBuffer                                 0x200016ac   Data         256  app_cli.o(.bss.ciBuffer)
    currChSpacing                            0x200017ac   Data           4  synth.o(.bss.currChSpacing)
    currIfFrequency                          0x200017b0   Data           4  synth.o(.bss.currIfFrequency)
    currRfFrequency                          0x200017b4   Data           4  synth.o(.bss.currRfFrequency)
    dcdcRetimeClkTarget                      0x200017bc   Data           4  synth.o(.bss.dcdcRetimeClkTarget)
    gPaConfig                                0x200017f4   Data          16  pa.o(.bss.gPaConfig)
    peakDetectorOldSlices                    0x2000182c   Data           4  pa.o(.bss.peakDetectorOldSlices)
    printmode                                0x20001830   Data           1  app_cli.o(.bss.printmode)
    rfparamsfbuffer                          0x20001834   Data          80  rf_test.o(.bss.rfparamsfbuffer)
    rxWarmTimeUs                             0x2000198c   Data           4  radio.o(.bss.rxWarmTimeUs)
    sample                                   0x20001994   Data           4  adc.o(.bss.sample)
    state                                    0x20001998   Data          20  app_cli.o(.bss.state)
    testModeRegisterState                    0x20001a10   Data           1  rf_test.o(.bss.testModeRegisterState)
    vcoGainPte                               0x20001a11   Data           1  synth.o(.bss.vcoGainPte)



==============================================================================

Memory Map of the image

  Image Entry point : 0x000000c9

  Load Region LR_IROM1 (Base: 0x00000000, Size: 0x00009ab8, Max: 0x00020000, ABSOLUTE, COMPRESSED[0x000096e0])

    Execution Region ER_IROM1 (Exec base: 0x00000000, Load base: 0x00000000, Size: 0x00008a4c, Max: 0x00020000, ABSOLUTE)

    Exec Addr    Load Addr    Size         Type   Attr      Idx    E Section Name        Object

    0x00000000   0x00000000   0x000000c8   Data   RO          982    RESET               startup_efr32fg1v.o
    0x000000c8   0x000000c8   0x00000008   Code   RO         2199  * !!!main             c_w.l(__main.o)
    0x000000d0   0x000000d0   0x00000034   Code   RO         2618    !!!scatter          c_w.l(__scatter.o)
    0x00000104   0x00000104   0x0000005a   Code   RO         2616    !!dczerorl2         c_w.l(__dczerorl2.o)
    0x0000015e   0x0000015e   0x00000002   PAD
    0x00000160   0x00000160   0x0000001c   Code   RO         2620    !!handler_zi        c_w.l(__scatter_zi.o)
    0x0000017c   0x0000017c   0x00000000   Code   RO         2157    .ARM.Collect$$_printf_percent$$00000000  c_w.l(_printf_percent.o)
    0x0000017c   0x0000017c   0x00000006   Code   RO         2156    .ARM.Collect$$_printf_percent$$00000003  c_w.l(_printf_f.o)
    0x00000182   0x00000182   0x0000000a   Code   RO         2228    .ARM.Collect$$_printf_percent$$00000007  c_w.l(_printf_ll.o)
    0x0000018c   0x0000018c   0x00000006   Code   RO         2155    .ARM.Collect$$_printf_percent$$00000009  c_w.l(_printf_d.o)
    0x00000192   0x00000192   0x00000006   Code   RO         2154    .ARM.Collect$$_printf_percent$$0000000C  c_w.l(_printf_x.o)
    0x00000198   0x00000198   0x00000006   Code   RO         2158    .ARM.Collect$$_printf_percent$$00000011  c_w.l(_printf_llx.o)
    0x0000019e   0x0000019e   0x00000006   Code   RO         2153    .ARM.Collect$$_printf_percent$$00000014  c_w.l(_printf_s.o)
    0x000001a4   0x000001a4   0x00000004   Code   RO         2227    .ARM.Collect$$_printf_percent$$00000017  c_w.l(_printf_percent_end.o)
    0x000001a8   0x000001a8   0x00000002   Code   RO         2519    .ARM.Collect$$libinit$$00000000  c_w.l(libinit.o)
    0x000001aa   0x000001aa   0x00000004   Code   RO         2388    .ARM.Collect$$libinit$$00000001  c_w.l(libinit2.o)
    0x000001ae   0x000001ae   0x00000000   Code   RO         2391    .ARM.Collect$$libinit$$00000004  c_w.l(libinit2.o)
    0x000001ae   0x000001ae   0x00000008   Code   RO         2392    .ARM.Collect$$libinit$$00000005  c_w.l(libinit2.o)
    0x000001b6   0x000001b6   0x00000000   Code   RO         2394    .ARM.Collect$$libinit$$0000000A  c_w.l(libinit2.o)
    0x000001b6   0x000001b6   0x00000000   Code   RO         2396    .ARM.Collect$$libinit$$0000000C  c_w.l(libinit2.o)
    0x000001b6   0x000001b6   0x00000000   Code   RO         2398    .ARM.Collect$$libinit$$0000000E  c_w.l(libinit2.o)
    0x000001b6   0x000001b6   0x00000006   Code   RO         2399    .ARM.Collect$$libinit$$0000000F  c_w.l(libinit2.o)
    0x000001bc   0x000001bc   0x00000000   Code   RO         2401    .ARM.Collect$$libinit$$00000011  c_w.l(libinit2.o)
    0x000001bc   0x000001bc   0x0000000c   Code   RO         2402    .ARM.Collect$$libinit$$00000012  c_w.l(libinit2.o)
    0x000001c8   0x000001c8   0x00000000   Code   RO         2403    .ARM.Collect$$libinit$$00000013  c_w.l(libinit2.o)
    0x000001c8   0x000001c8   0x00000000   Code   RO         2405    .ARM.Collect$$libinit$$00000015  c_w.l(libinit2.o)
    0x000001c8   0x000001c8   0x0000000a   Code   RO         2406    .ARM.Collect$$libinit$$00000016  c_w.l(libinit2.o)
    0x000001d2   0x000001d2   0x00000000   Code   RO         2407    .ARM.Collect$$libinit$$00000017  c_w.l(libinit2.o)
    0x000001d2   0x000001d2   0x00000000   Code   RO         2409    .ARM.Collect$$libinit$$00000019  c_w.l(libinit2.o)
    0x000001d2   0x000001d2   0x00000000   Code   RO         2411    .ARM.Collect$$libinit$$0000001B  c_w.l(libinit2.o)
    0x000001d2   0x000001d2   0x00000000   Code   RO         2413    .ARM.Collect$$libinit$$0000001D  c_w.l(libinit2.o)
    0x000001d2   0x000001d2   0x00000000   Code   RO         2415    .ARM.Collect$$libinit$$0000001F  c_w.l(libinit2.o)
    0x000001d2   0x000001d2   0x00000000   Code   RO         2417    .ARM.Collect$$libinit$$00000021  c_w.l(libinit2.o)
    0x000001d2   0x000001d2   0x00000000   Code   RO         2419    .ARM.Collect$$libinit$$00000023  c_w.l(libinit2.o)
    0x000001d2   0x000001d2   0x00000004   Code   RO         2420    .ARM.Collect$$libinit$$00000024  c_w.l(libinit2.o)
    0x000001d6   0x000001d6   0x00000000   Code   RO         2421    .ARM.Collect$$libinit$$00000025  c_w.l(libinit2.o)
    0x000001d6   0x000001d6   0x00000000   Code   RO         2425    .ARM.Collect$$libinit$$0000002C  c_w.l(libinit2.o)
    0x000001d6   0x000001d6   0x00000000   Code   RO         2427    .ARM.Collect$$libinit$$0000002E  c_w.l(libinit2.o)
    0x000001d6   0x000001d6   0x00000000   Code   RO         2429    .ARM.Collect$$libinit$$00000030  c_w.l(libinit2.o)
    0x000001d6   0x000001d6   0x00000000   Code   RO         2431    .ARM.Collect$$libinit$$00000032  c_w.l(libinit2.o)
    0x000001d6   0x000001d6   0x00000002   Code   RO         2432    .ARM.Collect$$libinit$$00000033  c_w.l(libinit2.o)
    0x000001d8   0x000001d8   0x00000002   Code   RO         2613    .ARM.Collect$$libshutdown$$00000000  c_w.l(libshutdown.o)
    0x000001da   0x000001da   0x00000000   Code   RO         2434    .ARM.Collect$$libshutdown$$00000002  c_w.l(libshutdown2.o)
    0x000001da   0x000001da   0x00000004   Code   RO         2435    .ARM.Collect$$libshutdown$$00000003  c_w.l(libshutdown2.o)
    0x000001de   0x000001de   0x00000000   Code   RO         2436    .ARM.Collect$$libshutdown$$00000004  c_w.l(libshutdown2.o)
    0x000001de   0x000001de   0x00000000   Code   RO         2439    .ARM.Collect$$libshutdown$$00000007  c_w.l(libshutdown2.o)
    0x000001de   0x000001de   0x00000000   Code   RO         2442    .ARM.Collect$$libshutdown$$0000000A  c_w.l(libshutdown2.o)
    0x000001de   0x000001de   0x00000000   Code   RO         2444    .ARM.Collect$$libshutdown$$0000000C  c_w.l(libshutdown2.o)
    0x000001de   0x000001de   0x00000000   Code   RO         2447    .ARM.Collect$$libshutdown$$0000000F  c_w.l(libshutdown2.o)
    0x000001de   0x000001de   0x00000002   Code   RO         2448    .ARM.Collect$$libshutdown$$00000010  c_w.l(libshutdown2.o)
    0x000001e0   0x000001e0   0x00000000   Code   RO         2208    .ARM.Collect$$rtentry$$00000000  c_w.l(__rtentry.o)
    0x000001e0   0x000001e0   0x00000000   Code   RO         2253    .ARM.Collect$$rtentry$$00000002  c_w.l(__rtentry2.o)
    0x000001e0   0x000001e0   0x00000006   Code   RO         2265    .ARM.Collect$$rtentry$$00000004  c_w.l(__rtentry4.o)
    0x000001e6   0x000001e6   0x00000000   Code   RO         2255    .ARM.Collect$$rtentry$$00000009  c_w.l(__rtentry2.o)
    0x000001e6   0x000001e6   0x00000004   Code   RO         2256    .ARM.Collect$$rtentry$$0000000A  c_w.l(__rtentry2.o)
    0x000001ea   0x000001ea   0x00000000   Code   RO         2258    .ARM.Collect$$rtentry$$0000000C  c_w.l(__rtentry2.o)
    0x000001ea   0x000001ea   0x00000008   Code   RO         2259    .ARM.Collect$$rtentry$$0000000D  c_w.l(__rtentry2.o)
    0x000001f2   0x000001f2   0x00000002   Code   RO         2526    .ARM.Collect$$rtexit$$00000000  c_w.l(rtexit.o)
    0x000001f4   0x000001f4   0x00000000   Code   RO         2581    .ARM.Collect$$rtexit$$00000002  c_w.l(rtexit2.o)
    0x000001f4   0x000001f4   0x00000004   Code   RO         2582    .ARM.Collect$$rtexit$$00000003  c_w.l(rtexit2.o)
    0x000001f8   0x000001f8   0x00000006   Code   RO         2583    .ARM.Collect$$rtexit$$00000004  c_w.l(rtexit2.o)
    0x000001fe   0x000001fe   0x00000002   PAD
    0x00000200   0x00000200   0x00000040   Code   RO          983    .text               startup_efr32fg1v.o
    0x00000240   0x00000240   0x00000008   Code   RO         2096    .text               c_w.l(rt_errno_addr_intlibspace.o)
    0x00000248   0x00000248   0x000000f0   Code   RO         2098    .text               c_w.l(lludivv7m.o)
    0x00000338   0x00000338   0x00000018   Code   RO         2102    .text               c_w.l(noretval__2printf.o)
    0x00000350   0x00000350   0x0000004e   Code   RO         2106    .text               c_w.l(_printf_pad.o)
    0x0000039e   0x0000039e   0x00000052   Code   RO         2108    .text               c_w.l(_printf_str.o)
    0x000003f0   0x000003f0   0x00000078   Code   RO         2110    .text               c_w.l(_printf_dec.o)
    0x00000468   0x00000468   0x0000007c   Code   RO         2118    .text               c_w.l(_printf_hex_int_ll.o)
    0x000004e4   0x000004e4   0x00000160   Code   RO         2148    .text               c_w.l(__printf_ss_wp.o)
    0x00000644   0x00000644   0x00000070   Code   RO         2159    .text               c_w.l(strtol.o)
    0x000006b4   0x000006b4   0x00000072   Code   RO         2161    .text               c_w.l(strtoul.o)
    0x00000726   0x00000726   0x00000002   PAD
    0x00000728   0x00000728   0x0000000c   Code   RO         2163    .text               c_w.l(putchar.o)
    0x00000734   0x00000734   0x0000002c   Code   RO         2165    .text               c_w.l(puts.o)
    0x00000760   0x00000760   0x00000046   Code   RO         2167    .text               c_w.l(setvbuf.o)
    0x000007a6   0x000007a6   0x00000014   Code   RO         2177    .text               c_w.l(strchr.o)
    0x000007ba   0x000007ba   0x00000020   Code   RO         2179    .text               c_w.l(strcspn.o)
    0x000007da   0x000007da   0x0000001c   Code   RO         2181    .text               c_w.l(strspn.o)
    0x000007f6   0x000007f6   0x0000002a   Code   RO         2183    .text               c_w.l(strcasecmp.o)
    0x00000820   0x00000820   0x0000003e   Code   RO         2185    .text               c_w.l(strlen.o)
    0x0000085e   0x0000085e   0x0000008a   Code   RO         2187    .text               c_w.l(rt_memcpy_v6.o)
    0x000008e8   0x000008e8   0x00000084   Code   RO         2189    .text               c_w.l(rt_memmove_v6.o)
    0x0000096c   0x0000096c   0x0000004e   Code   RO         2193    .text               c_w.l(rt_memclr_w.o)
    0x000009ba   0x000009ba   0x00000006   PAD
    0x000009c0   0x000009c0   0x0000007c   Code   RO         2195    .text               c_w.l(strcmpv7em.o)
    0x00000a3c   0x00000a3c   0x00000006   Code   RO         2197    .text               c_w.l(heapauxi.o)
    0x00000a42   0x00000a42   0x00000002   PAD
    0x00000a44   0x00000a44   0x00000008   Code   RO         2205    .text               c_w.l(libspace.o)
    0x00000a4c   0x00000a4c   0x00000010   Code   RO         2209    .text               c_w.l(rt_ctype_table.o)
    0x00000a5c   0x00000a5c   0x0000001a   Code   RO         2215    .text               c_w.l(tolower.o)
    0x00000a76   0x00000a76   0x000000b2   Code   RO         2217    .text               c_w.l(_printf_intcommon.o)
    0x00000b28   0x00000b28   0x0000041c   Code   RO         2219    .text               c_w.l(_printf_fp_dec.o)
    0x00000f44   0x00000f44   0x0000002c   Code   RO         2223    .text               c_w.l(_printf_char.o)
    0x00000f70   0x00000f70   0x00000024   Code   RO         2225    .text               c_w.l(_printf_char_file.o)
    0x00000f94   0x00000f94   0x0000009e   Code   RO         2229    .text               c_w.l(_strtoul.o)
    0x00001032   0x00001032   0x00000002   PAD
    0x00001034   0x00001034   0x00000138   Code   RO         2235    .text               c_w.l(initio.o)
    0x0000116c   0x0000116c   0x00000064   Code   RO         2241    .text               c_w.l(rt_memcpy_w.o)
    0x000011d0   0x000011d0   0x0000007a   Code   RO         2243    .text               c_w.l(rt_memmove_w.o)
    0x0000124a   0x0000124a   0x00000002   PAD
    0x0000124c   0x0000124c   0x00000008   Code   RO         2272    .text               c_w.l(rt_locale_intlibspace.o)
    0x00001254   0x00001254   0x0000004e   Code   RO         2276    .text               c_w.l(h1_free.o)
    0x000012a2   0x000012a2   0x0000008a   Code   RO         2330    .text               c_w.l(lludiv10.o)
    0x0000132c   0x0000132c   0x00000030   Code   RO         2332    .text               c_w.l(_printf_char_common.o)
    0x0000135c   0x0000135c   0x00000080   Code   RO         2334    .text               c_w.l(_printf_fp_infnan.o)
    0x000013dc   0x000013dc   0x0000001c   Code   RO         2336    .text               c_w.l(_chval.o)
    0x000013f8   0x000013f8   0x000000e4   Code   RO         2338    .text               c_w.l(bigflt0.o)
    0x000014dc   0x000014dc   0x00000008   Code   RO         2365    .text               c_w.l(ferror.o)
    0x000014e4   0x000014e4   0x000001d6   Code   RO         2367    .text               c_w.l(flsbuf.o)
    0x000016ba   0x000016ba   0x00000002   PAD
    0x000016bc   0x000016bc   0x000000f0   Code   RO         2370    .text               c_w.l(fopen.o)
    0x000017ac   0x000017ac   0x0000004c   Code   RO         2372    .text               c_w.l(fclose.o)
    0x000017f8   0x000017f8   0x0000000e   Code   RO         2384    .text               c_w.l(defsig_rtred_outer.o)
    0x00001806   0x00001806   0x0000004a   Code   RO         2455    .text               c_w.l(sys_stackheap_outer.o)
    0x00001850   0x00001850   0x00000008   Code   RO         2462    .text               c_w.l(rt_heap_descriptor_intlibspace.o)
    0x00001858   0x00001858   0x00000004   Code   RO         2464    .text               c_w.l(hguard.o)
    0x0000185c   0x0000185c   0x0000008a   Code   RO         2466    .text               c_w.l(init_alloc.o)
    0x000018e6   0x000018e6   0x0000005e   Code   RO         2472    .text               c_w.l(h1_alloc.o)
    0x00001944   0x00001944   0x000000f8   Code   RO         2490    .text               c_w.l(fseek.o)
    0x00001a3c   0x00001a3c   0x000000f0   Code   RO         2492    .text               c_w.l(stdio.o)
    0x00001b2c   0x00001b2c   0x00000012   Code   RO         2500    .text               c_w.l(exit.o)
    0x00001b3e   0x00001b3e   0x0000000a   Code   RO         2502    .text               c_w.l(defsig_exit.o)
    0x00001b48   0x00001b48   0x00000034   Code   RO         2508    .text               c_w.l(defsig_rtred_inner.o)
    0x00001b7c   0x00001b7c   0x0000000c   Code   RO         2522    .text               c_w.l(sys_exit.o)
    0x00001b88   0x00001b88   0x00000000   Code   RO         2528    .text               c_w.l(maybetermalloc1.o)
    0x00001b88   0x00001b88   0x0000000e   Code   RO         2530    .text               c_w.l(h1_init.o)
    0x00001b96   0x00001b96   0x00000034   Code   RO         2532    .text               c_w.l(h1_extend.o)
    0x00001bca   0x00001bca   0x00000042   Code   RO         2544    .text               c_w.l(ftell.o)
    0x00001c0c   0x00001c0c   0x00000032   Code   RO         2552    .text               c_w.l(defsig_general.o)
    0x00001c3e   0x00001c3e   0x0000000e   Code   RO         2556    .text               c_w.l(defsig_rtmem_outer.o)
    0x00001c4c   0x00001c4c   0x0000000e   Code   RO         2569    .text               c_w.l(sys_wrch.o)
    0x00001c5a   0x00001c5a   0x00000002   Code   RO         2577    .text               c_w.l(use_no_semi.o)
    0x00001c5c   0x00001c5c   0x00000000   Code   RO         2579    .text               c_w.l(indicate_semi.o)
    0x00001c5c   0x00001c5c   0x00000050   Code   RO         2591    .text               c_w.l(defsig_rtmem_inner.o)
    0x00001cac   0x00001cac   0x000001a0   Code   RO          308    .text.ADC0_IRQHandler  adc.o
    0x00001e4c   0x00001e4c   0x0000000c   Code   RO          310    .text.ADC_DataSingleGet  adc.o
    0x00001e58   0x00001e58   0x000000a2   Code   RO          796    .text.ADC_Init      em_adc.o
    0x00001efa   0x00001efa   0x00000002   PAD
    0x00001efc   0x00001efc   0x000000cc   Code   RO          816    .text.ADC_InitSingle  em_adc.o
    0x00001fc8   0x00001fc8   0x00000008   Code   RO          802    .text.ADC_IntClear  em_adc.o
    0x00001fd0   0x00001fd0   0x00000012   Code   RO          300    .text.ADC_IntEnable  adc.o
    0x00001fe2   0x00001fe2   0x00000002   PAD
    0x00001fe4   0x00001fe4   0x000000fa   Code   RO          812    .text.ADC_LoadDevinfoCal  em_adc.o
    0x000020de   0x000020de   0x00000002   PAD
    0x000020e0   0x000020e0   0x00000046   Code   RO          798    .text.ADC_PrescaleCalc  em_adc.o
    0x00002126   0x00002126   0x00000002   PAD
    0x00002128   0x00002128   0x00000066   Code   RO          820    .text.ADC_Reset     em_adc.o
    0x0000218e   0x0000218e   0x00000002   PAD
    0x00002190   0x00002190   0x0000000e   Code   RO          306    .text.ADC_Start     adc.o
    0x0000219e   0x0000219e   0x00000002   PAD
    0x000021a0   0x000021a0   0x0000003c   Code   RO          822    .text.ADC_TimebaseCalc  em_adc.o
    0x000021dc   0x000021dc   0x00000002   Code   RO         1502    .text.AGC_IRQHandler  radio.o
    0x000021de   0x000021de   0x00000002   PAD
    0x000021e0   0x000021e0   0x00000002   Code   RO         1506    .text.BUFC_IRQHandler  radio.o
    0x000021e2   0x000021e2   0x00000002   PAD
    0x000021e4   0x000021e4   0x0000000e   Code   RO          399    .text.BUS_RegBitRead  em_cmu.o
    0x000021f2   0x000021f2   0x00000002   PAD
    0x000021f4   0x000021f4   0x0000000e   Code   RO          579    .text.BUS_RegBitRead  em_emu.o
    0x00002202   0x00002202   0x00000002   PAD
    0x00002204   0x00002204   0x0000000e   Code   RO           10    .text.BUS_RegBitWrite  main.o
    0x00002212   0x00002212   0x00000002   PAD
    0x00002214   0x00002214   0x0000000e   Code   RO          419    .text.BUS_RegBitWrite  em_cmu.o
    0x00002222   0x00002222   0x00000002   PAD
    0x00002224   0x00002224   0x0000000e   Code   RO          531    .text.BUS_RegBitWrite  em_emu.o
    0x00002232   0x00002232   0x00000002   PAD
    0x00002234   0x00002234   0x0000000e   Code   RO          764    .text.BUS_RegBitWrite  em_i2c.o
    0x00002242   0x00002242   0x00000002   PAD
    0x00002244   0x00002244   0x0000000e   Code   RO          814    .text.BUS_RegBitWrite  em_adc.o
    0x00002252   0x00002252   0x00000002   PAD
    0x00002254   0x00002254   0x0000000e   Code   RO          251    .text.BUS_RegMaskedClear  myi2c.o
    0x00002262   0x00002262   0x00000002   PAD
    0x00002264   0x00002264   0x00000010   Code   RO          359    .text.BUS_RegMaskedClear  leds.o
    0x00002274   0x00002274   0x00000008   Code   RO          652    .text.BUS_RegMaskedClear  em_gpio.o
    0x0000227c   0x0000227c   0x0000000c   Code   RO          778    .text.BUS_RegMaskedClear  em_i2c.o
    0x00002288   0x00002288   0x0000000a   Code   RO          824    .text.BUS_RegMaskedClear  em_adc.o
    0x00002292   0x00002292   0x00000002   PAD
    0x00002294   0x00002294   0x00000008   Code   RO         1042    .text.BUS_RegMaskedClear  generic_phy.o
    0x0000229c   0x0000229c   0x00000008   Code   RO         1194    .text.BUS_RegMaskedClear  pa.o
    0x000022a4   0x000022a4   0x00000008   Code   RO         1885    .text.BUS_RegMaskedClear  rf_test.o
    0x000022ac   0x000022ac   0x00000008   Code   RO         1994    .text.BUS_RegMaskedClear  synth.o
    0x000022b4   0x000022b4   0x0000000e   Code   RO          249    .text.BUS_RegMaskedSet  myi2c.o
    0x000022c2   0x000022c2   0x00000002   PAD
    0x000022c4   0x000022c4   0x00000010   Code   RO          357    .text.BUS_RegMaskedSet  leds.o
    0x000022d4   0x000022d4   0x00000008   Code   RO          654    .text.BUS_RegMaskedSet  em_gpio.o
    0x000022dc   0x000022dc   0x00000008   Code   RO          780    .text.BUS_RegMaskedSet  em_i2c.o
    0x000022e4   0x000022e4   0x00000008   Code   RO          826    .text.BUS_RegMaskedSet  em_adc.o
    0x000022ec   0x000022ec   0x00000008   Code   RO         1036    .text.BUS_RegMaskedSet  generic_phy.o
    0x000022f4   0x000022f4   0x00000008   Code   RO         1202    .text.BUS_RegMaskedSet  pa.o
    0x000022fc   0x000022fc   0x00000008   Code   RO         1881    .text.BUS_RegMaskedSet  rf_test.o
    0x00002304   0x00002304   0x00000014   Code   RO          760    .text.BUS_RegMaskedWrite  em_i2c.o
    0x00002318   0x00002318   0x00000014   Code   RO          800    .text.BUS_RegMaskedWrite  em_adc.o
    0x0000232c   0x0000232c   0x00000078   Code   RO            4    .text.CHIP_Init     main.o
    0x000023a4   0x000023a4   0x0000000c   Code   RO          393    .text.CMU_AUXHFRCOBandGet  em_cmu.o
    0x000023b0   0x000023b0   0x0000006e   Code   RO          395    .text.CMU_AUXHFRCOBandSet  em_cmu.o
    0x0000241e   0x0000241e   0x00000002   PAD
    0x00002420   0x00002420   0x0000010a   Code   RO          397    .text.CMU_AUXHFRCODevinfoGet  em_cmu.o
    0x0000252a   0x0000252a   0x00000002   PAD
    0x0000252c   0x0000252c   0x00000010   Code   RO          298    .text.CMU_AUXHFRCOFreqSet  adc.o
    0x0000253c   0x0000253c   0x0000000a   Code   RO          407    .text.CMU_ClockDivGet  em_cmu.o
    0x00002546   0x00002546   0x00000002   PAD
    0x00002548   0x00002548   0x00000070   Code   RO          415    .text.CMU_ClockEnable  em_cmu.o
    0x000025b8   0x000025b8   0x0000011e   Code   RO          421    .text.CMU_ClockFreqGet  em_cmu.o
    0x000026d6   0x000026d6   0x00000002   PAD
    0x000026d8   0x000026d8   0x000000d2   Code   RO          409    .text.CMU_ClockPrescGet  em_cmu.o
    0x000027aa   0x000027aa   0x00000002   PAD
    0x000027ac   0x000027ac   0x000000da   Code   RO          441    .text.CMU_ClockSelectGet  em_cmu.o
    0x00002886   0x00002886   0x00000002   PAD
    0x00002888   0x00002888   0x00000146   Code   RO          443    .text.CMU_ClockSelectSet  em_cmu.o
    0x000029ce   0x000029ce   0x00000002   PAD
    0x000029d0   0x000029d0   0x00000140   Code   RO          445    .text.CMU_OscillatorEnable  em_cmu.o
    0x00002b10   0x00002b10   0x00000054   Code   RO          479    .text.CMU_OscillatorTuningGet  em_cmu.o
    0x00002b64   0x00002b64   0x00000028   Code   RO          475    .text.CMU_OscillatorTuningOptimize  em_cmu.o
    0x00002b8c   0x00002b8c   0x000000c0   Code   RO          481    .text.CMU_OscillatorTuningSet  em_cmu.o
    0x00002c4c   0x00002c4c   0x00000046   Code   RO          477    .text.CMU_OscillatorTuningWait  em_cmu.o
    0x00002c92   0x00002c92   0x00000002   PAD
    0x00002c94   0x00002c94   0x0000001e   Code   RO          389    .text.CMU_UpdateWaitStates  em_cmu.o
    0x00002cb2   0x00002cb2   0x00000002   PAD
    0x00002cb4   0x00002cb4   0x000000b0   Code   RO          561    .text.EMU_DCDCInit  em_emu.o
    0x00002d64   0x00002d64   0x00000030   Code   RO          557    .text.EMU_DCDCLnRcoBandSet  em_emu.o
    0x00002d94   0x00002d94   0x00000094   Code   RO          527    .text.EMU_DCDCModeSet  em_emu.o
    0x00002e28   0x00002e28   0x0000007a   Code   RO          559    .text.EMU_DCDCOptimizeSlice  em_emu.o
    0x00002ea2   0x00002ea2   0x00000002   PAD
    0x00002ea4   0x00002ea4   0x00000134   Code   RO          571    .text.EMU_DCDCOutputVoltageSet  em_emu.o
    0x00002fd8   0x00002fd8   0x00000008   Code   RO          874    .text.EMU_IRQHandler  tempdrv.o
    0x00002fe0   0x00002fe0   0x0000000c   Code   RO          882    .text.EMU_IntClear  tempdrv.o
    0x00002fec   0x00002fec   0x00000012   Code   RO          920    .text.EMU_IntDisable  tempdrv.o
    0x00002ffe   0x00002ffe   0x00000002   PAD
    0x00003000   0x00003000   0x00000010   Code   RO          918    .text.EMU_IntEnable  tempdrv.o
    0x00003010   0x00003010   0x00000010   Code   RO          878    .text.EMU_IntGetEnabled  tempdrv.o
    0x00003020   0x00003020   0x0000000e   Code   RO          549    .text.EMU_PowerLock  em_emu.o
    0x0000302e   0x0000302e   0x00000002   PAD
    0x00003030   0x00003030   0x00000010   Code   RO          547    .text.EMU_PowerUnlock  em_emu.o
    0x00003040   0x00003040   0x00000066   Code   RO          593    .text.EMU_SetBiasMode  em_emu.o
    0x000030a6   0x000030a6   0x00000002   PAD
    0x000030a8   0x000030a8   0x00000002   Code   RO         1496    .text.FRC_IRQHandler  radio.o
    0x000030aa   0x000030aa   0x00000002   PAD
    0x000030ac   0x000030ac   0x00000002   Code   RO         1494    .text.FRC_PRI_IRQHandler  radio.o
    0x000030ae   0x000030ae   0x00000002   PAD
    0x000030b0   0x000030b0   0x0000005a   Code   RO         1044    .text.GENERIC_PHY_RadioEnable  generic_phy.o
    0x0000310a   0x0000310a   0x00000002   PAD
    0x0000310c   0x0000310c   0x00000032   Code   RO         1040    .text.GENERIC_PHY_SeqAtomicLock  generic_phy.o
    0x0000313e   0x0000313e   0x00000002   PAD
    0x00003140   0x00003140   0x0000007c   Code   RO          640    .text.GPIO_PinModeSet  em_gpio.o
    0x000031bc   0x000031bc   0x00000008   Code   RO          245    .text.GPIO_PinOutClear  myi2c.o
    0x000031c4   0x000031c4   0x00000008   Code   RO          355    .text.GPIO_PinOutClear  leds.o
    0x000031cc   0x000031cc   0x0000001e   Code   RO          644    .text.GPIO_PinOutClear  em_gpio.o
    0x000031ea   0x000031ea   0x00000002   PAD
    0x000031ec   0x000031ec   0x00000008   Code   RO          243    .text.GPIO_PinOutSet  myi2c.o
    0x000031f4   0x000031f4   0x00000008   Code   RO          351    .text.GPIO_PinOutSet  leds.o
    0x000031fc   0x000031fc   0x0000001e   Code   RO          642    .text.GPIO_PinOutSet  em_gpio.o
    0x0000321a   0x0000321a   0x00000002   PAD
    0x0000321c   0x0000321c   0x0000002a   Code   RO          247    .text.I2CSPM_Transfer  myi2c.o
    0x00003246   0x00003246   0x00000002   PAD
    0x00003248   0x00003248   0x00000072   Code   RO          758    .text.I2C_BusFreqSet  em_i2c.o
    0x000032ba   0x000032ba   0x00000002   PAD
    0x000032bc   0x000032bc   0x0000000c   Code   RO          762    .text.I2C_Enable    em_i2c.o
    0x000032c8   0x000032c8   0x0000003c   Code   RO          766    .text.I2C_Init      em_i2c.o
    0x00003304   0x00003304   0x00000004   Code   RO          768    .text.I2C_IntClear  em_i2c.o
    0x00003308   0x00003308   0x0000024c   Code   RO          774    .text.I2C_Transfer  em_i2c.o
    0x00003554   0x00003554   0x00000094   Code   RO          776    .text.I2C_TransferInit  em_i2c.o
    0x000035e8   0x000035e8   0x00000018   Code   RO           73    .text.INT_Disable   retargetserial.o
    0x00003600   0x00003600   0x00000018   Code   RO         1468    .text.INT_Disable   radio.o
    0x00003618   0x00003618   0x00000018   Code   RO           75    .text.INT_Enable    retargetserial.o
    0x00003630   0x00003630   0x00000018   Code   RO         1470    .text.INT_Enable    radio.o
    0x00003648   0x00003648   0x0000000c   Code   RO          302    .text.LETIMER0_IRQHandler  adc.o
    0x00003654   0x00003654   0x00000016   Code   RO          844    .text.LETIMER_CompareSet  em_letimer.o
    0x0000366a   0x0000366a   0x00000002   PAD
    0x0000366c   0x0000366c   0x0000007e   Code   RO          850    .text.LETIMER_Init  em_letimer.o
    0x000036ea   0x000036ea   0x00000002   PAD
    0x000036ec   0x000036ec   0x0000000e   Code   RO          304    .text.LETIMER_IntClear  adc.o
    0x000036fa   0x000036fa   0x00000002   PAD
    0x000036fc   0x000036fc   0x00000012   Code   RO          290    .text.LETIMER_IntEnable  adc.o
    0x0000370e   0x0000370e   0x00000002   PAD
    0x00003710   0x00003710   0x00000016   Code   RO          854    .text.LETIMER_RepeatSet  em_letimer.o
    0x00003726   0x00003726   0x00000002   PAD
    0x00003728   0x00003728   0x00000002   Code   RO         1508    .text.MODEM_IRQHandler  radio.o
    0x0000372a   0x0000372a   0x00000002   PAD
    0x0000372c   0x0000372c   0x00000048   Code   RO         1204    .text.PA_0dbmConfigSet  pa.o
    0x00003774   0x00003774   0x00000042   Code   RO         1200    .text.PA_20dbmConfigSet  pa.o
    0x000037b6   0x000037b6   0x00000002   PAD
    0x000037b8   0x000037b8   0x00000050   Code   RO         1246    .text.PA_BandSelect  pa.o
    0x00003808   0x00003808   0x0000001e   Code   RO         1244    .text.PA_CTuneSet   pa.o
    0x00003826   0x00003826   0x00000002   PAD
    0x00003828   0x00003828   0x00000012   Code   RO         1222    .text.PA_OutputPowerSet  pa.o
    0x0000383a   0x0000383a   0x00000002   PAD
    0x0000383c   0x0000383c   0x0000003c   Code   RO         1216    .text.PA_PowerFromStripesAndSlicesCommonCalc  pa.o
    0x00003878   0x00003878   0x00000096   Code   RO         1218    .text.PA_PowerLevelOptimize  pa.o
    0x0000390e   0x0000390e   0x00000002   PAD
    0x00003910   0x00003910   0x00000110   Code   RO         1212    .text.PA_PowerLevelSet  pa.o
    0x00003a20   0x00003a20   0x00000024   Code   RO         1208    .text.PA_PowerModeConfigSet  pa.o
    0x00003a44   0x00003a44   0x00000022   Code   RO         1238    .text.PA_RampConfigSet  pa.o
    0x00003a66   0x00003a66   0x00000002   PAD
    0x00003a68   0x00003a68   0x00000042   Code   RO         1240    .text.PA_RampTimeCalc  pa.o
    0x00003aaa   0x00003aaa   0x00000002   PAD
    0x00003aac   0x00003aac   0x0000000c   Code   RO         1236    .text.PA_RampTimeGet  pa.o
    0x00003ab8   0x00003ab8   0x000000b8   Code   RO         1242    .text.PA_RampTimeSet  pa.o
    0x00003b70   0x00003b70   0x000000b8   Code   RO         1220    .text.PA_StripesAndSlicesCalc  pa.o
    0x00003c28   0x00003c28   0x00000072   Code   RO         1214    .text.PA_StripesAndSlicesCommonCalc  pa.o
    0x00003c9a   0x00003c9a   0x00000002   PAD
    0x00003c9c   0x00003c9c   0x000000fc   Code   RO         1210    .text.PA_StripesAndSlicesSet  pa.o
    0x00003d98   0x00003d98   0x00000028   Code   RO         1206    .text.PA_SubGhz20dbmConfigSet  pa.o
    0x00003dc0   0x00003dc0   0x0000002c   Code   RO         1370    .text.PHY_UTILS_DelayUs  phy_utils.o
    0x00003dec   0x00003dec   0x00000014   Code   RO         1418    .text.PROTIMER_CCTimerCapture  protimer.o
    0x00003e00   0x00003e00   0x00000056   Code   RO         1446    .text.PROTIMER_DelayUs  protimer.o
    0x00003e56   0x00003e56   0x00000002   PAD
    0x00003e58   0x00003e58   0x00000016   Code   RO         1396    .text.PROTIMER_ElapsedTime  protimer.o
    0x00003e6e   0x00003e6e   0x00000002   PAD
    0x00003e70   0x00003e70   0x00000010   Code   RO         1504    .text.PROTIMER_IRQHandler  radio.o
    0x00003e80   0x00003e80   0x00000048   Code   RO         1440    .text.PROTIMER_Init  protimer.o
    0x00003ec8   0x00003ec8   0x00000010   Code   RO         1392    .text.PROTIMER_IsRunning  protimer.o
    0x00003ed8   0x00003ed8   0x00000012   Code   RO         1394    .text.PROTIMER_Reset  protimer.o
    0x00003eea   0x00003eea   0x00000002   PAD
    0x00003eec   0x00003eec   0x0000001c   Code   RO         1382    .text.PROTIMER_Start  protimer.o
    0x00003f08   0x00003f08   0x0000001c   Code   RO         1388    .text.PROTIMER_Stop  protimer.o
    0x00003f24   0x00003f24   0x0000000e   Code   RO         1438    .text.PROTIMER_UsToPrecntOverflow  protimer.o
    0x00003f32   0x00003f32   0x00000002   PAD
    0x00003f34   0x00003f34   0x00000002   Code   RO         1498    .text.RAC_RSM_IRQHandler  radio.o
    0x00003f36   0x00003f36   0x00000002   PAD
    0x00003f38   0x00003f38   0x00000002   Code   RO         1500    .text.RAC_SEQ_IRQHandler  radio.o
    0x00003f3a   0x00003f3a   0x00000002   PAD
    0x00003f3c   0x00003f3c   0x00000008   Code   RO         1613    .text.RADIOCMU_ClockEnable  radio_cmu.o
    0x00003f44   0x00003f44   0x00000064   Code   RO         1615    .text.RADIOCMU_ClockFreqGet  radio_cmu.o
    0x00003fa8   0x00003fa8   0x00000014   Code   RO         1456    .text.RADIO_BUFCClear  radio.o
    0x00003fbc   0x00003fbc   0x0000005a   Code   RO         1488    .text.RADIO_CLKEnable  radio.o
    0x00004016   0x00004016   0x00000002   PAD
    0x00004018   0x00004018   0x00000012   Code   RO         1568    .text.RADIO_DccalEnable  radio.o
    0x0000402a   0x0000402a   0x00000002   PAD
    0x0000402c   0x0000402c   0x00000020   Code   RO         1544    .text.RADIO_FrameControlDescrBufferIdSet  radio.o
    0x0000404c   0x0000404c   0x000000a6   Code   RO         1248    .text.RADIO_PA_Init  pa.o
    0x000040f2   0x000040f2   0x00000002   PAD
    0x000040f4   0x000040f4   0x00000012   Code   RO         1520    .text.RADIO_RXBufferDisableThrInt  radio.o
    0x00004106   0x00004106   0x00000002   PAD
    0x00004108   0x00004108   0x00000012   Code   RO         1592    .text.RADIO_RxSearchTimeSet  radio.o
    0x0000411a   0x0000411a   0x00000002   PAD
    0x0000411c   0x0000411c   0x0000002e   Code   RO         1580    .text.RADIO_RxToTxTimeSet  radio.o
    0x0000414a   0x0000414a   0x00000002   PAD
    0x0000414c   0x0000414c   0x0000001e   Code   RO         1588    .text.RADIO_RxWarmTimeSet  radio.o
    0x0000416a   0x0000416a   0x00000002   PAD
    0x0000416c   0x0000416c   0x0000006c   Code   RO         1486    .text.RADIO_SeqInit  radio.o
    0x000041d8   0x000041d8   0x0000007a   Code   RO         1484    .text.RADIO_SetAndForgetWrite  radio.o
    0x00004252   0x00004252   0x00000002   PAD
    0x00004254   0x00004254   0x00000012   Code   RO         1594    .text.RADIO_TxToRxSearchTimeSet  radio.o
    0x00004266   0x00004266   0x00000002   PAD
    0x00004268   0x00004268   0x00000014   Code   RO         1586    .text.RADIO_TxToRxTimeSet  radio.o
    0x0000427c   0x0000427c   0x0000002e   Code   RO         1584    .text.RADIO_TxToTxTimeSet  radio.o
    0x000042aa   0x000042aa   0x00000002   PAD
    0x000042ac   0x000042ac   0x0000002e   Code   RO         1578    .text.RADIO_TxWarmTimeSet  radio.o
    0x000042da   0x000042da   0x00000002   PAD
    0x000042dc   0x000042dc   0x0000002e   Code   RO         1472    .text.RADIO_UsToStimerTickCalc  radio.o
    0x0000430a   0x0000430a   0x00000002   PAD
    0x0000430c   0x0000430c   0x00000010   Code   RO         1317    .text.RAIL_GetTune  phy.o
    0x0000431c   0x0000431c   0x0000000a   Code   RO         1766    .text.RAIL_RfHalIdleStart  rail_rf_hal.o
    0x00004326   0x00004326   0x00000002   PAD
    0x00004328   0x00004328   0x00000008   Code   RO         1706    .text.RAIL_RfIdle   rail_rf.o
    0x00004330   0x00004330   0x0000004c   Code   RO         1315    .text.RAIL_SetTune  phy.o
    0x0000437c   0x0000437c   0x00000060   Code   RO           71    .text.RETARGET_ReadChar  retargetserial.o
    0x000043dc   0x000043dc   0x000000ca   Code   RO           61    .text.RETARGET_SerialInit  retargetserial.o
    0x000044a6   0x000044a6   0x00000002   PAD
    0x000044a8   0x000044a8   0x00000050   Code   RO           77    .text.RETARGET_WriteChar  retargetserial.o
    0x000044f8   0x000044f8   0x00000002   Code   RO         1944    .text.RFSENSE_IRQHandler  rfsense.o
    0x000044fa   0x000044fa   0x00000002   PAD
    0x000044fc   0x000044fc   0x00000096   Code   RO         1889    .text.RFTEST_RestoreRadioConfiguration  rf_test.o
    0x00004592   0x00004592   0x00000002   PAD
    0x00004594   0x00004594   0x00000090   Code   RO         1887    .text.RFTEST_SaveRadioConfiguration  rf_test.o
    0x00004624   0x00004624   0x0000005e   Code   RO         1891    .text.RFTEST_StartCwTx  rf_test.o
    0x00004682   0x00004682   0x00000002   PAD
    0x00004684   0x00004684   0x0000002a   Code   RO         1893    .text.RFTEST_StartStreamTx  rf_test.o
    0x000046ae   0x000046ae   0x00000002   PAD
    0x000046b0   0x000046b0   0x0000001c   Code   RO         1897    .text.RFTEST_StopTx  rf_test.o
    0x000046cc   0x000046cc   0x00000008   Code   RO          425    .text.SL_Log2ToDiv  em_cmu.o
    0x000046d4   0x000046d4   0x0000011e   Code   RO         1998    .text.SYNTH_Config  synth.o
    0x000047f2   0x000047f2   0x00000002   PAD
    0x000047f4   0x000047f4   0x00000012   Code   RO         2006    .text.SYNTH_DCDCRetimeEnable  synth.o
    0x00004806   0x00004806   0x00000002   PAD
    0x00004808   0x00004808   0x0000004e   Code   RO         1984    .text.SYNTH_IfFreqCompute  synth.o
    0x00004856   0x00004856   0x00000002   PAD
    0x00004858   0x00004858   0x0000002c   Code   RO         1986    .text.SYNTH_LoDivGet  synth.o
    0x00004884   0x00004884   0x00000082   Code   RO         1996    .text.SYNTH_RetimeClkConfig  synth.o
    0x00004906   0x00004906   0x00000002   PAD
    0x00004908   0x00004908   0x0000003e   Code   RO         1992    .text.SYNTH_RetimeLimitsConfig  synth.o
    0x00004946   0x00004946   0x00000002   PAD
    0x00004948   0x00004948   0x00000026   Code   RO         1990    .text.SYNTH_VcoRangeIsValid  synth.o
    0x0000496e   0x0000496e   0x00000002   PAD
    0x00004970   0x00004970   0x00000034   Code   RO          614    .text.SYSTEM_ChipRevisionGet  em_system.o
    0x000049a4   0x000049a4   0x0000000e   Code   RO          597    .text.SYSTEM_GetDevinfoRev  em_emu.o
    0x000049b2   0x000049b2   0x00000002   PAD
    0x000049b4   0x000049b4   0x0000000e   Code   RO            8    .text.SYSTEM_GetProdRev  main.o
    0x000049c2   0x000049c2   0x00000002   PAD
    0x000049c4   0x000049c4   0x0000000e   Code   RO          204    .text.SYSTEM_GetUnique  app_cli.o
    0x000049d2   0x000049d2   0x00000002   PAD
    0x000049d4   0x000049d4   0x00000026   Code   RO          949    .text.SystemCoreClockGet  system_efr32fg1v.o
    0x000049fa   0x000049fa   0x00000002   PAD
    0x000049fc   0x000049fc   0x0000004c   Code   RO          951    .text.SystemHFClockGet  system_efr32fg1v.o
    0x00004a48   0x00004a48   0x0000000c   Code   RO          955    .text.SystemHFXOClockGet  system_efr32fg1v.o
    0x00004a54   0x00004a54   0x00000046   Code   RO          959    .text.SystemInit    system_efr32fg1v.o
    0x00004a9a   0x00004a9a   0x00000002   PAD
    0x00004a9c   0x00004a9c   0x00000006   Code   RO          961    .text.SystemLFRCOClockGet  system_efr32fg1v.o
    0x00004aa2   0x00004aa2   0x00000002   PAD
    0x00004aa4   0x00004aa4   0x0000000c   Code   RO          965    .text.SystemLFXOClockGet  system_efr32fg1v.o
    0x00004ab0   0x00004ab0   0x0000000a   Code   RO          953    .text.SystemMaxCoreClockGet  system_efr32fg1v.o
    0x00004aba   0x00004aba   0x00000002   PAD
    0x00004abc   0x00004abc   0x00000006   Code   RO          963    .text.SystemULFRCOClockGet  system_efr32fg1v.o
    0x00004ac2   0x00004ac2   0x00000002   PAD
    0x00004ac4   0x00004ac4   0x00000016   Code   RO          880    .text.TEMPDRV_GetTemp  tempdrv.o
    0x00004ada   0x00004ada   0x00000002   PAD
    0x00004adc   0x00004adc   0x0000005c   Code   RO          876    .text.TEMPDRV_IRQHandler  tempdrv.o
    0x00004b38   0x00004b38   0x00000062   Code   RO          886    .text.TEMPDRV_Init  tempdrv.o
    0x00004b9a   0x00004b9a   0x00000002   PAD
    0x00004b9c   0x00004b9c   0x00000062   Code   RO           57    .text.USART0_RX_IRQHandler  retargetserial.o
    0x00004bfe   0x00004bfe   0x00000002   PAD
    0x00004c00   0x00004c00   0x00000068   Code   RO          664    .text.USART_BaudrateAsyncSet  em_usart.o
    0x00004c68   0x00004c68   0x0000000c   Code   RO          672    .text.USART_Enable  em_usart.o
    0x00004c74   0x00004c74   0x00000070   Code   RO          674    .text.USART_InitAsync  em_usart.o
    0x00004ce4   0x00004ce4   0x0000000c   Code   RO           63    .text.USART_IntClear  retargetserial.o
    0x00004cf0   0x00004cf0   0x00000010   Code   RO           67    .text.USART_IntEnable  retargetserial.o
    0x00004d00   0x00004d00   0x00000046   Code   RO          676    .text.USART_Reset   em_usart.o
    0x00004d46   0x00004d46   0x00000002   PAD
    0x00004d48   0x00004d48   0x0000000c   Code   RO          692    .text.USART_Rx      em_usart.o
    0x00004d54   0x00004d54   0x0000000a   Code   RO          702    .text.USART_Tx      em_usart.o
    0x00004d5e   0x00004d5e   0x00000002   PAD
    0x00004d60   0x00004d60   0x00000010   Code   RO           65    .text.__NVIC_ClearPendingIRQ  retargetserial.o
    0x00004d70   0x00004d70   0x00000016   Code   RO          292    .text.__NVIC_ClearPendingIRQ  adc.o
    0x00004d86   0x00004d86   0x00000002   PAD
    0x00004d88   0x00004d88   0x00000016   Code   RO          371    .text.__NVIC_ClearPendingIRQ  radio_proc.o
    0x00004d9e   0x00004d9e   0x00000002   PAD
    0x00004da0   0x00004da0   0x0000000e   Code   RO          894    .text.__NVIC_ClearPendingIRQ  tempdrv.o
    0x00004dae   0x00004dae   0x00000002   PAD
    0x00004db0   0x00004db0   0x00000010   Code   RO         1386    .text.__NVIC_ClearPendingIRQ  protimer.o
    0x00004dc0   0x00004dc0   0x00000018   Code   RO          322    .text.__NVIC_DisableIRQ  adc.o
    0x00004dd8   0x00004dd8   0x00000018   Code   RO          375    .text.__NVIC_DisableIRQ  radio_proc.o
    0x00004df0   0x00004df0   0x00000018   Code   RO         1390    .text.__NVIC_DisableIRQ  protimer.o
    0x00004e08   0x00004e08   0x00000010   Code   RO           69    .text.__NVIC_EnableIRQ  retargetserial.o
    0x00004e18   0x00004e18   0x00000016   Code   RO          294    .text.__NVIC_EnableIRQ  adc.o
    0x00004e2e   0x00004e2e   0x00000002   PAD
    0x00004e30   0x00004e30   0x0000000e   Code   RO          373    .text.__NVIC_EnableIRQ  radio_proc.o
    0x00004e3e   0x00004e3e   0x00000002   PAD
    0x00004e40   0x00004e40   0x0000000e   Code   RO          896    .text.__NVIC_EnableIRQ  tempdrv.o
    0x00004e4e   0x00004e4e   0x00000002   PAD
    0x00004e50   0x00004e50   0x00000010   Code   RO         1384    .text.__NVIC_EnableIRQ  protimer.o
    0x00004e60   0x00004e60   0x00000024   Code   RO          202    .text.__NVIC_SystemReset  app_cli.o
    0x00004e84   0x00004e84   0x00000012   Code   RO         2069    .text._sys_close    retarget_io.o
    0x00004e96   0x00004e96   0x00000002   PAD
    0x00004e98   0x00004e98   0x00000004   Code   RO         2079    .text._sys_flen     retarget_io.o
    0x00004e9c   0x00004e9c   0x00000010   Code   RO         2075    .text._sys_istty    retarget_io.o
    0x00004eac   0x00004eac   0x00000064   Code   RO         2067    .text._sys_open     retarget_io.o
    0x00004f10   0x00004f10   0x00000006   Code   RO         2077    .text._sys_seek     retarget_io.o
    0x00004f16   0x00004f16   0x00000002   PAD
    0x00004f18   0x00004f18   0x0000002e   Code   RO         2071    .text._sys_write    retarget_io.o
    0x00004f46   0x00004f46   0x00000002   PAD
    0x00004f48   0x00004f48   0x0000002c   Code   RO          431    .text.adcAsyncClkGet  em_cmu.o
    0x00004f74   0x00004f74   0x0000005a   Code   RO         1192    .text.apcConfigure  pa.o
    0x00004fce   0x00004fce   0x00000002   PAD
    0x00004fd0   0x00004fd0   0x0000000c   Code   RO          429    .text.auxClkGet     em_cmu.o
    0x00004fdc   0x00004fdc   0x00000066   Code   RO          888    .text.calibration   tempdrv.o
    0x00005042   0x00005042   0x00000002   PAD
    0x00005044   0x00005044   0x00000080   Code   RO           22    .text.ciErrorCallback  command_interpreter.o
    0x000050c4   0x000050c4   0x0000000c   Code   RO           36    .text.ciGetSigned   command_interpreter.o
    0x000050d0   0x000050d0   0x0000000c   Code   RO           34    .text.ciGetUnsigned  command_interpreter.o
    0x000050dc   0x000050dc   0x00000022   Code   RO           26    .text.ciInitState   command_interpreter.o
    0x000050fe   0x000050fe   0x00000002   PAD
    0x00005100   0x00005100   0x0000013c   Code   RO           24    .text.ciPrintHelp   command_interpreter.o
    0x0000523c   0x0000523c   0x000000aa   Code   RO           30    .text.ciProcessInput  command_interpreter.o
    0x000052e6   0x000052e6   0x00000002   PAD
    0x000052e8   0x000052e8   0x00000048   Code   RO          188    .text.cli_beep      app_cli.o
    0x00005330   0x00005330   0x00000028   Code   RO          144    .text.cli_calctune  app_cli.o
    0x00005358   0x00005358   0x00000048   Code   RO          132    .text.cli_getatten  app_cli.o
    0x000053a0   0x000053a0   0x00000028   Code   RO          168    .text.cli_getber    app_cli.o
    0x000053c8   0x000053c8   0x00000040   Code   RO          110    .text.cli_getchannel  app_cli.o
    0x00005408   0x00005408   0x00000020   Code   RO          140    .text.cli_getctune  app_cli.o
    0x00005428   0x00005428   0x00000034   Code   RO          102    .text.cli_getdevid  app_cli.o
    0x0000545c   0x0000545c   0x0000004c   Code   RO          136    .text.cli_getextatten  app_cli.o
    0x000054a8   0x000054a8   0x00000048   Code   RO          130    .text.cli_getfreqoffset  app_cli.o
    0x000054f0   0x000054f0   0x00000048   Code   RO          186    .text.cli_getkey    app_cli.o
    0x00005538   0x00005538   0x0000005c   Code   RO          182    .text.cli_getlight  app_cli.o
    0x00005594   0x00005594   0x00000044   Code   RO          148    .text.cli_getpactune  app_cli.o
    0x000055d8   0x000055d8   0x00000114   Code   RO          180    .text.cli_getpir    app_cli.o
    0x000056ec   0x000056ec   0x00000044   Code   RO          114    .text.cli_getpower  app_cli.o
    0x00005730   0x00005730   0x00000048   Code   RO          118    .text.cli_getpowerlevel  app_cli.o
    0x00005778   0x00005778   0x00000044   Code   RO          124    .text.cli_getrssi   app_cli.o
    0x000057bc   0x000057bc   0x0000004c   Code   RO          126    .text.cli_getrssioffset  app_cli.o
    0x00005808   0x00005808   0x0000002c   Code   RO          162    .text.cli_getrxcount  app_cli.o
    0x00005834   0x00005834   0x00000024   Code   RO          108    .text.cli_getver    app_cli.o
    0x00005858   0x00005858   0x0000009c   Code   RO          170    .text.cli_getvt     app_cli.o
    0x000058f4   0x000058f4   0x00000034   Code   RO          100    .text.cli_info      app_cli.o
    0x00005928   0x00005928   0x00000024   Code   RO          198    .text.cli_init      app_cli.o
    0x0000594c   0x0000594c   0x0000009c   Code   RO          174    .text.cli_ledtest   app_cli.o
    0x000059e8   0x000059e8   0x000000fc   Code   RO          176    .text.cli_piren     app_cli.o
    0x00005ae4   0x00005ae4   0x00000050   Code   RO          106    .text.cli_printmode  app_cli.o
    0x00005b34   0x00005b34   0x0000004c   Code   RO          194    .text.cli_ramtest   app_cli.o
    0x00005b80   0x00005b80   0x0000004c   Code   RO          196    .text.cli_read7210  app_cli.o
    0x00005bcc   0x00005bcc   0x0000004c   Code   RO          190    .text.cli_readram   app_cli.o
    0x00005c18   0x00005c18   0x00000030   Code   RO           98    .text.cli_reset     app_cli.o
    0x00005c48   0x00005c48   0x0000002c   Code   RO          154    .text.cli_sendburst  app_cli.o
    0x00005c74   0x00005c74   0x00000048   Code   RO          134    .text.cli_setatten  app_cli.o
    0x00005cbc   0x00005cbc   0x0000004c   Code   RO          184    .text.cli_setbright  app_cli.o
    0x00005d08   0x00005d08   0x00000058   Code   RO          112    .text.cli_setchannel  app_cli.o
    0x00005d60   0x00005d60   0x00000038   Code   RO          142    .text.cli_setctune  app_cli.o
    0x00005d98   0x00005d98   0x00000028   Code   RO          104    .text.cli_setdevid  app_cli.o
    0x00005dc0   0x00005dc0   0x00000028   Code   RO          172    .text.cli_setem     app_cli.o
    0x00005de8   0x00005de8   0x0000004c   Code   RO          138    .text.cli_setextatten  app_cli.o
    0x00005e34   0x00005e34   0x00000074   Code   RO          150    .text.cli_setpactune  app_cli.o
    0x00005ea8   0x00005ea8   0x00000060   Code   RO          116    .text.cli_setpower  app_cli.o
    0x00005f08   0x00005f08   0x0000005c   Code   RO          120    .text.cli_setpowerlevel  app_cli.o
    0x00005f64   0x00005f64   0x00000064   Code   RO          122    .text.cli_setrflevel  app_cli.o
    0x00005fc8   0x00005fc8   0x00000074   Code   RO          128    .text.cli_setrssioffset  app_cli.o
    0x0000603c   0x0000603c   0x00000028   Code   RO          164    .text.cli_startber  app_cli.o
    0x00006064   0x00006064   0x00000114   Code   RO          178    .text.cli_startpir  app_cli.o
    0x00006178   0x00006178   0x0000002c   Code   RO          158    .text.cli_startrxcount  app_cli.o
    0x000061a4   0x000061a4   0x00000028   Code   RO          166    .text.cli_stopber   app_cli.o
    0x000061cc   0x000061cc   0x0000002c   Code   RO          160    .text.cli_stoprxcount  app_cli.o
    0x000061f8   0x000061f8   0x0000002c   Code   RO          146    .text.cli_storectune  app_cli.o
    0x00006224   0x00006224   0x0000002c   Code   RO          152    .text.cli_storepactune  app_cli.o
    0x00006250   0x00006250   0x000000d0   Code   RO          156    .text.cli_txstream  app_cli.o
    0x00006320   0x00006320   0x0000004c   Code   RO          192    .text.cli_writeram  app_cli.o
    0x0000636c   0x0000636c   0x00000026   Code   RO          569    .text.compCtrlSet   em_emu.o
    0x00006392   0x00006392   0x00000002   PAD
    0x00006394   0x00006394   0x0000001a   Code   RO          922    .text.convertToEmu  tempdrv.o
    0x000063ae   0x000063ae   0x00000002   PAD
    0x000063b0   0x000063b0   0x00000022   Code   RO          906    .text.convertToTemp  tempdrv.o
    0x000063d2   0x000063d2   0x00000002   PAD
    0x000063d4   0x000063d4   0x00000084   Code   RO          577    .text.currentLimitersUpdate  em_emu.o
    0x00006458   0x00006458   0x00000022   Code   RO          427    .text.dbgClkGet     em_cmu.o
    0x0000647a   0x0000647a   0x00000002   PAD
    0x0000647c   0x0000647c   0x00000038   Code   RO          563    .text.dcdcConstCalibrationLoad  em_emu.o
    0x000064b4   0x000064b4   0x0000008c   Code   RO          565    .text.dcdcValidatedConfigSet  em_emu.o
    0x00006540   0x00006540   0x00000014   Code   RO          892    .text.disableInterrupts  tempdrv.o
    0x00006554   0x00006554   0x00000008   Code   RO          924    .text.errataCallback  tempdrv.o
    0x0000655c   0x0000655c   0x00000060   Code   RO          890    .text.errataInit    tempdrv.o
    0x000065bc   0x000065bc   0x00000072   Code   RO          926    .text.errataStateUpdate  tempdrv.o
    0x0000662e   0x0000662e   0x00000002   PAD
    0x00006630   0x00006630   0x0000002c   Code   RO          391    .text.flashWaitStateControl  em_cmu.o
    0x0000665c   0x0000665c   0x00000022   Code   RO          433    .text.flashWaitStateMax  em_cmu.o
    0x0000667e   0x0000667e   0x00000002   PAD
    0x00006680   0x00006680   0x00000012   Code   RO          772    .text.flushRx       em_i2c.o
    0x00006692   0x00006692   0x00000002   PAD
    0x00006694   0x00006694   0x00000010   Code   RO          471    .text.getHfxoTuningMode  em_cmu.o
    0x000066a4   0x000066a4   0x0000000c   Code   RO          461    .text.getRegIshUpperVal  em_cmu.o
    0x000066b0   0x000066b0   0x0000001a   Code   RO          487    .text.hfSrcClkGet   em_cmu.o
    0x000066ca   0x000066ca   0x00000002   PAD
    0x000066cc   0x000066cc   0x000000b8   Code   RO          296    .text.initADC       adc.o
    0x00006784   0x00006784   0x000000a0   Code   RO          288    .text.initLETIMER   adc.o
    0x00006824   0x00006824   0x0000009a   Code   RO          241    .text.init_i2c      myi2c.o
    0x000068be   0x000068be   0x00000002   PAD
    0x000068c0   0x000068c0   0x0000005c   Code   RO            6    .text.init_peripherals  main.o
    0x0000691c   0x0000691c   0x00000414   Code   RO          369    .text.init_radio    radio_proc.o
    0x00006d30   0x00006d30   0x00000008   Code   RO          353    .text.led0_off      leds.o
    0x00006d38   0x00006d38   0x00000008   Code   RO          349    .text.led0_on       leds.o
    0x00006d40   0x00006d40   0x00000010   Code   RO          347    .text.leds_init     leds.o
    0x00006d50   0x00006d50   0x00000092   Code   RO          423    .text.lfClkGet      em_cmu.o
    0x00006de2   0x00006de2   0x00000002   PAD
    0x00006de4   0x00006de4   0x00000064   Code   RO          575    .text.lpCmpHystCalibrationLoad  em_emu.o
    0x00006e48   0x00006e48   0x000000f4   Code   RO          573    .text.lpGetDevinfoVrefLowHigh  em_emu.o
    0x00006f3c   0x00006f3c   0x0000009c   Code   RO            2    .text.main          main.o
    0x00006fd8   0x00006fd8   0x00000026   Code   RO           44    .text.parseBackspaces  command_interpreter.o
    0x00006ffe   0x00006ffe   0x00000002   PAD
    0x00007000   0x00007000   0x000000a8   Code   RO          206    .text.print_light_data  app_cli.o
    0x000070a8   0x000070a8   0x00000148   Code   RO           32    .text.processCommand  command_interpreter.o
    0x000071f0   0x000071f0   0x0000002e   Code   RO          200    .text.process_cli   app_cli.o
    0x0000721e   0x0000721e   0x00000002   PAD
    0x00007220   0x00007220   0x00000008   Code   RO          678    .text.prsRxInput    em_usart.o
    0x00007228   0x00007228   0x00000008   Code   RO          848    .text.regSync       em_letimer.o
    0x00007230   0x00007230   0x00000056   Code   RO          435    .text.setHfLeConfig  em_cmu.o
    0x00007286   0x00007286   0x00000002   PAD
    0x00007288   0x00007288   0x00000014   Code   RO          473    .text.setHfxoTuningMode  em_cmu.o
    0x0000729c   0x0000729c   0x00000044   Code   RO         1877    .text.setupPnForTest  rf_test.o
    0x000072e0   0x000072e0   0x0000003e   Code   RO          273    .text.sfh7771_Data_2  sfh7771.o
    0x0000731e   0x0000731e   0x00000002   PAD
    0x00007320   0x00007320   0x00000038   Code   RO          267    .text.sfh7771_Read_Register  sfh7771.o
    0x00007358   0x00007358   0x0000007a   Code   RO          275    .text.sfh7771_SensorStart  sfh7771.o
    0x000073d2   0x000073d2   0x00000002   PAD
    0x000073d4   0x000073d4   0x0000001e   Code   RO          269    .text.sfh7771_Standby  sfh7771.o
    0x000073f2   0x000073f2   0x00000002   PAD
    0x000073f4   0x000073f4   0x00000038   Code   RO          265    .text.sfh7771_Write_Register  sfh7771.o
    0x0000742c   0x0000742c   0x0000000e   Code   RO           79    .text.stdout_putchar  retargetserial.o
    0x0000743a   0x0000743a   0x00000002   PAD
    0x0000743c   0x0000743c   0x0000003c   Code   RO           42    .text.strtok_r      command_interpreter.o
    0x00007478   0x00007478   0x00000036   Code   RO          316    .text.switch_to_DVDD  adc.o
    0x000074ae   0x000074ae   0x00000002   PAD
    0x000074b0   0x000074b0   0x00000038   Code   RO          320    .text.switch_to_PIR  adc.o
    0x000074e8   0x000074e8   0x00000038   Code   RO          314    .text.switch_to_VCC  adc.o
    0x00007520   0x00007520   0x00000038   Code   RO          318    .text.switch_to_ref  adc.o
    0x00007558   0x00007558   0x00000038   Code   RO          312    .text.switch_to_temp  adc.o
    0x00007590   0x00007590   0x00000018   Code   RO          417    .text.syncReg       em_cmu.o
    0x000075a8   0x000075a8   0x000000d4   Code   RO          884    .text.updateInterrupts  tempdrv.o
    0x0000767c   0x0000767c   0x00000016   Code   RO          567    .text.userCurrentLimitsSet  em_emu.o
    0x00007692   0x00007692   0x00000002   PAD
    0x00007694   0x00007694   0x00000104   Code   RO           46    .text.validateArguments  command_interpreter.o
    0x00007798   0x00007798   0x00000058   Code   RO           40    .text.validateInteger  command_interpreter.o
    0x000077f0   0x000077f0   0x0000003e   Code   RO         2341    CL$$btod_d2e        c_w.l(btod.o)
    0x0000782e   0x0000782e   0x00000046   Code   RO         2343    CL$$btod_d2e_denorm_low  c_w.l(btod.o)
    0x00007874   0x00007874   0x00000060   Code   RO         2342    CL$$btod_d2e_norm_op1  c_w.l(btod.o)
    0x000078d4   0x000078d4   0x00000338   Code   RO         2351    CL$$btod_div_common  c_w.l(btod.o)
    0x00007c0c   0x00007c0c   0x000000dc   Code   RO         2348    CL$$btod_e2e        c_w.l(btod.o)
    0x00007ce8   0x00007ce8   0x0000002a   Code   RO         2345    CL$$btod_ediv       c_w.l(btod.o)
    0x00007d12   0x00007d12   0x0000002a   Code   RO         2344    CL$$btod_emul       c_w.l(btod.o)
    0x00007d3c   0x00007d3c   0x00000244   Code   RO         2350    CL$$btod_mult_common  c_w.l(btod.o)
    0x00007f80   0x00007f80   0x00000030   Code   RO         2453    i.__ARM_fpclassify  m_wm.l(fpclassify.o)
    0x00007fb0   0x00007fb0   0x0000000e   Code   RO         2143    i._is_digit         c_w.l(__printf_wp.o)
    0x00007fbe   0x00007fbe   0x0000001a   Code   RO         2232    i.fputc             c_w.l(fputc.o)
    0x00007fd8   0x00007fd8   0x0000002c   Code   RO         2379    locale$$code        c_w.l(lc_ctype_c.o)
    0x00008004   0x00008004   0x0000002c   Code   RO         2382    locale$$code        c_w.l(lc_numeric_c.o)
    0x00008030   0x00008030   0x0000000c   Code   RO         2245    x$fpl$dretinf       fz_wm.l(dretinf.o)
    0x0000803c   0x0000803c   0x00000056   Code   RO         2201    x$fpl$f2d           fz_wm.l(f2d.o)
    0x00008092   0x00008092   0x0000008c   Code   RO         2247    x$fpl$fnaninf       fz_wm.l(fnaninf.o)
    0x0000811e   0x0000811e   0x0000001a   Code   RO         2520    x$fpl$fpinit        fz_wm.l(fpinit.o)
    0x00008138   0x00008138   0x00000004   Code   RO         2203    x$fpl$printf1       fz_wm.l(printf1.o)
    0x0000813c   0x0000813c   0x00000000   Code   RO         2249    x$fpl$usenofp       fz_wm.l(usenofp.o)
    0x0000813c   0x0000813c   0x00000028   Data   RO         2119    .constdata          c_w.l(_printf_hex_int_ll.o)
    0x00008164   0x00008164   0x00000094   Data   RO         2339    .constdata          c_w.l(bigflt0.o)
    0x000081f8   0x000081f8   0x0000001c   Data   RO           88    .rodata..L__const.RETARGET_SerialInit.init  retargetserial.o
    0x00008214   0x00008214   0x00000008   Data   RO         2083    .rodata.__stderr_name  retarget_io.o
    0x0000821c   0x0000821c   0x00000007   Data   RO         2081    .rodata.__stdin_name  retarget_io.o
    0x00008223   0x00008223   0x00000008   Data   RO         2082    .rodata.__stdout_name  retarget_io.o
    0x0000822b   0x0000822b   0x00000001   PAD
    0x0000822c   0x0000822c   0x00000010   Data   RO           12    .rodata.cst16       main.o
    0x0000823c   0x0000823c   0x00000010   Data   RO          331    .rodata.cst16       adc.o
    0x0000824c   0x0000824c   0x00000004   Data   RO          782    .rodata.cst4        em_i2c.o
    0x00008250   0x00008250   0x00000008   Data   RO          377    .rodata.generated_phyInfo  radio_proc.o
    0x00008258   0x00008258   0x00000021   Data   RO         2061    .rodata.nibblebits  nibblebits.o
    0x00008279   0x00008279   0x0000005a   Data   RO           48    .rodata.str1.1      command_interpreter.o
    0x000082d3   0x000082d3   0x00000567   Data   RO          208    .rodata.str1.1      app_cli.o
    0x0000883a   0x0000883a   0x000000c5   Data   RO         1254    .rodata.str1.1      pa.o
    0x000088ff   0x000088ff   0x00000001   PAD
    0x00008900   0x00008900   0x00000020   Data   RO         2615    Region$$Table       anon$$obj.o
    0x00008920   0x00008920   0x00000110   Data   RO         2378    locale$$data        c_w.l(lc_ctype_c.o)
    0x00008a30   0x00008a30   0x0000001c   Data   RO         2381    locale$$data        c_w.l(lc_numeric_c.o)


    Execution Region RW_IRAM1 (Exec base: 0x20000000, Load base: 0x00008a50, Size: 0x00002a18, Max: 0x00004000, ABSOLUTE, COMPRESSED[0x00000c90])

    Exec Addr    Load Addr    Size         Type   Attr      Idx    E Section Name        Object

    0x20000000   COMPRESSED   0x00000004   Data   RW         2172    .data               c_w.l(stdio_streams.o)
    0x20000004   COMPRESSED   0x00000004   Data   RW         2173    .data               c_w.l(stdio_streams.o)
    0x20000008   COMPRESSED   0x00000004   Data   RW         2174    .data               c_w.l(stdio_streams.o)
    0x2000000c   COMPRESSED   0x00000001   Data   RW          326    .data.ADCphase      adc.o
    0x2000000d   COMPRESSED   0x00000003   PAD
    0x20000010   COMPRESSED   0x00000004   Data   RW          969    .data.SystemCoreClock  system_efr32fg1v.o
    0x20000014   COMPRESSED   0x00000004   Data   RW          972    .data.SystemHFXOClock  system_efr32fg1v.o
    0x20000018   COMPRESSED   0x00000004   Data   RW          970    .data.SystemHfrcoFreq  system_efr32fg1v.o
    0x2000001c   COMPRESSED   0x00000004   Data   RW          971    .data.SystemLFXOClock  system_efr32fg1v.o
    0x20000020   COMPRESSED   0x00000004   Data   RW          327    .data.Temp          adc.o
    0x20000024   COMPRESSED   0x00000004   Data   RW          489    .data.auxHfrcoFreq  em_cmu.o
    0x20000028   COMPRESSED   0x00000330   Data   RW          209    .data.commands      app_cli.o
    0x20000358   COMPRESSED   0x00000be1   Data   RW         1111    .data.genericSeqProg  generic_seq.o
    0x20000f39   COMPRESSED   0x00000006   Data   RW          324    .data.init          adc.o
    0x20000f3f   COMPRESSED   0x0000000c   Data   RW          325    .data.initSingle    adc.o
    0x20000f4b   COMPRESSED   0x00000111   Data   RW         1252    .data.paParams      pa.o
    0x2000105c   COMPRESSED   0x00000001   Data   RW          279    .data.piron         sfh7771.o
    0x2000105d   COMPRESSED   0x0000000a   Data   RW         1251    .data.power0dBmParams  pa.o
    0x20001067   COMPRESSED   0x00000001   PAD
    0x20001068        -       0x00000054   Zero   RW         2169    .bss                c_w.l(stdio_streams.o)
    0x200010bc        -       0x00000054   Zero   RW         2170    .bss                c_w.l(stdio_streams.o)
    0x20001110        -       0x00000054   Zero   RW         2171    .bss                c_w.l(stdio_streams.o)
    0x20001164        -       0x00000060   Zero   RW         2206    .bss                c_w.l(libspace.o)
    0x200011c4        -       0x00000004   Zero   RW          332    .bss.ADC0_IRQHandler.adc_index  adc.o
    0x200011c8        -       0x00000004   Zero   RW          337    .bss.Dvdd           adc.o
    0x200011cc        -       0x00000004   Zero   RW          718    .bss.INT_LockCnt    em_int.o
    0x200011d0        -       0x00000001   Zero   RW           87    .bss.LFtoCRLF       retargetserial.o
    0x200011d1        -       0x00000001   Zero   RW          328    .bss.PIR_on         adc.o
    0x200011d2        -       0x00000002   Zero   RW          335    .bss.PIRcount       adc.o
    0x200011d4        -       0x00000040   Zero   RW          378    .bss.RADIO_rxBuffer  radio_proc.o
    0x20001214        -       0x00000040   Zero   RW          380    .bss.RADIO_rxLengthBuffer  radio_proc.o
    0x20001254        -       0x00000040   Zero   RW          379    .bss.RADIO_txBuffer  radio_proc.o
    0x20001294        -       0x00000001   Zero   RW          932    .bss.TEMPDRV_InitState  tempdrv.o
    0x20001295   COMPRESSED   0x00000003   PAD
    0x20001298        -       0x00000004   Zero   RW          336    .bss.Vcc            adc.o
    0x2000129c        -       0x00000004   Zero   RW          338    .bss.Vref           adc.o
    0x200012a0        -       0x00000400   Zero   RW          334    .bss.adcbuffer      adc.o
    0x200016a0        -       0x00000001   Zero   RW         1250    .bss.apcEnabled     pa.o
    0x200016a1   COMPRESSED   0x00000003   PAD
    0x200016a4        -       0x00000004   Zero   RW          937    .bss.calibrationEMU  tempdrv.o
    0x200016a8        -       0x00000004   Zero   RW          938    .bss.calibrationTEMP  tempdrv.o
    0x200016ac        -       0x00000100   Zero   RW          211    .bss.ciBuffer       app_cli.o
    0x200017ac        -       0x00000004   Zero   RW         2017    .bss.currChSpacing  synth.o
    0x200017b0        -       0x00000004   Zero   RW         2018    .bss.currIfFrequency  synth.o
    0x200017b4        -       0x00000004   Zero   RW         2016    .bss.currRfFrequency  synth.o
    0x200017b8        -       0x00000002   Zero   RW          600    .bss.dcdcEm01LoadCurrent_mA  em_emu.o
    0x200017ba        -       0x00000002   Zero   RW          604    .bss.dcdcMaxCurrent_mA  em_emu.o
    0x200017bc        -       0x00000004   Zero   RW         2019    .bss.dcdcRetimeClkTarget  synth.o
    0x200017c0        -       0x00000002   Zero   RW          605    .bss.dcdcReverseCurrentControl  em_emu.o
    0x200017c2        -       0x00000001   Zero   RW          599    .bss.errataFixDcdcHsState  em_emu.o
    0x200017c3   COMPRESSED   0x00000001   PAD
    0x200017c4        -       0x00000018   Zero   RW          939    .bss.errataHighTemp  tempdrv.o
    0x200017dc        -       0x00000018   Zero   RW          940    .bss.errataLowTemp  tempdrv.o
    0x200017f4        -       0x00000010   Zero   RW         1253    .bss.gPaConfig      pa.o
    0x20001804        -       0x00000004   Zero   RW          931    .bss.highCallback   tempdrv.o
    0x20001808        -       0x00000001   Zero   RW          783    .bss.i2cTransfer.0.0  em_i2c.o
    0x20001809   COMPRESSED   0x00000003   PAD
    0x2000180c        -       0x00000001   Zero   RW          784    .bss.i2cTransfer.0.1  em_i2c.o
    0x2000180d   COMPRESSED   0x00000003   PAD
    0x20001810        -       0x00000002   Zero   RW          785    .bss.i2cTransfer.0.2  em_i2c.o
    0x20001812   COMPRESSED   0x00000002   PAD
    0x20001814        -       0x00000001   Zero   RW          786    .bss.i2cTransfer.0.3  em_i2c.o
    0x20001815   COMPRESSED   0x00000003   PAD
    0x20001818        -       0x00000004   Zero   RW          787    .bss.i2cTransfer.0.4  em_i2c.o
    0x2000181c        -       0x00000001   Zero   RW           89    .bss.initialized    retargetserial.o
    0x2000181d   COMPRESSED   0x00000003   PAD
    0x20001820        -       0x00000004   Zero   RW          930    .bss.lowCallback    tempdrv.o
    0x20001824        -       0x00000008   Zero   RW          935    .bss.nullCallback   tempdrv.o
    0x2000182c        -       0x00000004   Zero   RW         1255    .bss.peakDetectorOldSlices  pa.o
    0x20001830        -       0x00000001   Zero   RW          212    .bss.printmode      app_cli.o
    0x20001831   COMPRESSED   0x00000003   PAD
    0x20001834        -       0x00000050   Zero   RW         1911    .bss.rfparamsfbuffer  rf_test.o
    0x20001884        -       0x00000100   Zero   RW           83    .bss.rxBuffer       retargetserial.o
    0x20001984        -       0x00000004   Zero   RW           85    .bss.rxCount        retargetserial.o
    0x20001988        -       0x00000004   Zero   RW           86    .bss.rxReadIndex    retargetserial.o
    0x2000198c        -       0x00000004   Zero   RW         1604    .bss.rxWarmTimeUs   radio.o
    0x20001990        -       0x00000004   Zero   RW           84    .bss.rxWriteIndex   retargetserial.o
    0x20001994        -       0x00000004   Zero   RW          333    .bss.sample         adc.o
    0x20001998        -       0x00000014   Zero   RW          210    .bss.state          app_cli.o
    0x200019ac   COMPRESSED   0x00000004   PAD
    0x200019b0        -       0x00000030   Zero   RW          933    .bss.tempdrvHighCallbacks  tempdrv.o
    0x200019e0        -       0x00000030   Zero   RW          934    .bss.tempdrvLowCallbacks  tempdrv.o
    0x20001a10        -       0x00000001   Zero   RW         1912    .bss.testModeRegisterState  rf_test.o
    0x20001a11        -       0x00000001   Zero   RW         2020    .bss.vcoGainPte     synth.o
    0x20001a12   COMPRESSED   0x00000006   PAD
    0x20001a18        -       0x00000c00   Zero   RW          981    HEAP                startup_efr32fg1v.o
    0x20002618        -       0x00000400   Zero   RW          980    STACK               startup_efr32fg1v.o


==============================================================================

Image component sizes


      Code (inc. data)   RO Data    RW Data    ZI Data      Debug   Object Name

      1210         46         16         23       1047      22372   adc.o
      4492       2232       1383        816        277      14408   app_cli.o
      1446        178         90          0          0       7424   command_interpreter.o
       908          8          0          0          0      21362   em_adc.o
      2820        182          0          4          0      23266   em_cmu.o
      1708          4          0          0          7      22865   em_emu.o
       200          0          0          0          0       6694   em_gpio.o
       998         10          4          0          9       7274   em_i2c.o
         0          0          0          0          4        353   em_int.o
       178          0          0          0          0       4606   em_letimer.o
        52          0          0          0          0       1883   em_system.o
       328         16          0          0          0      10503   em_usart.o
       156          0          0          0          0      27233   generic_phy.o
         0          0          0       3041          0        437   generic_seq.o
        80          0          0          0          0       2845   leds.o
       396         80         16          0          0       8728   main.o
       240          0          0          0          0       5089   myi2c.o
         0          0         33          0          0        442   nibblebits.o
      1942         96        197        283         21      18912   pa.o
        92          0          0          0          0       9839   phy.o
        44          0          0          0          0       2389   phy_utils.o
       360          0          0          0          0       9508   protimer.o
       756          0          0          0          4      30806   radio.o
       108          0          0          0          0       4165   radio_cmu.o
      1104          0          8          0        192      18419   radio_proc.o
         8          0          0          0          0       3531   rail_rf.o
        10          0          0          0          0      24044   rail_rf_hal.o
       190         24         23          0          0       2559   retarget_io.o
       598          0         28          0        270       7947   retargetserial.o
       542          0          0          0         81      16068   rf_test.o
         2          0          0          0          0       5341   rfsense.o
       326          0          0          1          0       3876   sfh7771.o
        64         26        200          0       4096        864   startup_efr32fg1v.o
       664          0          0          0         17      14726   synth.o
       230          0          0         16          0       5297   system_efr32fg1v.o
       922          0          0          0        169      11543   tempdrv.o

    ----------------------------------------------------------------------
     23428       2902       2032       4188       6228     377618   Object Totals
         0          0         32          0          0          0   (incl. Generated)
       254          0          2          4         34          0   (incl. Padding)

    ----------------------------------------------------------------------

      Code (inc. data)   RO Data    RW Data    ZI Data      Debug   Library Member Name

        90          0          0          0          0          0   __dczerorl2.o
         8          0          0          0          0         68   __main.o
       352          0          0          0          0         88   __printf_ss_wp.o
        14          0          0          0          0         68   __printf_wp.o
         0          0          0          0          0          0   __rtentry.o
        12          0          0          0          0          0   __rtentry2.o
         6          0          0          0          0          0   __rtentry4.o
        52          8          0          0          0          0   __scatter.o
        28          0          0          0          0          0   __scatter_zi.o
        28          0          0          0          0         68   _chval.o
        44          0          0          0          0        108   _printf_char.o
        48          6          0          0          0         96   _printf_char_common.o
        36          4          0          0          0         80   _printf_char_file.o
         6          0          0          0          0          0   _printf_d.o
       120         16          0          0          0         92   _printf_dec.o
         6          0          0          0          0          0   _printf_f.o
      1052          0          0          0          0        148   _printf_fp_dec.o
       128         16          0          0          0         84   _printf_fp_infnan.o
       124          4         40          0          0        140   _printf_hex_int_ll.o
       178          0          0          0          0         88   _printf_intcommon.o
        10          0          0          0          0          0   _printf_ll.o
         6          0          0          0          0          0   _printf_llx.o
        78          0          0          0          0        108   _printf_pad.o
         0          0          0          0          0          0   _printf_percent.o
         4          0          0          0          0          0   _printf_percent_end.o
         6          0          0          0          0          0   _printf_s.o
        82          0          0          0          0         80   _printf_str.o
         6          0          0          0          0          0   _printf_x.o
       158          0          0          0          0         92   _strtoul.o
       228          4        148          0          0         96   bigflt0.o
      1936        128          0          0          0        668   btod.o
        10          0          0          0          0         68   defsig_exit.o
        50          0          0          0          0         88   defsig_general.o
        80         58          0          0          0         76   defsig_rtmem_inner.o
        14          0          0          0          0         80   defsig_rtmem_outer.o
        52         38          0          0          0         76   defsig_rtred_inner.o
        14          0          0          0          0         80   defsig_rtred_outer.o
        18          0          0          0          0         80   exit.o
        76          0          0          0          0         88   fclose.o
         8          0          0          0          0         68   ferror.o
       470          0          0          0          0         88   flsbuf.o
       240          6          0          0          0        128   fopen.o
        26          0          0          0          0         68   fputc.o
       248          6          0          0          0         84   fseek.o
        66          0          0          0          0         76   ftell.o
        94          0          0          0          0         80   h1_alloc.o
        52          0          0          0          0         68   h1_extend.o
        78          0          0          0          0         80   h1_free.o
        14          0          0          0          0         84   h1_init.o
         6          0          0          0          0        152   heapauxi.o
         4          0          0          0          0        136   hguard.o
         0          0          0          0          0          0   indicate_semi.o
       138          0          0          0          0        168   init_alloc.o
       312         46          0          0          0        112   initio.o
        44         10        272          0          0         76   lc_ctype_c.o
        44         10         28          0          0         76   lc_numeric_c.o
         2          0          0          0          0          0   libinit.o
        46          0          0          0          0          0   libinit2.o
         2          0          0          0          0          0   libshutdown.o
         6          0          0          0          0          0   libshutdown2.o
         8          4          0          0         96         68   libspace.o
       138          0          0          0          0         80   lludiv10.o
       240          0          0          0          0        100   lludivv7m.o
         0          0          0          0          0          0   maybetermalloc1.o
        24          4          0          0          0         84   noretval__2printf.o
        12          6          0          0          0         68   putchar.o
        44          4          0          0          0         84   puts.o
        16          4          0          0          0         76   rt_ctype_table.o
         8          4          0          0          0         68   rt_errno_addr_intlibspace.o
         8          4          0          0          0         68   rt_heap_descriptor_intlibspace.o
         8          4          0          0          0         68   rt_locale_intlibspace.o
        78          0          0          0          0         80   rt_memclr_w.o
       138          0          0          0          0         68   rt_memcpy_v6.o
       100          0          0          0          0         80   rt_memcpy_w.o
       132          0          0          0          0         68   rt_memmove_v6.o
       122          0          0          0          0         80   rt_memmove_w.o
         2          0          0          0          0          0   rtexit.o
        10          0          0          0          0          0   rtexit2.o
        70          0          0          0          0         80   setvbuf.o
       240          6          0          0          0        156   stdio.o
         0          0          0         12        252          0   stdio_streams.o
        42          0          0          0          0         84   strcasecmp.o
        20          0          0          0          0         68   strchr.o
       124          0          0          0          0         88   strcmpv7em.o
        32          0          0          0          0         80   strcspn.o
        62          0          0          0          0         76   strlen.o
        28          0          0          0          0         80   strspn.o
       112          0          0          0          0         88   strtol.o
       114          0          0          0          0         92   strtoul.o
        12          4          0          0          0         68   sys_exit.o
        74          0          0          0          0         80   sys_stackheap_outer.o
        14          0          0          0          0         76   sys_wrch.o
        26          0          0          0          0         76   tolower.o
         2          0          0          0          0         68   use_no_semi.o
        12          0          0          0          0        116   dretinf.o
        86          4          0          0          0        132   f2d.o
       140          4          0          0          0        132   fnaninf.o
        26          0          0          0          0        116   fpinit.o
         4          0          0          0          0        116   printf1.o
         0          0          0          0          0          0   usenofp.o
        48          0          0          0          0        124   fpclassify.o

    ----------------------------------------------------------------------
      9456        412        488         12        348       7488   Library Totals
        20          0          0          0          0          0   (incl. Padding)

    ----------------------------------------------------------------------

      Code (inc. data)   RO Data    RW Data    ZI Data      Debug   Library Name

      9120        404        488         12        348       6752   c_w.l
       268          8          0          0          0        612   fz_wm.l
        48          0          0          0          0        124   m_wm.l

    ----------------------------------------------------------------------
      9456        412        488         12        348       7488   Library Totals

    ----------------------------------------------------------------------

==============================================================================


      Code (inc. data)   RO Data    RW Data    ZI Data      Debug   

     32884       3314       2520       4200       6576     380310   Grand Totals
     32884       3314       2520       3216       6576     380310   ELF Image Totals (compressed)
     32884       3314       2520       3216          0          0   ROM Totals

==============================================================================

    Total RO  Size (Code + RO Data)                35404 (  34.57kB)
    Total RW  Size (RW Data + ZI Data)             10776 (  10.52kB)
    Total ROM Size (Code + RO Data + RW Data)      38620 (  37.71kB)

==============================================================================

