<html>
<body>
<pre>
<h1>µVision Build Log</h1>
<h2>Tool Versions:</h2>
IDE-Version: µVision V5.34.0.0
Copyright (C) 2021 ARM Ltd and ARM Germany GmbH. All rights reserved.
License Information: Vladimir Remek, freelancer, LIC=7YKYW-QUDX7-RFCIZ-JXBAC-HPE1R-RZZX9
 
Tool Versions:
Toolchain:       MDK-ARM Professional  Version: 5.34.0.0
Toolchain Path:  C:\Keil_v534\ARM\ARMCLANG\Bin
C Compiler:      ArmClang.exe V6.16
Assembler:       Armasm.exe V6.16
Linker/Locator:  ArmLink.exe V6.16
Library Manager: ArmAr.exe V6.16
Hex Converter:   FromElf.exe V6.16
CPU DLL:         SARMCM3.DLL V5.34.0.0
Dialog DLL:      DCM.DLL V1.17.3.0
Target DLL:      Segger\JL2CM3.dll V2.99.38.0
Dialog DLL:      TCM.DLL V1.48.0.0
 
<h2>Project:</h2>
D:\EFR32\nonrailtest\norailtest.uvprojx
Project File Date:  07/02/2021

<h2>Output:</h2>
*** Using Compiler 'V6.16', folder: 'C:\Keil_v534\ARM\ARMCLANG\Bin'
Rebuild target 'efr32fg1v131'
compiling main.c...
compiling command_interpreter.c...
compiling mcu_memory.c...
compiling retargetserial.c...
compiling app_cli.c...
compiling si7210.c...
compiling myspi.c...
compiling spi_ram.c...
compiling myi2c.c...
compiling sfh7771.c...
compiling atten.c...
compiling leds.c...
compiling adc.c...
compiling radio_proc.c...
compiling em_system.c...
compiling em_gpio.c...
compiling em_cmu.c...
compiling em_usart.c...
compiling em_emu.c...
compiling em_int.c...
compiling em_msc.c...
compiling em_i2c.c...
compiling em_adc.c...
compiling em_letimer.c...
compiling tempdrv.c...
assembling startup_efr32fg1v.s...
compiling system_efr32fg1v.c...
compiling generic_seq.c...
compiling if_adc.c...
compiling lna.c...
compiling generic_phy.c...
compiling ir_cal.c...
compiling aux_pll.c...
radio/src/pa.c(517): warning: operator '>>' has lower precedence than '-'; '-' will be evaluated first [-Wshift-op-parentheses]
                                 return ((MODEM_RAMPLEV_RAMPLEV2 - MODEM_RAMPLEV_RAMPLEV1) << MODEM_RAMPCTRL_RAMPRATE2) / 32 
                                          ~~~~~~~~~~~~~~~~~~~~~~~^~~~~~~~~~~~~~~~~~~~~~~~
radio/src/pa.c(517): note: place parentheses around the '-' expression to silence this warning
                                 return ((MODEM_RAMPLEV_RAMPLEV2 - MODEM_RAMPLEV_RAMPLEV1) << MODEM_RAMPCTRL_RAMPRATE2) / 32 
                                          ~~~~~~~~~~~~~~~~~~~~~~~^~~~~~~~~~~~~~~~~~~~~~~~
radio/src/pa.c(519): warning: operator '>>' has lower precedence than '-'; '-' will be evaluated first [-Wshift-op-parentheses]
         ((MODEM_RAMPLEV_RAMPLEV1 - MODEM_RAMPLEV_RAMPLEV0) << MODEM_RAMPCTRL_RAMPRATE1) / 32
           ~~~~~~~~~~~~~~~~~~~~~~~^~~~~~~~~~~~~~~~~~~~~~~~
radio/src/pa.c(519): note: place parentheses around the '-' expression to silence this warning
         ((MODEM_RAMPLEV_RAMPLEV1 - MODEM_RAMPLEV_RAMPLEV0) << MODEM_RAMPCTRL_RAMPRATE1) / 32
           ~~~~~~~~~~~~~~~~~~~~~~~^~~~~~~~~~~~~~~~~~~~~~~~
2 warnings generated.
compiling pa.c...
compiling phy_utils.c...
compiling phy.c...
compiling protimer.c...
compiling radio_cmu.c...
compiling RADIO_pti.c...
compiling rail_calibration.c...
compiling radio.c...
compiling rail_diagnostic.c...
compiling rail_rf.c...
compiling rail_rx.c...
compiling rail_tx.c...
compiling rail_rf_hal.c...
compiling rf_rand.c...
compiling rf_test.c...
compiling rfsense.c...
compiling rtccsync.c...
compiling tempcal.c...
compiling synth.c...
compiling rail_callbacks.c...
compiling nibblebits.c...
compiling retarget_io.c...
linking...
Program Size: Code=32884 RO-data=2520 RW-data=4200 ZI-data=6576  
FromELF: creating hex file...
After Build - User command #1: fromelf --bin ".\objects\norailtest.axf" --output ".\objects\norailtest.bin"
".\Objects\norailtest.axf" - 0 Error(s), 2 Warning(s).

<h2>Software Packages used:</h2>

Package Vendor: SiliconLabs
                https://www.silabs.com/documents/public/cmsis-packs/SiliconLabs.GeckoPlatform_EFR32FG1V_DFP.3.1.0.pack
                SiliconLabs.GeckoPlatform_EFR32FG1V_DFP.3.1.0
                Silicon Labs EFR32FG1V Flex Gecko Series Device Support.

Package Vendor: Keil
                http://www.keil.com/pack/Keil.ARM_Compiler.1.6.3.pack
                Keil.ARM_Compiler.1.6.3
                Keil ARM Compiler extensions for ARM Compiler 5 and ARM Compiler 6
   * Component: STDIN Variant: User Version: 1.2.0
   * Component: STDOUT Variant: User Version: 1.2.0

<h2>Collection of Component include folders:</h2>
  .\RTE\_efr32fg1v131
  C:\Keil_v534\Packs\SiliconLabs\GeckoPlatform_EFR32FG1V_DFP\3.1.0\Device\SiliconLabs\EFR32FG1V\Include

<h2>Collection of Component Files used:</h2>

   * Component: Keil.ARM Compiler::Compiler:I/O:STDIN:User:1.2.0
      Source file:   Template\stdin_USART.c
      Source file:   Template\stdin_user.c
      Source file:   Template\stdin_keyboard.c
      Source file:   Source\retarget_io.c

   * Component: Keil.ARM Compiler::Compiler:I/O:STDOUT:User:1.2.0
      Source file:   Source\retarget_io.c
      Source file:   Template\stdout_display.c
      Source file:   Template\stdout_USART.c
      Source file:   Template\stdout_user.c
Build Time Elapsed:  00:00:03
</pre>
</body>
</html>
