<!doctype html public "-//w3c//dtd html 4.0 transitional//en">
<html><head>
<title>Static Call Graph - [.\Objects\norailtest.axf]</title></head>
<body><HR>
<H1>Static Call Graph for image .\Objects\norailtest.axf</H1><HR>
<BR><P>#&#060CALLGRAPH&#062# ARM Linker, 6160001: Last Updated: Mon Jul  5 13:55:50 2021
<BR><P>
<H3>Maximum Stack Usage =        328 bytes + Unknown(Cycles, Untraceable Function Pointers)</H3><H3>
Call chain for Maximum Stack Depth:</H3>
__rt_entry_main &rArr; main &rArr; process_cli &rArr; ciProcessInput &rArr; processCommand &rArr; ciPrintHelp &rArr; __2printf &rArr; _printf_char_file &rArr; _printf_char_common &rArr; __printf
<P>
<H3>
Mutually Recursive functions
</H3> <LI><a href="#[33]">NMI_Handler</a>&nbsp;&nbsp;&nbsp;&rArr;&nbsp;&nbsp;&nbsp;<a href="#[33]">NMI_Handler</a><BR>
 <LI><a href="#[34]">HardFault_Handler</a>&nbsp;&nbsp;&nbsp;&rArr;&nbsp;&nbsp;&nbsp;<a href="#[34]">HardFault_Handler</a><BR>
 <LI><a href="#[35]">MemManage_Handler</a>&nbsp;&nbsp;&nbsp;&rArr;&nbsp;&nbsp;&nbsp;<a href="#[35]">MemManage_Handler</a><BR>
 <LI><a href="#[36]">BusFault_Handler</a>&nbsp;&nbsp;&nbsp;&rArr;&nbsp;&nbsp;&nbsp;<a href="#[36]">BusFault_Handler</a><BR>
 <LI><a href="#[37]">UsageFault_Handler</a>&nbsp;&nbsp;&nbsp;&rArr;&nbsp;&nbsp;&nbsp;<a href="#[37]">UsageFault_Handler</a><BR>
 <LI><a href="#[38]">SVC_Handler</a>&nbsp;&nbsp;&nbsp;&rArr;&nbsp;&nbsp;&nbsp;<a href="#[38]">SVC_Handler</a><BR>
 <LI><a href="#[39]">DebugMon_Handler</a>&nbsp;&nbsp;&nbsp;&rArr;&nbsp;&nbsp;&nbsp;<a href="#[39]">DebugMon_Handler</a><BR>
 <LI><a href="#[3b]">PendSV_Handler</a>&nbsp;&nbsp;&nbsp;&rArr;&nbsp;&nbsp;&nbsp;<a href="#[3b]">PendSV_Handler</a><BR>
 <LI><a href="#[3c]">SysTick_Handler</a>&nbsp;&nbsp;&nbsp;&rArr;&nbsp;&nbsp;&nbsp;<a href="#[3c]">SysTick_Handler</a><BR>
 <LI><a href="#[4a]">ACMP0_IRQHandler</a>&nbsp;&nbsp;&nbsp;&rArr;&nbsp;&nbsp;&nbsp;<a href="#[4a]">ACMP0_IRQHandler</a><BR>
 <LI><a href="#[192]">USART_Rx</a>&nbsp;&nbsp;&nbsp;&rArr;&nbsp;&nbsp;&nbsp;<a href="#[192]">USART_Rx</a><BR>
 <LI><a href="#[fd]">CMU_OscillatorEnable</a>&nbsp;&nbsp;&nbsp;&rArr;&nbsp;&nbsp;&nbsp;<a href="#[fd]">CMU_OscillatorEnable</a><BR>
 <LI><a href="#[179]">USART_Tx</a>&nbsp;&nbsp;&nbsp;&rArr;&nbsp;&nbsp;&nbsp;<a href="#[179]">USART_Tx</a><BR>
 <LI><a href="#[139]">regSync</a>&nbsp;&nbsp;&nbsp;&rArr;&nbsp;&nbsp;&nbsp;<a href="#[139]">regSync</a><BR>
</UL>
<P>
<H3>
Function Pointers
</H3><UL>
 <LI><a href="#[4a]">ACMP0_IRQHandler</a> from startup_efr32fg1v.o(.text) referenced from startup_efr32fg1v.o(RESET)
 <LI><a href="#[4b]">ADC0_IRQHandler</a> from adc.o(.text.ADC0_IRQHandler) referenced from startup_efr32fg1v.o(RESET)
 <LI><a href="#[58]">AGC_IRQHandler</a> from radio.o(.text.AGC_IRQHandler) referenced from startup_efr32fg1v.o(RESET)
 <LI><a href="#[44]">BUFC_IRQHandler</a> from radio.o(.text.BUFC_IRQHandler) referenced from startup_efr32fg1v.o(RESET)
 <LI><a href="#[36]">BusFault_Handler</a> from startup_efr32fg1v.o(.text) referenced from startup_efr32fg1v.o(RESET)
 <LI><a href="#[54]">CMU_IRQHandler</a> from startup_efr32fg1v.o(.text) referenced from startup_efr32fg1v.o(RESET)
 <LI><a href="#[5c]">CRYOTIMER_IRQHandler</a> from startup_efr32fg1v.o(.text) referenced from startup_efr32fg1v.o(RESET)
 <LI><a href="#[56]">CRYPTO_IRQHandler</a> from startup_efr32fg1v.o(.text) referenced from startup_efr32fg1v.o(RESET)
 <LI><a href="#[39]">DebugMon_Handler</a> from startup_efr32fg1v.o(.text) referenced from startup_efr32fg1v.o(RESET)
 <LI><a href="#[3d]">EMU_IRQHandler</a> from tempdrv.o(.text.EMU_IRQHandler) referenced from startup_efr32fg1v.o(RESET)
 <LI><a href="#[5e]">FPUEH_IRQHandler</a> from startup_efr32fg1v.o(.text) referenced from startup_efr32fg1v.o(RESET)
 <LI><a href="#[40]">FRC_IRQHandler</a> from radio.o(.text.FRC_IRQHandler) referenced from startup_efr32fg1v.o(RESET)
 <LI><a href="#[3e]">FRC_PRI_IRQHandler</a> from radio.o(.text.FRC_PRI_IRQHandler) referenced from startup_efr32fg1v.o(RESET)
 <LI><a href="#[46]">GPIO_EVEN_IRQHandler</a> from startup_efr32fg1v.o(.text) referenced from startup_efr32fg1v.o(RESET)
 <LI><a href="#[4e]">GPIO_ODD_IRQHandler</a> from startup_efr32fg1v.o(.text) referenced from startup_efr32fg1v.o(RESET)
 <LI><a href="#[34]">HardFault_Handler</a> from startup_efr32fg1v.o(.text) referenced from startup_efr32fg1v.o(RESET)
 <LI><a href="#[4d]">I2C0_IRQHandler</a> from startup_efr32fg1v.o(.text) referenced from startup_efr32fg1v.o(RESET)
 <LI><a href="#[4c]">IDAC0_IRQHandler</a> from startup_efr32fg1v.o(.text) referenced from startup_efr32fg1v.o(RESET)
 <LI><a href="#[45]">LDMA_IRQHandler</a> from startup_efr32fg1v.o(.text) referenced from startup_efr32fg1v.o(RESET)
 <LI><a href="#[57]">LETIMER0_IRQHandler</a> from adc.o(.text.LETIMER0_IRQHandler) referenced from startup_efr32fg1v.o(RESET)
 <LI><a href="#[52]">LEUART0_IRQHandler</a> from startup_efr32fg1v.o(.text) referenced from startup_efr32fg1v.o(RESET)
 <LI><a href="#[41]">MODEM_IRQHandler</a> from radio.o(.text.MODEM_IRQHandler) referenced from startup_efr32fg1v.o(RESET)
 <LI><a href="#[55]">MSC_IRQHandler</a> from startup_efr32fg1v.o(.text) referenced from startup_efr32fg1v.o(RESET)
 <LI><a href="#[35]">MemManage_Handler</a> from startup_efr32fg1v.o(.text) referenced from startup_efr32fg1v.o(RESET)
 <LI><a href="#[33]">NMI_Handler</a> from startup_efr32fg1v.o(.text) referenced from startup_efr32fg1v.o(RESET)
 <LI><a href="#[53]">PCNT0_IRQHandler</a> from startup_efr32fg1v.o(.text) referenced from startup_efr32fg1v.o(RESET)
 <LI><a href="#[59]">PROTIMER_IRQHandler</a> from radio.o(.text.PROTIMER_IRQHandler) referenced from startup_efr32fg1v.o(RESET)
 <LI><a href="#[3b]">PendSV_Handler</a> from startup_efr32fg1v.o(.text) referenced from startup_efr32fg1v.o(RESET)
 <LI><a href="#[43]">RAC_RSM_IRQHandler</a> from radio.o(.text.RAC_RSM_IRQHandler) referenced from startup_efr32fg1v.o(RESET)
 <LI><a href="#[42]">RAC_SEQ_IRQHandler</a> from radio.o(.text.RAC_SEQ_IRQHandler) referenced from startup_efr32fg1v.o(RESET)
 <LI><a href="#[5d]">RFSENSE_IRQHandler</a> from rfsense.o(.text.RFSENSE_IRQHandler) referenced from startup_efr32fg1v.o(RESET)
 <LI><a href="#[5a]">RTCC_IRQHandler</a> from startup_efr32fg1v.o(.text) referenced from startup_efr32fg1v.o(RESET)
 <LI><a href="#[32]">Reset_Handler</a> from startup_efr32fg1v.o(.text) referenced from startup_efr32fg1v.o(RESET)
 <LI><a href="#[38]">SVC_Handler</a> from startup_efr32fg1v.o(.text) referenced from startup_efr32fg1v.o(RESET)
 <LI><a href="#[5b]">SYNTH_IRQHandler</a> from startup_efr32fg1v.o(.text) referenced from startup_efr32fg1v.o(RESET)
 <LI><a href="#[3c]">SysTick_Handler</a> from startup_efr32fg1v.o(.text) referenced from startup_efr32fg1v.o(RESET)
 <LI><a href="#[5f]">SystemInit</a> from system_efr32fg1v.o(.text.SystemInit) referenced from startup_efr32fg1v.o(.text)
 <LI><a href="#[47]">TIMER0_IRQHandler</a> from startup_efr32fg1v.o(.text) referenced from startup_efr32fg1v.o(RESET)
 <LI><a href="#[4f]">TIMER1_IRQHandler</a> from startup_efr32fg1v.o(.text) referenced from startup_efr32fg1v.o(RESET)
 <LI><a href="#[48]">USART0_RX_IRQHandler</a> from retargetserial.o(.text.USART0_RX_IRQHandler) referenced from startup_efr32fg1v.o(RESET)
 <LI><a href="#[49]">USART0_TX_IRQHandler</a> from startup_efr32fg1v.o(.text) referenced from startup_efr32fg1v.o(RESET)
 <LI><a href="#[50]">USART1_RX_IRQHandler</a> from startup_efr32fg1v.o(.text) referenced from startup_efr32fg1v.o(RESET)
 <LI><a href="#[51]">USART1_TX_IRQHandler</a> from startup_efr32fg1v.o(.text) referenced from startup_efr32fg1v.o(RESET)
 <LI><a href="#[37]">UsageFault_Handler</a> from startup_efr32fg1v.o(.text) referenced from startup_efr32fg1v.o(RESET)
 <LI><a href="#[3f]">WDOG0_IRQHandler</a> from startup_efr32fg1v.o(.text) referenced from startup_efr32fg1v.o(RESET)
 <LI><a href="#[60]">__main</a> from __main.o(!!!main) referenced from startup_efr32fg1v.o(.text)
 <LI><a href="#[61]">_get_lc_ctype</a> from lc_ctype_c.o(locale$$code) referenced from rt_ctype_table.o(.text)
 <LI><a href="#[63]">_printf_input_char</a> from _printf_char_common.o(.text) referenced from _printf_char_common.o(.text)
 <LI><a href="#[2d]">cli_beep</a> from app_cli.o(.text.cli_beep) referenced 2 times from app_cli.o(.data.commands)
 <LI><a href="#[17]">cli_calctune</a> from app_cli.o(.text.cli_calctune) referenced 2 times from app_cli.o(.data.commands)
 <LI><a href="#[11]">cli_getatten</a> from app_cli.o(.text.cli_getatten) referenced 2 times from app_cli.o(.data.commands)
 <LI><a href="#[23]">cli_getber</a> from app_cli.o(.text.cli_getber) referenced 2 times from app_cli.o(.data.commands)
 <LI><a href="#[6]">cli_getchannel</a> from app_cli.o(.text.cli_getchannel) referenced 2 times from app_cli.o(.data.commands)
 <LI><a href="#[15]">cli_getctune</a> from app_cli.o(.text.cli_getctune) referenced 2 times from app_cli.o(.data.commands)
 <LI><a href="#[2]">cli_getdevid</a> from app_cli.o(.text.cli_getdevid) referenced 2 times from app_cli.o(.data.commands)
 <LI><a href="#[13]">cli_getextatten</a> from app_cli.o(.text.cli_getextatten) referenced 2 times from app_cli.o(.data.commands)
 <LI><a href="#[10]">cli_getfreqoffset</a> from app_cli.o(.text.cli_getfreqoffset) referenced 2 times from app_cli.o(.data.commands)
 <LI><a href="#[2c]">cli_getkey</a> from app_cli.o(.text.cli_getkey) referenced 2 times from app_cli.o(.data.commands)
 <LI><a href="#[2a]">cli_getlight</a> from app_cli.o(.text.cli_getlight) referenced 2 times from app_cli.o(.data.commands)
 <LI><a href="#[19]">cli_getpactune</a> from app_cli.o(.text.cli_getpactune) referenced 2 times from app_cli.o(.data.commands)
 <LI><a href="#[29]">cli_getpir</a> from app_cli.o(.text.cli_getpir) referenced 2 times from app_cli.o(.data.commands)
 <LI><a href="#[8]">cli_getpower</a> from app_cli.o(.text.cli_getpower) referenced 2 times from app_cli.o(.data.commands)
 <LI><a href="#[a]">cli_getpowerlevel</a> from app_cli.o(.text.cli_getpowerlevel) referenced 2 times from app_cli.o(.data.commands)
 <LI><a href="#[d]">cli_getrssi</a> from app_cli.o(.text.cli_getrssi) referenced 2 times from app_cli.o(.data.commands)
 <LI><a href="#[e]">cli_getrssioffset</a> from app_cli.o(.text.cli_getrssioffset) referenced 2 times from app_cli.o(.data.commands)
 <LI><a href="#[20]">cli_getrxcount</a> from app_cli.o(.text.cli_getrxcount) referenced 2 times from app_cli.o(.data.commands)
 <LI><a href="#[5]">cli_getver</a> from app_cli.o(.text.cli_getver) referenced 2 times from app_cli.o(.data.commands)
 <LI><a href="#[24]">cli_getvt</a> from app_cli.o(.text.cli_getvt) referenced 2 times from app_cli.o(.data.commands)
 <LI><a href="#[1]">cli_info</a> from app_cli.o(.text.cli_info) referenced 2 times from app_cli.o(.data.commands)
 <LI><a href="#[26]">cli_ledtest</a> from app_cli.o(.text.cli_ledtest) referenced 2 times from app_cli.o(.data.commands)
 <LI><a href="#[27]">cli_piren</a> from app_cli.o(.text.cli_piren) referenced 2 times from app_cli.o(.data.commands)
 <LI><a href="#[4]">cli_printmode</a> from app_cli.o(.text.cli_printmode) referenced 2 times from app_cli.o(.data.commands)
 <LI><a href="#[30]">cli_ramtest</a> from app_cli.o(.text.cli_ramtest) referenced 2 times from app_cli.o(.data.commands)
 <LI><a href="#[31]">cli_read7210</a> from app_cli.o(.text.cli_read7210) referenced 2 times from app_cli.o(.data.commands)
 <LI><a href="#[2e]">cli_readram</a> from app_cli.o(.text.cli_readram) referenced 2 times from app_cli.o(.data.commands)
 <LI><a href="#[0]">cli_reset</a> from app_cli.o(.text.cli_reset) referenced 2 times from app_cli.o(.data.commands)
 <LI><a href="#[1c]">cli_sendburst</a> from app_cli.o(.text.cli_sendburst) referenced 2 times from app_cli.o(.data.commands)
 <LI><a href="#[12]">cli_setatten</a> from app_cli.o(.text.cli_setatten) referenced 2 times from app_cli.o(.data.commands)
 <LI><a href="#[2b]">cli_setbright</a> from app_cli.o(.text.cli_setbright) referenced 2 times from app_cli.o(.data.commands)
 <LI><a href="#[7]">cli_setchannel</a> from app_cli.o(.text.cli_setchannel) referenced 2 times from app_cli.o(.data.commands)
 <LI><a href="#[16]">cli_setctune</a> from app_cli.o(.text.cli_setctune) referenced 2 times from app_cli.o(.data.commands)
 <LI><a href="#[3]">cli_setdevid</a> from app_cli.o(.text.cli_setdevid) referenced 2 times from app_cli.o(.data.commands)
 <LI><a href="#[25]">cli_setem</a> from app_cli.o(.text.cli_setem) referenced 2 times from app_cli.o(.data.commands)
 <LI><a href="#[14]">cli_setextatten</a> from app_cli.o(.text.cli_setextatten) referenced 2 times from app_cli.o(.data.commands)
 <LI><a href="#[1a]">cli_setpactune</a> from app_cli.o(.text.cli_setpactune) referenced 2 times from app_cli.o(.data.commands)
 <LI><a href="#[9]">cli_setpower</a> from app_cli.o(.text.cli_setpower) referenced 2 times from app_cli.o(.data.commands)
 <LI><a href="#[b]">cli_setpowerlevel</a> from app_cli.o(.text.cli_setpowerlevel) referenced 2 times from app_cli.o(.data.commands)
 <LI><a href="#[c]">cli_setrflevel</a> from app_cli.o(.text.cli_setrflevel) referenced 2 times from app_cli.o(.data.commands)
 <LI><a href="#[f]">cli_setrssioffset</a> from app_cli.o(.text.cli_setrssioffset) referenced 2 times from app_cli.o(.data.commands)
 <LI><a href="#[21]">cli_startber</a> from app_cli.o(.text.cli_startber) referenced 2 times from app_cli.o(.data.commands)
 <LI><a href="#[28]">cli_startpir</a> from app_cli.o(.text.cli_startpir) referenced 2 times from app_cli.o(.data.commands)
 <LI><a href="#[1e]">cli_startrxcount</a> from app_cli.o(.text.cli_startrxcount) referenced 2 times from app_cli.o(.data.commands)
 <LI><a href="#[22]">cli_stopber</a> from app_cli.o(.text.cli_stopber) referenced 2 times from app_cli.o(.data.commands)
 <LI><a href="#[1f]">cli_stoprxcount</a> from app_cli.o(.text.cli_stoprxcount) referenced 2 times from app_cli.o(.data.commands)
 <LI><a href="#[18]">cli_storectune</a> from app_cli.o(.text.cli_storectune) referenced 2 times from app_cli.o(.data.commands)
 <LI><a href="#[1b]">cli_storepactune</a> from app_cli.o(.text.cli_storepactune) referenced 2 times from app_cli.o(.data.commands)
 <LI><a href="#[1d]">cli_txstream</a> from app_cli.o(.text.cli_txstream) referenced 2 times from app_cli.o(.data.commands)
 <LI><a href="#[2f]">cli_writeram</a> from app_cli.o(.text.cli_writeram) referenced 2 times from app_cli.o(.data.commands)
 <LI><a href="#[64]">errataCallback</a> from tempdrv.o(.text.errataCallback) referenced 2 times from tempdrv.o(.text.errataInit)
 <LI><a href="#[62]">fputc</a> from fputc.o(i.fputc) referenced from _printf_char_file.o(.text)
 <LI><a href="#[3a]">sl_app_properties</a> from startup_efr32fg1v.o(.text) referenced from startup_efr32fg1v.o(RESET)
</UL>
<P>
<H3>
Global Symbols
</H3>
<P><STRONG><a name="[60]"></a>__main</STRONG> (Thumb, 8 bytes, Stack size 0 bytes, __main.o(!!!main))
<BR><BR>[Calls]<UL><LI><a href="#[66]">&gt;&gt;</a>&nbsp;&nbsp;&nbsp;__rt_entry
<LI><a href="#[65]">&gt;&gt;</a>&nbsp;&nbsp;&nbsp;__scatterload
</UL>
<BR>[Address Reference Count : 1]<UL><LI> startup_efr32fg1v.o(.text)
</UL>
<P><STRONG><a name="[65]"></a>__scatterload</STRONG> (Thumb, 0 bytes, Stack size unknown bytes, __scatter.o(!!!scatter))
<BR><BR>[Called By]<UL><LI><a href="#[60]">&gt;&gt;</a>&nbsp;&nbsp;&nbsp;__main
</UL>

<P><STRONG><a name="[67]"></a>__scatterload_rt2</STRONG> (Thumb, 44 bytes, Stack size unknown bytes, __scatter.o(!!!scatter), UNUSED)
<BR><BR>[Calls]<UL><LI><a href="#[66]">&gt;&gt;</a>&nbsp;&nbsp;&nbsp;__rt_entry
</UL>

<P><STRONG><a name="[1e5]"></a>__scatterload_rt2_thumb_only</STRONG> (Thumb, 0 bytes, Stack size unknown bytes, __scatter.o(!!!scatter), UNUSED)

<P><STRONG><a name="[1e6]"></a>__scatterload_null</STRONG> (Thumb, 0 bytes, Stack size unknown bytes, __scatter.o(!!!scatter), UNUSED)

<P><STRONG><a name="[1e7]"></a>__decompress</STRONG> (Thumb, 90 bytes, Stack size unknown bytes, __dczerorl2.o(!!dczerorl2), UNUSED)

<P><STRONG><a name="[1e8]"></a>__decompress1</STRONG> (Thumb, 0 bytes, Stack size unknown bytes, __dczerorl2.o(!!dczerorl2), UNUSED)

<P><STRONG><a name="[1e9]"></a>__scatterload_zeroinit</STRONG> (Thumb, 28 bytes, Stack size unknown bytes, __scatter_zi.o(!!handler_zi), UNUSED)

<P><STRONG><a name="[68]"></a>_printf_f</STRONG> (Thumb, 0 bytes, Stack size unknown bytes, _printf_f.o(.ARM.Collect$$_printf_percent$$00000003))
<BR><BR>[Stack]<UL><LI>Max Depth = 324 + Unknown Stack Size
<LI>Call Chain = _printf_f &rArr; _printf_fp_dec &rArr; _printf_fp_dec_real &rArr; _fp_digits &rArr; _btod_etento &rArr; _btod_emul &rArr; _e2e
</UL>
<BR>[Calls]<UL><LI><a href="#[69]">&gt;&gt;</a>&nbsp;&nbsp;&nbsp;_printf_fp_dec
</UL>

<P><STRONG><a name="[93]"></a>_printf_percent</STRONG> (Thumb, 0 bytes, Stack size unknown bytes, _printf_percent.o(.ARM.Collect$$_printf_percent$$00000000))
<BR><BR>[Called By]<UL><LI><a href="#[91]">&gt;&gt;</a>&nbsp;&nbsp;&nbsp;__printf
</UL>

<P><STRONG><a name="[1ea]"></a>_printf_ll</STRONG> (Thumb, 0 bytes, Stack size unknown bytes, _printf_ll.o(.ARM.Collect$$_printf_percent$$00000007))

<P><STRONG><a name="[6a]"></a>_printf_d</STRONG> (Thumb, 0 bytes, Stack size unknown bytes, _printf_d.o(.ARM.Collect$$_printf_percent$$00000009))
<BR><BR>[Stack]<UL><LI>Max Depth = 72 + Unknown Stack Size
<LI>Call Chain = _printf_d &rArr; _printf_int_dec &rArr; _printf_int_common &rArr; _printf_post_padding
</UL>
<BR>[Calls]<UL><LI><a href="#[6b]">&gt;&gt;</a>&nbsp;&nbsp;&nbsp;_printf_int_dec
</UL>

<P><STRONG><a name="[6c]"></a>_printf_x</STRONG> (Thumb, 0 bytes, Stack size unknown bytes, _printf_x.o(.ARM.Collect$$_printf_percent$$0000000C))
<BR><BR>[Stack]<UL><LI>Max Depth = 80 + Unknown Stack Size
<LI>Call Chain = _printf_x &rArr; _printf_int_hex &rArr; _printf_longlong_hex &rArr; _printf_int_common &rArr; _printf_post_padding
</UL>
<BR>[Calls]<UL><LI><a href="#[6d]">&gt;&gt;</a>&nbsp;&nbsp;&nbsp;_printf_int_hex
</UL>

<P><STRONG><a name="[6e]"></a>_printf_llx</STRONG> (Thumb, 0 bytes, Stack size unknown bytes, _printf_llx.o(.ARM.Collect$$_printf_percent$$00000011))
<BR><BR>[Stack]<UL><LI>Max Depth = 64 + Unknown Stack Size
<LI>Call Chain = _printf_llx &rArr; _printf_ll_hex &rArr; _printf_longlong_hex &rArr; _printf_int_common &rArr; _printf_post_padding
</UL>
<BR>[Calls]<UL><LI><a href="#[6f]">&gt;&gt;</a>&nbsp;&nbsp;&nbsp;_printf_ll_hex
</UL>

<P><STRONG><a name="[70]"></a>_printf_s</STRONG> (Thumb, 0 bytes, Stack size unknown bytes, _printf_s.o(.ARM.Collect$$_printf_percent$$00000014))
<BR><BR>[Stack]<UL><LI>Max Depth = 40 + Unknown Stack Size
<LI>Call Chain = _printf_s &rArr; _printf_string &rArr; _printf_cs_common &rArr; _printf_str &rArr; _printf_post_padding
</UL>
<BR>[Calls]<UL><LI><a href="#[71]">&gt;&gt;</a>&nbsp;&nbsp;&nbsp;_printf_string
</UL>

<P><STRONG><a name="[1eb]"></a>_printf_percent_end</STRONG> (Thumb, 0 bytes, Stack size unknown bytes, _printf_percent_end.o(.ARM.Collect$$_printf_percent$$00000017))

<P><STRONG><a name="[82]"></a>__rt_lib_init</STRONG> (Thumb, 0 bytes, Stack size unknown bytes, libinit.o(.ARM.Collect$$libinit$$00000000))
<BR><BR>[Called By]<UL><LI><a href="#[81]">&gt;&gt;</a>&nbsp;&nbsp;&nbsp;__rt_entry_li
</UL>

<P><STRONG><a name="[72]"></a>__rt_lib_init_fp_1</STRONG> (Thumb, 0 bytes, Stack size unknown bytes, libinit2.o(.ARM.Collect$$libinit$$00000001))
<BR><BR>[Calls]<UL><LI><a href="#[73]">&gt;&gt;</a>&nbsp;&nbsp;&nbsp;_fp_init
</UL>

<P><STRONG><a name="[74]"></a>__rt_lib_init_heap_2</STRONG> (Thumb, 0 bytes, Stack size unknown bytes, libinit2.o(.ARM.Collect$$libinit$$00000005))
<BR><BR>[Stack]<UL><LI>Max Depth = 64 + Unknown Stack Size
<LI>Call Chain = __rt_lib_init_heap_2 &rArr; _init_alloc &rArr; __rt_SIGRTMEM &rArr; __rt_SIGRTMEM_inner &rArr; __default_signal_display &rArr; _ttywrch
</UL>
<BR>[Calls]<UL><LI><a href="#[75]">&gt;&gt;</a>&nbsp;&nbsp;&nbsp;_init_alloc
</UL>

<P><STRONG><a name="[1ec]"></a>__rt_lib_init_preinit_1</STRONG> (Thumb, 0 bytes, Stack size unknown bytes, libinit2.o(.ARM.Collect$$libinit$$00000004))

<P><STRONG><a name="[1ed]"></a>__rt_lib_init_heap_1</STRONG> (Thumb, 0 bytes, Stack size unknown bytes, libinit2.o(.ARM.Collect$$libinit$$0000000A))

<P><STRONG><a name="[76]"></a>__rt_lib_init_lc_common</STRONG> (Thumb, 0 bytes, Stack size unknown bytes, libinit2.o(.ARM.Collect$$libinit$$0000000F))
<BR><BR>[Calls]<UL><LI><a href="#[77]">&gt;&gt;</a>&nbsp;&nbsp;&nbsp;__rt_locale
</UL>

<P><STRONG><a name="[1ee]"></a>__rt_lib_init_rand_1</STRONG> (Thumb, 0 bytes, Stack size unknown bytes, libinit2.o(.ARM.Collect$$libinit$$0000000E))

<P><STRONG><a name="[1ef]"></a>__rt_lib_init_user_alloc_1</STRONG> (Thumb, 0 bytes, Stack size unknown bytes, libinit2.o(.ARM.Collect$$libinit$$0000000C))

<P><STRONG><a name="[1f0]"></a>__rt_lib_init_lc_collate_1</STRONG> (Thumb, 0 bytes, Stack size unknown bytes, libinit2.o(.ARM.Collect$$libinit$$00000011))

<P><STRONG><a name="[78]"></a>__rt_lib_init_lc_ctype_2</STRONG> (Thumb, 0 bytes, Stack size unknown bytes, libinit2.o(.ARM.Collect$$libinit$$00000012))
<BR><BR>[Stack]<UL><LI>Max Depth = 16 + Unknown Stack Size
<LI>Call Chain = __rt_lib_init_lc_ctype_2 &rArr; _get_lc_ctype &rArr; strcmp
</UL>
<BR>[Calls]<UL><LI><a href="#[61]">&gt;&gt;</a>&nbsp;&nbsp;&nbsp;_get_lc_ctype
</UL>

<P><STRONG><a name="[1f1]"></a>__rt_lib_init_lc_ctype_1</STRONG> (Thumb, 0 bytes, Stack size unknown bytes, libinit2.o(.ARM.Collect$$libinit$$00000013))

<P><STRONG><a name="[1f2]"></a>__rt_lib_init_lc_monetary_1</STRONG> (Thumb, 0 bytes, Stack size unknown bytes, libinit2.o(.ARM.Collect$$libinit$$00000015))

<P><STRONG><a name="[79]"></a>__rt_lib_init_lc_numeric_2</STRONG> (Thumb, 0 bytes, Stack size unknown bytes, libinit2.o(.ARM.Collect$$libinit$$00000016))
<BR><BR>[Stack]<UL><LI>Max Depth = 16 + Unknown Stack Size
<LI>Call Chain = __rt_lib_init_lc_numeric_2 &rArr; _get_lc_numeric &rArr; strcmp
</UL>
<BR>[Calls]<UL><LI><a href="#[7a]">&gt;&gt;</a>&nbsp;&nbsp;&nbsp;_get_lc_numeric
</UL>

<P><STRONG><a name="[1f3]"></a>__rt_lib_init_atexit_1</STRONG> (Thumb, 0 bytes, Stack size unknown bytes, libinit2.o(.ARM.Collect$$libinit$$0000001B))

<P><STRONG><a name="[1f4]"></a>__rt_lib_init_clock_1</STRONG> (Thumb, 0 bytes, Stack size unknown bytes, libinit2.o(.ARM.Collect$$libinit$$00000021))

<P><STRONG><a name="[1f5]"></a>__rt_lib_init_fp_trap_1</STRONG> (Thumb, 0 bytes, Stack size unknown bytes, libinit2.o(.ARM.Collect$$libinit$$0000001F))

<P><STRONG><a name="[1f6]"></a>__rt_lib_init_getenv_1</STRONG> (Thumb, 0 bytes, Stack size unknown bytes, libinit2.o(.ARM.Collect$$libinit$$00000023))

<P><STRONG><a name="[1f7]"></a>__rt_lib_init_lc_numeric_1</STRONG> (Thumb, 0 bytes, Stack size unknown bytes, libinit2.o(.ARM.Collect$$libinit$$00000017))

<P><STRONG><a name="[1f8]"></a>__rt_lib_init_lc_time_1</STRONG> (Thumb, 0 bytes, Stack size unknown bytes, libinit2.o(.ARM.Collect$$libinit$$00000019))

<P><STRONG><a name="[1f9]"></a>__rt_lib_init_signal_1</STRONG> (Thumb, 0 bytes, Stack size unknown bytes, libinit2.o(.ARM.Collect$$libinit$$0000001D))

<P><STRONG><a name="[7b]"></a>__rt_lib_init_stdio_2</STRONG> (Thumb, 0 bytes, Stack size unknown bytes, libinit2.o(.ARM.Collect$$libinit$$00000024))
<BR><BR>[Stack]<UL><LI>Max Depth = 272 + Unknown Stack Size
<LI>Call Chain = __rt_lib_init_stdio_2 &rArr; _initio &rArr; freopen &rArr; _fclose_internal &rArr; _fflush &rArr; _writebuf &rArr; _sys_write &rArr; stdout_putchar &rArr; RETARGET_WriteChar &rArr; RETARGET_SerialInit &rArr; USART_InitAsync &rArr; USART_BaudrateAsyncSet &rArr; CMU_ClockFreqGet &rArr; CMU_ClockDivGet &rArr; CMU_ClockPrescGet
</UL>
<BR>[Calls]<UL><LI><a href="#[7c]">&gt;&gt;</a>&nbsp;&nbsp;&nbsp;_initio
</UL>

<P><STRONG><a name="[1fa]"></a>__rt_lib_init_alloca_1</STRONG> (Thumb, 0 bytes, Stack size unknown bytes, libinit2.o(.ARM.Collect$$libinit$$0000002E))

<P><STRONG><a name="[1fb]"></a>__rt_lib_init_argv_1</STRONG> (Thumb, 0 bytes, Stack size unknown bytes, libinit2.o(.ARM.Collect$$libinit$$0000002C))

<P><STRONG><a name="[1fc]"></a>__rt_lib_init_cpp_1</STRONG> (Thumb, 0 bytes, Stack size unknown bytes, libinit2.o(.ARM.Collect$$libinit$$00000032))

<P><STRONG><a name="[1fd]"></a>__rt_lib_init_exceptions_1</STRONG> (Thumb, 0 bytes, Stack size unknown bytes, libinit2.o(.ARM.Collect$$libinit$$00000030))

<P><STRONG><a name="[1fe]"></a>__rt_lib_init_return</STRONG> (Thumb, 0 bytes, Stack size unknown bytes, libinit2.o(.ARM.Collect$$libinit$$00000033))

<P><STRONG><a name="[1ff]"></a>__rt_lib_init_stdio_1</STRONG> (Thumb, 0 bytes, Stack size unknown bytes, libinit2.o(.ARM.Collect$$libinit$$00000025))

<P><STRONG><a name="[87]"></a>__rt_lib_shutdown</STRONG> (Thumb, 0 bytes, Stack size unknown bytes, libshutdown.o(.ARM.Collect$$libshutdown$$00000000))
<BR><BR>[Called By]<UL><LI><a href="#[86]">&gt;&gt;</a>&nbsp;&nbsp;&nbsp;__rt_exit_ls
</UL>

<P><STRONG><a name="[200]"></a>__rt_lib_shutdown_cpp_1</STRONG> (Thumb, 0 bytes, Stack size unknown bytes, libshutdown2.o(.ARM.Collect$$libshutdown$$00000002))

<P><STRONG><a name="[7d]"></a>__rt_lib_shutdown_stdio_2</STRONG> (Thumb, 0 bytes, Stack size unknown bytes, libshutdown2.o(.ARM.Collect$$libshutdown$$00000003))
<BR><BR>[Stack]<UL><LI>Max Depth = 256 + Unknown Stack Size
<LI>Call Chain = __rt_lib_shutdown_stdio_2 &rArr; _terminateio &rArr; _fclose_internal &rArr; _fflush &rArr; _writebuf &rArr; _sys_write &rArr; stdout_putchar &rArr; RETARGET_WriteChar &rArr; RETARGET_SerialInit &rArr; USART_InitAsync &rArr; USART_BaudrateAsyncSet &rArr; CMU_ClockFreqGet &rArr; CMU_ClockDivGet &rArr; CMU_ClockPrescGet
</UL>
<BR>[Calls]<UL><LI><a href="#[7e]">&gt;&gt;</a>&nbsp;&nbsp;&nbsp;_terminateio
</UL>

<P><STRONG><a name="[201]"></a>__rt_lib_shutdown_fp_trap_1</STRONG> (Thumb, 0 bytes, Stack size unknown bytes, libshutdown2.o(.ARM.Collect$$libshutdown$$00000007))

<P><STRONG><a name="[202]"></a>__rt_lib_shutdown_heap_1</STRONG> (Thumb, 0 bytes, Stack size unknown bytes, libshutdown2.o(.ARM.Collect$$libshutdown$$0000000F))

<P><STRONG><a name="[203]"></a>__rt_lib_shutdown_return</STRONG> (Thumb, 0 bytes, Stack size unknown bytes, libshutdown2.o(.ARM.Collect$$libshutdown$$00000010))

<P><STRONG><a name="[204]"></a>__rt_lib_shutdown_signal_1</STRONG> (Thumb, 0 bytes, Stack size unknown bytes, libshutdown2.o(.ARM.Collect$$libshutdown$$0000000A))

<P><STRONG><a name="[205]"></a>__rt_lib_shutdown_stdio_1</STRONG> (Thumb, 0 bytes, Stack size unknown bytes, libshutdown2.o(.ARM.Collect$$libshutdown$$00000004))

<P><STRONG><a name="[206]"></a>__rt_lib_shutdown_user_alloc_1</STRONG> (Thumb, 0 bytes, Stack size unknown bytes, libshutdown2.o(.ARM.Collect$$libshutdown$$0000000C))

<P><STRONG><a name="[66]"></a>__rt_entry</STRONG> (Thumb, 0 bytes, Stack size unknown bytes, __rtentry.o(.ARM.Collect$$rtentry$$00000000))
<BR><BR>[Called By]<UL><LI><a href="#[60]">&gt;&gt;</a>&nbsp;&nbsp;&nbsp;__main
<LI><a href="#[67]">&gt;&gt;</a>&nbsp;&nbsp;&nbsp;__scatterload_rt2
</UL>

<P><STRONG><a name="[207]"></a>__rt_entry_presh_1</STRONG> (Thumb, 0 bytes, Stack size unknown bytes, __rtentry2.o(.ARM.Collect$$rtentry$$00000002))

<P><STRONG><a name="[7f]"></a>__rt_entry_sh</STRONG> (Thumb, 0 bytes, Stack size unknown bytes, __rtentry4.o(.ARM.Collect$$rtentry$$00000004))
<BR><BR>[Stack]<UL><LI>Max Depth = 8 + Unknown Stack Size
<LI>Call Chain = __rt_entry_sh &rArr; __user_setup_stackheap
</UL>
<BR>[Calls]<UL><LI><a href="#[80]">&gt;&gt;</a>&nbsp;&nbsp;&nbsp;__user_setup_stackheap
</UL>

<P><STRONG><a name="[81]"></a>__rt_entry_li</STRONG> (Thumb, 0 bytes, Stack size unknown bytes, __rtentry2.o(.ARM.Collect$$rtentry$$0000000A))
<BR><BR>[Calls]<UL><LI><a href="#[82]">&gt;&gt;</a>&nbsp;&nbsp;&nbsp;__rt_lib_init
</UL>

<P><STRONG><a name="[208]"></a>__rt_entry_postsh_1</STRONG> (Thumb, 0 bytes, Stack size unknown bytes, __rtentry2.o(.ARM.Collect$$rtentry$$00000009))

<P><STRONG><a name="[83]"></a>__rt_entry_main</STRONG> (Thumb, 0 bytes, Stack size unknown bytes, __rtentry2.o(.ARM.Collect$$rtentry$$0000000D))
<BR><BR>[Stack]<UL><LI>Max Depth = 328 + Unknown Stack Size
<LI>Call Chain = __rt_entry_main &rArr; main &rArr; process_cli &rArr; ciProcessInput &rArr; processCommand &rArr; ciPrintHelp &rArr; __2printf &rArr; _printf_char_file &rArr; _printf_char_common &rArr; __printf
</UL>
<BR>[Calls]<UL><LI><a href="#[84]">&gt;&gt;</a>&nbsp;&nbsp;&nbsp;main
<LI><a href="#[85]">&gt;&gt;</a>&nbsp;&nbsp;&nbsp;exit
</UL>

<P><STRONG><a name="[209]"></a>__rt_entry_postli_1</STRONG> (Thumb, 0 bytes, Stack size unknown bytes, __rtentry2.o(.ARM.Collect$$rtentry$$0000000C))

<P><STRONG><a name="[d0]"></a>__rt_exit</STRONG> (Thumb, 0 bytes, Stack size unknown bytes, rtexit.o(.ARM.Collect$$rtexit$$00000000))
<BR><BR>[Called By]<UL><LI><a href="#[85]">&gt;&gt;</a>&nbsp;&nbsp;&nbsp;exit
</UL>

<P><STRONG><a name="[86]"></a>__rt_exit_ls</STRONG> (Thumb, 0 bytes, Stack size unknown bytes, rtexit2.o(.ARM.Collect$$rtexit$$00000003))
<BR><BR>[Calls]<UL><LI><a href="#[87]">&gt;&gt;</a>&nbsp;&nbsp;&nbsp;__rt_lib_shutdown
</UL>

<P><STRONG><a name="[20a]"></a>__rt_exit_prels_1</STRONG> (Thumb, 0 bytes, Stack size unknown bytes, rtexit2.o(.ARM.Collect$$rtexit$$00000002))

<P><STRONG><a name="[88]"></a>__rt_exit_exit</STRONG> (Thumb, 0 bytes, Stack size unknown bytes, rtexit2.o(.ARM.Collect$$rtexit$$00000004))
<BR><BR>[Calls]<UL><LI><a href="#[89]">&gt;&gt;</a>&nbsp;&nbsp;&nbsp;_sys_exit
</UL>

<P><STRONG><a name="[32]"></a>Reset_Handler</STRONG> (Thumb, 8 bytes, Stack size 0 bytes, startup_efr32fg1v.o(.text))
<BR>[Address Reference Count : 1]<UL><LI> startup_efr32fg1v.o(RESET)
</UL>
<P><STRONG><a name="[33]"></a>NMI_Handler</STRONG> (Thumb, 2 bytes, Stack size 0 bytes, startup_efr32fg1v.o(.text))
<BR><BR>[Calls]<UL><LI><a href="#[33]">&gt;&gt;</a>&nbsp;&nbsp;&nbsp;NMI_Handler
</UL>
<BR>[Called By]<UL><LI><a href="#[33]">&gt;&gt;</a>&nbsp;&nbsp;&nbsp;NMI_Handler
</UL>
<BR>[Address Reference Count : 1]<UL><LI> startup_efr32fg1v.o(RESET)
</UL>
<P><STRONG><a name="[3a]"></a>sl_app_properties</STRONG> (Thumb, 0 bytes, Stack size 0 bytes, startup_efr32fg1v.o(.text))
<BR>[Address Reference Count : 1]<UL><LI> startup_efr32fg1v.o(RESET)
</UL>
<P><STRONG><a name="[34]"></a>HardFault_Handler</STRONG> (Thumb, 2 bytes, Stack size 0 bytes, startup_efr32fg1v.o(.text))
<BR><BR>[Calls]<UL><LI><a href="#[34]">&gt;&gt;</a>&nbsp;&nbsp;&nbsp;HardFault_Handler
</UL>
<BR>[Called By]<UL><LI><a href="#[34]">&gt;&gt;</a>&nbsp;&nbsp;&nbsp;HardFault_Handler
</UL>
<BR>[Address Reference Count : 1]<UL><LI> startup_efr32fg1v.o(RESET)
</UL>
<P><STRONG><a name="[35]"></a>MemManage_Handler</STRONG> (Thumb, 2 bytes, Stack size 0 bytes, startup_efr32fg1v.o(.text))
<BR><BR>[Calls]<UL><LI><a href="#[35]">&gt;&gt;</a>&nbsp;&nbsp;&nbsp;MemManage_Handler
</UL>
<BR>[Called By]<UL><LI><a href="#[35]">&gt;&gt;</a>&nbsp;&nbsp;&nbsp;MemManage_Handler
</UL>
<BR>[Address Reference Count : 1]<UL><LI> startup_efr32fg1v.o(RESET)
</UL>
<P><STRONG><a name="[36]"></a>BusFault_Handler</STRONG> (Thumb, 2 bytes, Stack size 0 bytes, startup_efr32fg1v.o(.text))
<BR><BR>[Calls]<UL><LI><a href="#[36]">&gt;&gt;</a>&nbsp;&nbsp;&nbsp;BusFault_Handler
</UL>
<BR>[Called By]<UL><LI><a href="#[36]">&gt;&gt;</a>&nbsp;&nbsp;&nbsp;BusFault_Handler
</UL>
<BR>[Address Reference Count : 1]<UL><LI> startup_efr32fg1v.o(RESET)
</UL>
<P><STRONG><a name="[37]"></a>UsageFault_Handler</STRONG> (Thumb, 2 bytes, Stack size 0 bytes, startup_efr32fg1v.o(.text))
<BR><BR>[Calls]<UL><LI><a href="#[37]">&gt;&gt;</a>&nbsp;&nbsp;&nbsp;UsageFault_Handler
</UL>
<BR>[Called By]<UL><LI><a href="#[37]">&gt;&gt;</a>&nbsp;&nbsp;&nbsp;UsageFault_Handler
</UL>
<BR>[Address Reference Count : 1]<UL><LI> startup_efr32fg1v.o(RESET)
</UL>
<P><STRONG><a name="[38]"></a>SVC_Handler</STRONG> (Thumb, 2 bytes, Stack size 0 bytes, startup_efr32fg1v.o(.text))
<BR><BR>[Calls]<UL><LI><a href="#[38]">&gt;&gt;</a>&nbsp;&nbsp;&nbsp;SVC_Handler
</UL>
<BR>[Called By]<UL><LI><a href="#[38]">&gt;&gt;</a>&nbsp;&nbsp;&nbsp;SVC_Handler
</UL>
<BR>[Address Reference Count : 1]<UL><LI> startup_efr32fg1v.o(RESET)
</UL>
<P><STRONG><a name="[39]"></a>DebugMon_Handler</STRONG> (Thumb, 2 bytes, Stack size 0 bytes, startup_efr32fg1v.o(.text))
<BR><BR>[Calls]<UL><LI><a href="#[39]">&gt;&gt;</a>&nbsp;&nbsp;&nbsp;DebugMon_Handler
</UL>
<BR>[Called By]<UL><LI><a href="#[39]">&gt;&gt;</a>&nbsp;&nbsp;&nbsp;DebugMon_Handler
</UL>
<BR>[Address Reference Count : 1]<UL><LI> startup_efr32fg1v.o(RESET)
</UL>
<P><STRONG><a name="[3b]"></a>PendSV_Handler</STRONG> (Thumb, 2 bytes, Stack size 0 bytes, startup_efr32fg1v.o(.text))
<BR><BR>[Calls]<UL><LI><a href="#[3b]">&gt;&gt;</a>&nbsp;&nbsp;&nbsp;PendSV_Handler
</UL>
<BR>[Called By]<UL><LI><a href="#[3b]">&gt;&gt;</a>&nbsp;&nbsp;&nbsp;PendSV_Handler
</UL>
<BR>[Address Reference Count : 1]<UL><LI> startup_efr32fg1v.o(RESET)
</UL>
<P><STRONG><a name="[3c]"></a>SysTick_Handler</STRONG> (Thumb, 2 bytes, Stack size 0 bytes, startup_efr32fg1v.o(.text))
<BR><BR>[Calls]<UL><LI><a href="#[3c]">&gt;&gt;</a>&nbsp;&nbsp;&nbsp;SysTick_Handler
</UL>
<BR>[Called By]<UL><LI><a href="#[3c]">&gt;&gt;</a>&nbsp;&nbsp;&nbsp;SysTick_Handler
</UL>
<BR>[Address Reference Count : 1]<UL><LI> startup_efr32fg1v.o(RESET)
</UL>
<P><STRONG><a name="[4a]"></a>ACMP0_IRQHandler</STRONG> (Thumb, 0 bytes, Stack size 0 bytes, startup_efr32fg1v.o(.text))
<BR><BR>[Calls]<UL><LI><a href="#[4a]">&gt;&gt;</a>&nbsp;&nbsp;&nbsp;ACMP0_IRQHandler
</UL>
<BR>[Called By]<UL><LI><a href="#[4a]">&gt;&gt;</a>&nbsp;&nbsp;&nbsp;ACMP0_IRQHandler
</UL>
<BR>[Address Reference Count : 1]<UL><LI> startup_efr32fg1v.o(RESET)
</UL>
<P><STRONG><a name="[54]"></a>CMU_IRQHandler</STRONG> (Thumb, 0 bytes, Stack size 0 bytes, startup_efr32fg1v.o(.text))
<BR>[Address Reference Count : 1]<UL><LI> startup_efr32fg1v.o(RESET)
</UL>
<P><STRONG><a name="[5c]"></a>CRYOTIMER_IRQHandler</STRONG> (Thumb, 0 bytes, Stack size 0 bytes, startup_efr32fg1v.o(.text))
<BR>[Address Reference Count : 1]<UL><LI> startup_efr32fg1v.o(RESET)
</UL>
<P><STRONG><a name="[56]"></a>CRYPTO_IRQHandler</STRONG> (Thumb, 0 bytes, Stack size 0 bytes, startup_efr32fg1v.o(.text))
<BR>[Address Reference Count : 1]<UL><LI> startup_efr32fg1v.o(RESET)
</UL>
<P><STRONG><a name="[5e]"></a>FPUEH_IRQHandler</STRONG> (Thumb, 0 bytes, Stack size 0 bytes, startup_efr32fg1v.o(.text))
<BR>[Address Reference Count : 1]<UL><LI> startup_efr32fg1v.o(RESET)
</UL>
<P><STRONG><a name="[46]"></a>GPIO_EVEN_IRQHandler</STRONG> (Thumb, 0 bytes, Stack size 0 bytes, startup_efr32fg1v.o(.text))
<BR>[Address Reference Count : 1]<UL><LI> startup_efr32fg1v.o(RESET)
</UL>
<P><STRONG><a name="[4e]"></a>GPIO_ODD_IRQHandler</STRONG> (Thumb, 0 bytes, Stack size 0 bytes, startup_efr32fg1v.o(.text))
<BR>[Address Reference Count : 1]<UL><LI> startup_efr32fg1v.o(RESET)
</UL>
<P><STRONG><a name="[4d]"></a>I2C0_IRQHandler</STRONG> (Thumb, 0 bytes, Stack size 0 bytes, startup_efr32fg1v.o(.text))
<BR>[Address Reference Count : 1]<UL><LI> startup_efr32fg1v.o(RESET)
</UL>
<P><STRONG><a name="[4c]"></a>IDAC0_IRQHandler</STRONG> (Thumb, 0 bytes, Stack size 0 bytes, startup_efr32fg1v.o(.text))
<BR>[Address Reference Count : 1]<UL><LI> startup_efr32fg1v.o(RESET)
</UL>
<P><STRONG><a name="[45]"></a>LDMA_IRQHandler</STRONG> (Thumb, 0 bytes, Stack size 0 bytes, startup_efr32fg1v.o(.text))
<BR>[Address Reference Count : 1]<UL><LI> startup_efr32fg1v.o(RESET)
</UL>
<P><STRONG><a name="[52]"></a>LEUART0_IRQHandler</STRONG> (Thumb, 0 bytes, Stack size 0 bytes, startup_efr32fg1v.o(.text))
<BR>[Address Reference Count : 1]<UL><LI> startup_efr32fg1v.o(RESET)
</UL>
<P><STRONG><a name="[55]"></a>MSC_IRQHandler</STRONG> (Thumb, 0 bytes, Stack size 0 bytes, startup_efr32fg1v.o(.text))
<BR>[Address Reference Count : 1]<UL><LI> startup_efr32fg1v.o(RESET)
</UL>
<P><STRONG><a name="[53]"></a>PCNT0_IRQHandler</STRONG> (Thumb, 0 bytes, Stack size 0 bytes, startup_efr32fg1v.o(.text))
<BR>[Address Reference Count : 1]<UL><LI> startup_efr32fg1v.o(RESET)
</UL>
<P><STRONG><a name="[5a]"></a>RTCC_IRQHandler</STRONG> (Thumb, 0 bytes, Stack size 0 bytes, startup_efr32fg1v.o(.text))
<BR>[Address Reference Count : 1]<UL><LI> startup_efr32fg1v.o(RESET)
</UL>
<P><STRONG><a name="[5b]"></a>SYNTH_IRQHandler</STRONG> (Thumb, 0 bytes, Stack size 0 bytes, startup_efr32fg1v.o(.text))
<BR>[Address Reference Count : 1]<UL><LI> startup_efr32fg1v.o(RESET)
</UL>
<P><STRONG><a name="[47]"></a>TIMER0_IRQHandler</STRONG> (Thumb, 0 bytes, Stack size 0 bytes, startup_efr32fg1v.o(.text))
<BR>[Address Reference Count : 1]<UL><LI> startup_efr32fg1v.o(RESET)
</UL>
<P><STRONG><a name="[4f]"></a>TIMER1_IRQHandler</STRONG> (Thumb, 0 bytes, Stack size 0 bytes, startup_efr32fg1v.o(.text))
<BR>[Address Reference Count : 1]<UL><LI> startup_efr32fg1v.o(RESET)
</UL>
<P><STRONG><a name="[49]"></a>USART0_TX_IRQHandler</STRONG> (Thumb, 0 bytes, Stack size 0 bytes, startup_efr32fg1v.o(.text))
<BR>[Address Reference Count : 1]<UL><LI> startup_efr32fg1v.o(RESET)
</UL>
<P><STRONG><a name="[50]"></a>USART1_RX_IRQHandler</STRONG> (Thumb, 0 bytes, Stack size 0 bytes, startup_efr32fg1v.o(.text))
<BR>[Address Reference Count : 1]<UL><LI> startup_efr32fg1v.o(RESET)
</UL>
<P><STRONG><a name="[51]"></a>USART1_TX_IRQHandler</STRONG> (Thumb, 0 bytes, Stack size 0 bytes, startup_efr32fg1v.o(.text))
<BR>[Address Reference Count : 1]<UL><LI> startup_efr32fg1v.o(RESET)
</UL>
<P><STRONG><a name="[3f]"></a>WDOG0_IRQHandler</STRONG> (Thumb, 0 bytes, Stack size 0 bytes, startup_efr32fg1v.o(.text))
<BR>[Address Reference Count : 1]<UL><LI> startup_efr32fg1v.o(RESET)
</UL>
<P><STRONG><a name="[c7]"></a>__user_initial_stackheap</STRONG> (Thumb, 10 bytes, Stack size 0 bytes, startup_efr32fg1v.o(.text))
<BR><BR>[Called By]<UL><LI><a href="#[80]">&gt;&gt;</a>&nbsp;&nbsp;&nbsp;__user_setup_stackheap
</UL>

<P><STRONG><a name="[97]"></a>__aeabi_errno_addr</STRONG> (Thumb, 8 bytes, Stack size 0 bytes, rt_errno_addr_intlibspace.o(.text))
<BR><BR>[Called By]<UL><LI><a href="#[1db]">&gt;&gt;</a>&nbsp;&nbsp;&nbsp;validateInteger
<LI><a href="#[96]">&gt;&gt;</a>&nbsp;&nbsp;&nbsp;_strtoul
<LI><a href="#[98]">&gt;&gt;</a>&nbsp;&nbsp;&nbsp;strtoul
<LI><a href="#[94]">&gt;&gt;</a>&nbsp;&nbsp;&nbsp;strtol
<LI><a href="#[cd]">&gt;&gt;</a>&nbsp;&nbsp;&nbsp;_ftell_internal
</UL>

<P><STRONG><a name="[20b]"></a>__errno$intlibspace</STRONG> (Thumb, 0 bytes, Stack size 0 bytes, rt_errno_addr_intlibspace.o(.text), UNUSED)

<P><STRONG><a name="[20c]"></a>__rt_errno_addr$intlibspace</STRONG> (Thumb, 0 bytes, Stack size 0 bytes, rt_errno_addr_intlibspace.o(.text), UNUSED)

<P><STRONG><a name="[16a]"></a>__aeabi_uldivmod</STRONG> (Thumb, 0 bytes, Stack size 48 bytes, lludivv7m.o(.text))
<BR><BR>[Stack]<UL><LI>Max Depth = 48<LI>Call Chain = __aeabi_uldivmod
</UL>
<BR>[Called By]<UL><LI><a href="#[180]">&gt;&gt;</a>&nbsp;&nbsp;&nbsp;SYNTH_Config
<LI><a href="#[15e]">&gt;&gt;</a>&nbsp;&nbsp;&nbsp;RADIO_UsToStimerTickCalc
</UL>

<P><STRONG><a name="[20d]"></a>_ll_udiv</STRONG> (Thumb, 240 bytes, Stack size 48 bytes, lludivv7m.o(.text), UNUSED)

<P><STRONG><a name="[8a]"></a>__2printf</STRONG> (Thumb, 20 bytes, Stack size 24 bytes, noretval__2printf.o(.text))
<BR><BR>[Stack]<UL><LI>Max Depth = 136 + Unknown Stack Size
<LI>Call Chain = __2printf &rArr; _printf_char_file &rArr; _printf_char_common &rArr; __printf
</UL>
<BR>[Calls]<UL><LI><a href="#[8b]">&gt;&gt;</a>&nbsp;&nbsp;&nbsp;_printf_char_file
</UL>
<BR>[Called By]<UL><LI><a href="#[144]">&gt;&gt;</a>&nbsp;&nbsp;&nbsp;PA_PowerLevelSet
<LI><a href="#[1a3]">&gt;&gt;</a>&nbsp;&nbsp;&nbsp;print_light_data
<LI><a href="#[28]">&gt;&gt;</a>&nbsp;&nbsp;&nbsp;cli_startpir
<LI><a href="#[f]">&gt;&gt;</a>&nbsp;&nbsp;&nbsp;cli_setrssioffset
<LI><a href="#[c]">&gt;&gt;</a>&nbsp;&nbsp;&nbsp;cli_setrflevel
<LI><a href="#[b]">&gt;&gt;</a>&nbsp;&nbsp;&nbsp;cli_setpowerlevel
<LI><a href="#[9]">&gt;&gt;</a>&nbsp;&nbsp;&nbsp;cli_setpower
<LI><a href="#[1a]">&gt;&gt;</a>&nbsp;&nbsp;&nbsp;cli_setpactune
<LI><a href="#[16]">&gt;&gt;</a>&nbsp;&nbsp;&nbsp;cli_setctune
<LI><a href="#[7]">&gt;&gt;</a>&nbsp;&nbsp;&nbsp;cli_setchannel
<LI><a href="#[1]">&gt;&gt;</a>&nbsp;&nbsp;&nbsp;cli_info
<LI><a href="#[24]">&gt;&gt;</a>&nbsp;&nbsp;&nbsp;cli_getvt
<LI><a href="#[5]">&gt;&gt;</a>&nbsp;&nbsp;&nbsp;cli_getver
<LI><a href="#[29]">&gt;&gt;</a>&nbsp;&nbsp;&nbsp;cli_getpir
<LI><a href="#[2]">&gt;&gt;</a>&nbsp;&nbsp;&nbsp;cli_getdevid
<LI><a href="#[15]">&gt;&gt;</a>&nbsp;&nbsp;&nbsp;cli_getctune
<LI><a href="#[19d]">&gt;&gt;</a>&nbsp;&nbsp;&nbsp;ciPrintHelp
<LI><a href="#[19a]">&gt;&gt;</a>&nbsp;&nbsp;&nbsp;ciErrorCallback
<LI><a href="#[145]">&gt;&gt;</a>&nbsp;&nbsp;&nbsp;PA_StripesAndSlicesSet
<LI><a href="#[14c]">&gt;&gt;</a>&nbsp;&nbsp;&nbsp;PA_StripesAndSlicesCommonCalc
<LI><a href="#[142]">&gt;&gt;</a>&nbsp;&nbsp;&nbsp;PA_PowerLevelOptimize
</UL>

<P><STRONG><a name="[8d]"></a>_printf_pre_padding</STRONG> (Thumb, 44 bytes, Stack size 16 bytes, _printf_pad.o(.text))
<BR><BR>[Stack]<UL><LI>Max Depth = 16<LI>Call Chain = _printf_pre_padding
</UL>
<BR>[Called By]<UL><LI><a href="#[aa]">&gt;&gt;</a>&nbsp;&nbsp;&nbsp;_printf_fp_infnan
<LI><a href="#[a8]">&gt;&gt;</a>&nbsp;&nbsp;&nbsp;_printf_fp_dec_real
<LI><a href="#[8f]">&gt;&gt;</a>&nbsp;&nbsp;&nbsp;_printf_int_common
<LI><a href="#[8c]">&gt;&gt;</a>&nbsp;&nbsp;&nbsp;_printf_str
</UL>

<P><STRONG><a name="[8e]"></a>_printf_post_padding</STRONG> (Thumb, 34 bytes, Stack size 16 bytes, _printf_pad.o(.text))
<BR><BR>[Stack]<UL><LI>Max Depth = 16<LI>Call Chain = _printf_post_padding
</UL>
<BR>[Called By]<UL><LI><a href="#[aa]">&gt;&gt;</a>&nbsp;&nbsp;&nbsp;_printf_fp_infnan
<LI><a href="#[a8]">&gt;&gt;</a>&nbsp;&nbsp;&nbsp;_printf_fp_dec_real
<LI><a href="#[8f]">&gt;&gt;</a>&nbsp;&nbsp;&nbsp;_printf_int_common
<LI><a href="#[8c]">&gt;&gt;</a>&nbsp;&nbsp;&nbsp;_printf_str
</UL>

<P><STRONG><a name="[8c]"></a>_printf_str</STRONG> (Thumb, 82 bytes, Stack size 16 bytes, _printf_str.o(.text))
<BR><BR>[Stack]<UL><LI>Max Depth = 32<LI>Call Chain = _printf_str &rArr; _printf_post_padding
</UL>
<BR>[Calls]<UL><LI><a href="#[8e]">&gt;&gt;</a>&nbsp;&nbsp;&nbsp;_printf_post_padding
<LI><a href="#[8d]">&gt;&gt;</a>&nbsp;&nbsp;&nbsp;_printf_pre_padding
</UL>
<BR>[Called By]<UL><LI><a href="#[ab]">&gt;&gt;</a>&nbsp;&nbsp;&nbsp;_printf_cs_common
</UL>

<P><STRONG><a name="[6b]"></a>_printf_int_dec</STRONG> (Thumb, 104 bytes, Stack size 24 bytes, _printf_dec.o(.text))
<BR><BR>[Stack]<UL><LI>Max Depth = 72<LI>Call Chain = _printf_int_dec &rArr; _printf_int_common &rArr; _printf_post_padding
</UL>
<BR>[Calls]<UL><LI><a href="#[8f]">&gt;&gt;</a>&nbsp;&nbsp;&nbsp;_printf_int_common
</UL>
<BR>[Called By]<UL><LI><a href="#[6a]">&gt;&gt;</a>&nbsp;&nbsp;&nbsp;_printf_d
</UL>

<P><STRONG><a name="[90]"></a>_printf_longlong_hex</STRONG> (Thumb, 80 bytes, Stack size 16 bytes, _printf_hex_int_ll.o(.text))
<BR><BR>[Stack]<UL><LI>Max Depth = 64<LI>Call Chain = _printf_longlong_hex &rArr; _printf_int_common &rArr; _printf_post_padding
</UL>
<BR>[Calls]<UL><LI><a href="#[8f]">&gt;&gt;</a>&nbsp;&nbsp;&nbsp;_printf_int_common
</UL>
<BR>[Called By]<UL><LI><a href="#[6f]">&gt;&gt;</a>&nbsp;&nbsp;&nbsp;_printf_ll_hex
<LI><a href="#[6d]">&gt;&gt;</a>&nbsp;&nbsp;&nbsp;_printf_int_hex
</UL>

<P><STRONG><a name="[6d]"></a>_printf_int_hex</STRONG> (Thumb, 28 bytes, Stack size 16 bytes, _printf_hex_int_ll.o(.text))
<BR><BR>[Stack]<UL><LI>Max Depth = 80<LI>Call Chain = _printf_int_hex &rArr; _printf_longlong_hex &rArr; _printf_int_common &rArr; _printf_post_padding
</UL>
<BR>[Calls]<UL><LI><a href="#[90]">&gt;&gt;</a>&nbsp;&nbsp;&nbsp;_printf_longlong_hex
</UL>
<BR>[Called By]<UL><LI><a href="#[6c]">&gt;&gt;</a>&nbsp;&nbsp;&nbsp;_printf_x
</UL>

<P><STRONG><a name="[6f]"></a>_printf_ll_hex</STRONG> (Thumb, 12 bytes, Stack size 0 bytes, _printf_hex_int_ll.o(.text))
<BR><BR>[Stack]<UL><LI>Max Depth = 64<LI>Call Chain = _printf_ll_hex &rArr; _printf_longlong_hex &rArr; _printf_int_common &rArr; _printf_post_padding
</UL>
<BR>[Calls]<UL><LI><a href="#[90]">&gt;&gt;</a>&nbsp;&nbsp;&nbsp;_printf_longlong_hex
</UL>
<BR>[Called By]<UL><LI><a href="#[6e]">&gt;&gt;</a>&nbsp;&nbsp;&nbsp;_printf_llx
</UL>

<P><STRONG><a name="[91]"></a>__printf</STRONG> (Thumb, 352 bytes, Stack size 32 bytes, __printf_ss_wp.o(.text))
<BR><BR>[Stack]<UL><LI>Max Depth = 32 + Unknown Stack Size
<LI>Call Chain = __printf
</UL>
<BR>[Calls]<UL><LI><a href="#[93]">&gt;&gt;</a>&nbsp;&nbsp;&nbsp;_printf_percent
<LI><a href="#[92]">&gt;&gt;</a>&nbsp;&nbsp;&nbsp;_is_digit
</UL>
<BR>[Called By]<UL><LI><a href="#[ad]">&gt;&gt;</a>&nbsp;&nbsp;&nbsp;_printf_char_common
</UL>

<P><STRONG><a name="[94]"></a>strtol</STRONG> (Thumb, 112 bytes, Stack size 32 bytes, strtol.o(.text))
<BR><BR>[Stack]<UL><LI>Max Depth = 72<LI>Call Chain = strtol &rArr; _strtoul
</UL>
<BR>[Calls]<UL><LI><a href="#[96]">&gt;&gt;</a>&nbsp;&nbsp;&nbsp;_strtoul
<LI><a href="#[95]">&gt;&gt;</a>&nbsp;&nbsp;&nbsp;__rt_ctype_table
<LI><a href="#[97]">&gt;&gt;</a>&nbsp;&nbsp;&nbsp;__aeabi_errno_addr
</UL>
<BR>[Called By]<UL><LI><a href="#[19b]">&gt;&gt;</a>&nbsp;&nbsp;&nbsp;ciGetSigned
<LI><a href="#[1db]">&gt;&gt;</a>&nbsp;&nbsp;&nbsp;validateInteger
</UL>

<P><STRONG><a name="[98]"></a>strtoul</STRONG> (Thumb, 114 bytes, Stack size 40 bytes, strtoul.o(.text))
<BR><BR>[Stack]<UL><LI>Max Depth = 80<LI>Call Chain = strtoul &rArr; _strtoul
</UL>
<BR>[Calls]<UL><LI><a href="#[96]">&gt;&gt;</a>&nbsp;&nbsp;&nbsp;_strtoul
<LI><a href="#[95]">&gt;&gt;</a>&nbsp;&nbsp;&nbsp;__rt_ctype_table
<LI><a href="#[97]">&gt;&gt;</a>&nbsp;&nbsp;&nbsp;__aeabi_errno_addr
</UL>
<BR>[Called By]<UL><LI><a href="#[19c]">&gt;&gt;</a>&nbsp;&nbsp;&nbsp;ciGetUnsigned
<LI><a href="#[1db]">&gt;&gt;</a>&nbsp;&nbsp;&nbsp;validateInteger
</UL>

<P><STRONG><a name="[99]"></a>putchar</STRONG> (Thumb, 6 bytes, Stack size 0 bytes, putchar.o(.text))
<BR><BR>[Stack]<UL><LI>Max Depth = 32<LI>Call Chain = putchar &rArr; fputc &rArr; __flsbuf_byte
</UL>
<BR>[Calls]<UL><LI><a href="#[62]">&gt;&gt;</a>&nbsp;&nbsp;&nbsp;fputc
</UL>
<BR>[Called By]<UL><LI><a href="#[29]">&gt;&gt;</a>&nbsp;&nbsp;&nbsp;cli_getpir
</UL>

<P><STRONG><a name="[9a]"></a>puts</STRONG> (Thumb, 40 bytes, Stack size 8 bytes, puts.o(.text))
<BR><BR>[Stack]<UL><LI>Max Depth = 40<LI>Call Chain = puts &rArr; fputc &rArr; __flsbuf_byte
</UL>
<BR>[Calls]<UL><LI><a href="#[62]">&gt;&gt;</a>&nbsp;&nbsp;&nbsp;fputc
</UL>
<BR>[Called By]<UL><LI><a href="#[4b]">&gt;&gt;</a>&nbsp;&nbsp;&nbsp;ADC0_IRQHandler
<LI><a href="#[1a3]">&gt;&gt;</a>&nbsp;&nbsp;&nbsp;print_light_data
<LI><a href="#[2f]">&gt;&gt;</a>&nbsp;&nbsp;&nbsp;cli_writeram
<LI><a href="#[1d]">&gt;&gt;</a>&nbsp;&nbsp;&nbsp;cli_txstream
<LI><a href="#[1b]">&gt;&gt;</a>&nbsp;&nbsp;&nbsp;cli_storepactune
<LI><a href="#[18]">&gt;&gt;</a>&nbsp;&nbsp;&nbsp;cli_storectune
<LI><a href="#[1f]">&gt;&gt;</a>&nbsp;&nbsp;&nbsp;cli_stoprxcount
<LI><a href="#[22]">&gt;&gt;</a>&nbsp;&nbsp;&nbsp;cli_stopber
<LI><a href="#[1e]">&gt;&gt;</a>&nbsp;&nbsp;&nbsp;cli_startrxcount
<LI><a href="#[28]">&gt;&gt;</a>&nbsp;&nbsp;&nbsp;cli_startpir
<LI><a href="#[21]">&gt;&gt;</a>&nbsp;&nbsp;&nbsp;cli_startber
<LI><a href="#[f]">&gt;&gt;</a>&nbsp;&nbsp;&nbsp;cli_setrssioffset
<LI><a href="#[c]">&gt;&gt;</a>&nbsp;&nbsp;&nbsp;cli_setrflevel
<LI><a href="#[b]">&gt;&gt;</a>&nbsp;&nbsp;&nbsp;cli_setpowerlevel
<LI><a href="#[9]">&gt;&gt;</a>&nbsp;&nbsp;&nbsp;cli_setpower
<LI><a href="#[1a]">&gt;&gt;</a>&nbsp;&nbsp;&nbsp;cli_setpactune
<LI><a href="#[14]">&gt;&gt;</a>&nbsp;&nbsp;&nbsp;cli_setextatten
<LI><a href="#[25]">&gt;&gt;</a>&nbsp;&nbsp;&nbsp;cli_setem
<LI><a href="#[3]">&gt;&gt;</a>&nbsp;&nbsp;&nbsp;cli_setdevid
<LI><a href="#[7]">&gt;&gt;</a>&nbsp;&nbsp;&nbsp;cli_setchannel
<LI><a href="#[2b]">&gt;&gt;</a>&nbsp;&nbsp;&nbsp;cli_setbright
<LI><a href="#[12]">&gt;&gt;</a>&nbsp;&nbsp;&nbsp;cli_setatten
<LI><a href="#[1c]">&gt;&gt;</a>&nbsp;&nbsp;&nbsp;cli_sendburst
<LI><a href="#[0]">&gt;&gt;</a>&nbsp;&nbsp;&nbsp;cli_reset
<LI><a href="#[2e]">&gt;&gt;</a>&nbsp;&nbsp;&nbsp;cli_readram
<LI><a href="#[31]">&gt;&gt;</a>&nbsp;&nbsp;&nbsp;cli_read7210
<LI><a href="#[30]">&gt;&gt;</a>&nbsp;&nbsp;&nbsp;cli_ramtest
<LI><a href="#[4]">&gt;&gt;</a>&nbsp;&nbsp;&nbsp;cli_printmode
<LI><a href="#[27]">&gt;&gt;</a>&nbsp;&nbsp;&nbsp;cli_piren
<LI><a href="#[26]">&gt;&gt;</a>&nbsp;&nbsp;&nbsp;cli_ledtest
<LI><a href="#[1]">&gt;&gt;</a>&nbsp;&nbsp;&nbsp;cli_info
<LI><a href="#[20]">&gt;&gt;</a>&nbsp;&nbsp;&nbsp;cli_getrxcount
<LI><a href="#[e]">&gt;&gt;</a>&nbsp;&nbsp;&nbsp;cli_getrssioffset
<LI><a href="#[d]">&gt;&gt;</a>&nbsp;&nbsp;&nbsp;cli_getrssi
<LI><a href="#[a]">&gt;&gt;</a>&nbsp;&nbsp;&nbsp;cli_getpowerlevel
<LI><a href="#[8]">&gt;&gt;</a>&nbsp;&nbsp;&nbsp;cli_getpower
<LI><a href="#[29]">&gt;&gt;</a>&nbsp;&nbsp;&nbsp;cli_getpir
<LI><a href="#[19]">&gt;&gt;</a>&nbsp;&nbsp;&nbsp;cli_getpactune
<LI><a href="#[2a]">&gt;&gt;</a>&nbsp;&nbsp;&nbsp;cli_getlight
<LI><a href="#[2c]">&gt;&gt;</a>&nbsp;&nbsp;&nbsp;cli_getkey
<LI><a href="#[10]">&gt;&gt;</a>&nbsp;&nbsp;&nbsp;cli_getfreqoffset
<LI><a href="#[13]">&gt;&gt;</a>&nbsp;&nbsp;&nbsp;cli_getextatten
<LI><a href="#[6]">&gt;&gt;</a>&nbsp;&nbsp;&nbsp;cli_getchannel
<LI><a href="#[23]">&gt;&gt;</a>&nbsp;&nbsp;&nbsp;cli_getber
<LI><a href="#[11]">&gt;&gt;</a>&nbsp;&nbsp;&nbsp;cli_getatten
<LI><a href="#[17]">&gt;&gt;</a>&nbsp;&nbsp;&nbsp;cli_calctune
<LI><a href="#[2d]">&gt;&gt;</a>&nbsp;&nbsp;&nbsp;cli_beep
<LI><a href="#[19d]">&gt;&gt;</a>&nbsp;&nbsp;&nbsp;ciPrintHelp
<LI><a href="#[19a]">&gt;&gt;</a>&nbsp;&nbsp;&nbsp;ciErrorCallback
<LI><a href="#[84]">&gt;&gt;</a>&nbsp;&nbsp;&nbsp;main
<LI><a href="#[1be]">&gt;&gt;</a>&nbsp;&nbsp;&nbsp;init_peripherals
</UL>

<P><STRONG><a name="[b3]"></a>setvbuf</STRONG> (Thumb, 70 bytes, Stack size 16 bytes, setvbuf.o(.text))
<BR><BR>[Stack]<UL><LI>Max Depth = 16<LI>Call Chain = setvbuf
</UL>
<BR>[Called By]<UL><LI><a href="#[16f]">&gt;&gt;</a>&nbsp;&nbsp;&nbsp;RETARGET_SerialInit
<LI><a href="#[7c]">&gt;&gt;</a>&nbsp;&nbsp;&nbsp;_initio
</UL>

<P><STRONG><a name="[1da]"></a>strchr</STRONG> (Thumb, 20 bytes, Stack size 0 bytes, strchr.o(.text))
<BR><BR>[Called By]<UL><LI><a href="#[1d3]">&gt;&gt;</a>&nbsp;&nbsp;&nbsp;validateArguments
</UL>

<P><STRONG><a name="[1d7]"></a>strcspn</STRONG> (Thumb, 32 bytes, Stack size 12 bytes, strcspn.o(.text))
<BR><BR>[Stack]<UL><LI>Max Depth = 12<LI>Call Chain = strcspn
</UL>
<BR>[Called By]<UL><LI><a href="#[1d2]">&gt;&gt;</a>&nbsp;&nbsp;&nbsp;strtok_r
</UL>

<P><STRONG><a name="[1d6]"></a>strspn</STRONG> (Thumb, 28 bytes, Stack size 12 bytes, strspn.o(.text))
<BR><BR>[Stack]<UL><LI>Max Depth = 12<LI>Call Chain = strspn
</UL>
<BR>[Called By]<UL><LI><a href="#[1d2]">&gt;&gt;</a>&nbsp;&nbsp;&nbsp;strtok_r
</UL>

<P><STRONG><a name="[9b]"></a>strcasecmp</STRONG> (Thumb, 42 bytes, Stack size 24 bytes, strcasecmp.o(.text))
<BR><BR>[Stack]<UL><LI>Max Depth = 40<LI>Call Chain = strcasecmp &rArr; tolower &rArr; __rt_ctype_table
</UL>
<BR>[Calls]<UL><LI><a href="#[9c]">&gt;&gt;</a>&nbsp;&nbsp;&nbsp;tolower
</UL>
<BR>[Called By]<UL><LI><a href="#[1a0]">&gt;&gt;</a>&nbsp;&nbsp;&nbsp;processCommand
</UL>

<P><STRONG><a name="[19e]"></a>strlen</STRONG> (Thumb, 62 bytes, Stack size 8 bytes, strlen.o(.text))
<BR><BR>[Stack]<UL><LI>Max Depth = 8<LI>Call Chain = strlen
</UL>
<BR>[Called By]<UL><LI><a href="#[19d]">&gt;&gt;</a>&nbsp;&nbsp;&nbsp;ciPrintHelp
<LI><a href="#[1db]">&gt;&gt;</a>&nbsp;&nbsp;&nbsp;validateInteger
<LI><a href="#[1d3]">&gt;&gt;</a>&nbsp;&nbsp;&nbsp;validateArguments
</UL>

<P><STRONG><a name="[a0]"></a>__aeabi_memcpy</STRONG> (Thumb, 0 bytes, Stack size 0 bytes, rt_memcpy_v6.o(.text))
<BR><BR>[Called By]<UL><LI><a href="#[162]">&gt;&gt;</a>&nbsp;&nbsp;&nbsp;RADIO_SeqInit
<LI><a href="#[19f]">&gt;&gt;</a>&nbsp;&nbsp;&nbsp;ciProcessInput
<LI><a href="#[9f]">&gt;&gt;</a>&nbsp;&nbsp;&nbsp;__rt_memmove
</UL>

<P><STRONG><a name="[9d]"></a>__rt_memcpy</STRONG> (Thumb, 138 bytes, Stack size 0 bytes, rt_memcpy_v6.o(.text), UNUSED)
<BR><BR>[Calls]<UL><LI><a href="#[9e]">&gt;&gt;</a>&nbsp;&nbsp;&nbsp;__aeabi_memcpy4
</UL>

<P><STRONG><a name="[20e]"></a>_memcpy_lastbytes</STRONG> (Thumb, 0 bytes, Stack size unknown bytes, rt_memcpy_v6.o(.text), UNUSED)

<P><STRONG><a name="[1a1]"></a>__aeabi_memmove</STRONG> (Thumb, 0 bytes, Stack size 0 bytes, rt_memmove_v6.o(.text))
<BR><BR>[Called By]<UL><LI><a href="#[19f]">&gt;&gt;</a>&nbsp;&nbsp;&nbsp;ciProcessInput
</UL>

<P><STRONG><a name="[9f]"></a>__rt_memmove</STRONG> (Thumb, 132 bytes, Stack size 0 bytes, rt_memmove_v6.o(.text), UNUSED)
<BR><BR>[Calls]<UL><LI><a href="#[a1]">&gt;&gt;</a>&nbsp;&nbsp;&nbsp;__memmove_aligned
<LI><a href="#[a0]">&gt;&gt;</a>&nbsp;&nbsp;&nbsp;__aeabi_memcpy
</UL>

<P><STRONG><a name="[20f]"></a>__memmove_lastfew</STRONG> (Thumb, 0 bytes, Stack size unknown bytes, rt_memmove_v6.o(.text), UNUSED)

<P><STRONG><a name="[b0]"></a>__aeabi_memclr4</STRONG> (Thumb, 0 bytes, Stack size unknown bytes, rt_memclr_w.o(.text))
<BR><BR>[Called By]<UL><LI><a href="#[162]">&gt;&gt;</a>&nbsp;&nbsp;&nbsp;RADIO_SeqInit
<LI><a href="#[1c0]">&gt;&gt;</a>&nbsp;&nbsp;&nbsp;init_radio
<LI><a href="#[b4]">&gt;&gt;</a>&nbsp;&nbsp;&nbsp;_fclose_internal
<LI><a href="#[c1]">&gt;&gt;</a>&nbsp;&nbsp;&nbsp;fopen
<LI><a href="#[7c]">&gt;&gt;</a>&nbsp;&nbsp;&nbsp;_initio
</UL>

<P><STRONG><a name="[18c]"></a>__aeabi_memclr8</STRONG> (Thumb, 0 bytes, Stack size unknown bytes, rt_memclr_w.o(.text))
<BR><BR>[Called By]<UL><LI><a href="#[18b]">&gt;&gt;</a>&nbsp;&nbsp;&nbsp;TEMPDRV_Init
</UL>

<P><STRONG><a name="[210]"></a>__rt_memclr_w</STRONG> (Thumb, 0 bytes, Stack size unknown bytes, rt_memclr_w.o(.text), UNUSED)

<P><STRONG><a name="[211]"></a>_memset_w</STRONG> (Thumb, 74 bytes, Stack size 4 bytes, rt_memclr_w.o(.text), UNUSED)

<P><STRONG><a name="[196]"></a>strcmp</STRONG> (Thumb, 124 bytes, Stack size 8 bytes, strcmpv7em.o(.text))
<BR><BR>[Stack]<UL><LI>Max Depth = 8<LI>Call Chain = strcmp
</UL>
<BR>[Called By]<UL><LI><a href="#[1d3]">&gt;&gt;</a>&nbsp;&nbsp;&nbsp;validateArguments
<LI><a href="#[7a]">&gt;&gt;</a>&nbsp;&nbsp;&nbsp;_get_lc_numeric
<LI><a href="#[61]">&gt;&gt;</a>&nbsp;&nbsp;&nbsp;_get_lc_ctype
<LI><a href="#[bf]">&gt;&gt;</a>&nbsp;&nbsp;&nbsp;_sys_open
</UL>

<P><STRONG><a name="[212]"></a>__use_two_region_memory</STRONG> (Thumb, 2 bytes, Stack size 0 bytes, heapauxi.o(.text), UNUSED)

<P><STRONG><a name="[213]"></a>__rt_heap_escrow</STRONG> (Thumb, 2 bytes, Stack size 0 bytes, heapauxi.o(.text), UNUSED)

<P><STRONG><a name="[214]"></a>__rt_heap_expand</STRONG> (Thumb, 2 bytes, Stack size 0 bytes, heapauxi.o(.text), UNUSED)

<P><STRONG><a name="[215]"></a>__user_libspace</STRONG> (Thumb, 8 bytes, Stack size 0 bytes, libspace.o(.text), UNUSED)

<P><STRONG><a name="[c6]"></a>__user_perproc_libspace</STRONG> (Thumb, 0 bytes, Stack size 0 bytes, libspace.o(.text))
<BR><BR>[Called By]<UL><LI><a href="#[80]">&gt;&gt;</a>&nbsp;&nbsp;&nbsp;__user_setup_stackheap
</UL>

<P><STRONG><a name="[216]"></a>__user_perthread_libspace</STRONG> (Thumb, 0 bytes, Stack size 0 bytes, libspace.o(.text), UNUSED)

<P><STRONG><a name="[95]"></a>__rt_ctype_table</STRONG> (Thumb, 16 bytes, Stack size 8 bytes, rt_ctype_table.o(.text))
<BR><BR>[Stack]<UL><LI>Max Depth = 8<LI>Call Chain = __rt_ctype_table
</UL>
<BR>[Calls]<UL><LI><a href="#[77]">&gt;&gt;</a>&nbsp;&nbsp;&nbsp;__rt_locale
</UL>
<BR>[Called By]<UL><LI><a href="#[9c]">&gt;&gt;</a>&nbsp;&nbsp;&nbsp;tolower
<LI><a href="#[98]">&gt;&gt;</a>&nbsp;&nbsp;&nbsp;strtoul
<LI><a href="#[94]">&gt;&gt;</a>&nbsp;&nbsp;&nbsp;strtol
</UL>

<P><STRONG><a name="[9c]"></a>tolower</STRONG> (Thumb, 26 bytes, Stack size 8 bytes, tolower.o(.text))
<BR><BR>[Stack]<UL><LI>Max Depth = 16<LI>Call Chain = tolower &rArr; __rt_ctype_table
</UL>
<BR>[Calls]<UL><LI><a href="#[95]">&gt;&gt;</a>&nbsp;&nbsp;&nbsp;__rt_ctype_table
</UL>
<BR>[Called By]<UL><LI><a href="#[9b]">&gt;&gt;</a>&nbsp;&nbsp;&nbsp;strcasecmp
</UL>

<P><STRONG><a name="[8f]"></a>_printf_int_common</STRONG> (Thumb, 178 bytes, Stack size 32 bytes, _printf_intcommon.o(.text))
<BR><BR>[Stack]<UL><LI>Max Depth = 48<LI>Call Chain = _printf_int_common &rArr; _printf_post_padding
</UL>
<BR>[Calls]<UL><LI><a href="#[8e]">&gt;&gt;</a>&nbsp;&nbsp;&nbsp;_printf_post_padding
<LI><a href="#[8d]">&gt;&gt;</a>&nbsp;&nbsp;&nbsp;_printf_pre_padding
</UL>
<BR>[Called By]<UL><LI><a href="#[90]">&gt;&gt;</a>&nbsp;&nbsp;&nbsp;_printf_longlong_hex
<LI><a href="#[6b]">&gt;&gt;</a>&nbsp;&nbsp;&nbsp;_printf_int_dec
</UL>

<P><STRONG><a name="[a8]"></a>_printf_fp_dec_real</STRONG> (Thumb, 620 bytes, Stack size 104 bytes, _printf_fp_dec.o(.text))
<BR><BR>[Stack]<UL><LI>Max Depth = 324<LI>Call Chain = _printf_fp_dec_real &rArr; _fp_digits &rArr; _btod_etento &rArr; _btod_emul &rArr; _e2e
</UL>
<BR>[Calls]<UL><LI><a href="#[aa]">&gt;&gt;</a>&nbsp;&nbsp;&nbsp;_printf_fp_infnan
<LI><a href="#[77]">&gt;&gt;</a>&nbsp;&nbsp;&nbsp;__rt_locale
<LI><a href="#[a2]">&gt;&gt;</a>&nbsp;&nbsp;&nbsp;_fp_digits
<LI><a href="#[8e]">&gt;&gt;</a>&nbsp;&nbsp;&nbsp;_printf_post_padding
<LI><a href="#[8d]">&gt;&gt;</a>&nbsp;&nbsp;&nbsp;_printf_pre_padding
<LI><a href="#[a9]">&gt;&gt;</a>&nbsp;&nbsp;&nbsp;__ARM_fpclassify
</UL>
<BR>[Called By]<UL><LI><a href="#[69]">&gt;&gt;</a>&nbsp;&nbsp;&nbsp;_printf_fp_dec
</UL>

<P><STRONG><a name="[ab]"></a>_printf_cs_common</STRONG> (Thumb, 20 bytes, Stack size 8 bytes, _printf_char.o(.text))
<BR><BR>[Stack]<UL><LI>Max Depth = 40<LI>Call Chain = _printf_cs_common &rArr; _printf_str &rArr; _printf_post_padding
</UL>
<BR>[Calls]<UL><LI><a href="#[8c]">&gt;&gt;</a>&nbsp;&nbsp;&nbsp;_printf_str
</UL>
<BR>[Called By]<UL><LI><a href="#[71]">&gt;&gt;</a>&nbsp;&nbsp;&nbsp;_printf_string
<LI><a href="#[ac]">&gt;&gt;</a>&nbsp;&nbsp;&nbsp;_printf_char
</UL>

<P><STRONG><a name="[ac]"></a>_printf_char</STRONG> (Thumb, 16 bytes, Stack size 0 bytes, _printf_char.o(.text), UNUSED)
<BR><BR>[Calls]<UL><LI><a href="#[ab]">&gt;&gt;</a>&nbsp;&nbsp;&nbsp;_printf_cs_common
</UL>

<P><STRONG><a name="[71]"></a>_printf_string</STRONG> (Thumb, 8 bytes, Stack size 0 bytes, _printf_char.o(.text))
<BR><BR>[Stack]<UL><LI>Max Depth = 40<LI>Call Chain = _printf_string &rArr; _printf_cs_common &rArr; _printf_str &rArr; _printf_post_padding
</UL>
<BR>[Calls]<UL><LI><a href="#[ab]">&gt;&gt;</a>&nbsp;&nbsp;&nbsp;_printf_cs_common
</UL>
<BR>[Called By]<UL><LI><a href="#[70]">&gt;&gt;</a>&nbsp;&nbsp;&nbsp;_printf_s
</UL>

<P><STRONG><a name="[8b]"></a>_printf_char_file</STRONG> (Thumb, 32 bytes, Stack size 16 bytes, _printf_char_file.o(.text))
<BR><BR>[Stack]<UL><LI>Max Depth = 112 + Unknown Stack Size
<LI>Call Chain = _printf_char_file &rArr; _printf_char_common &rArr; __printf
</UL>
<BR>[Calls]<UL><LI><a href="#[ae]">&gt;&gt;</a>&nbsp;&nbsp;&nbsp;ferror
<LI><a href="#[ad]">&gt;&gt;</a>&nbsp;&nbsp;&nbsp;_printf_char_common
</UL>
<BR>[Called By]<UL><LI><a href="#[8a]">&gt;&gt;</a>&nbsp;&nbsp;&nbsp;__2printf
</UL>

<P><STRONG><a name="[96]"></a>_strtoul</STRONG> (Thumb, 158 bytes, Stack size 40 bytes, _strtoul.o(.text))
<BR><BR>[Stack]<UL><LI>Max Depth = 40<LI>Call Chain = _strtoul
</UL>
<BR>[Calls]<UL><LI><a href="#[af]">&gt;&gt;</a>&nbsp;&nbsp;&nbsp;_chval
<LI><a href="#[97]">&gt;&gt;</a>&nbsp;&nbsp;&nbsp;__aeabi_errno_addr
</UL>
<BR>[Called By]<UL><LI><a href="#[98]">&gt;&gt;</a>&nbsp;&nbsp;&nbsp;strtoul
<LI><a href="#[94]">&gt;&gt;</a>&nbsp;&nbsp;&nbsp;strtol
</UL>

<P><STRONG><a name="[7c]"></a>_initio</STRONG> (Thumb, 210 bytes, Stack size 8 bytes, initio.o(.text))
<BR><BR>[Stack]<UL><LI>Max Depth = 272 + Unknown Stack Size
<LI>Call Chain = _initio &rArr; freopen &rArr; _fclose_internal &rArr; _fflush &rArr; _writebuf &rArr; _sys_write &rArr; stdout_putchar &rArr; RETARGET_WriteChar &rArr; RETARGET_SerialInit &rArr; USART_InitAsync &rArr; USART_BaudrateAsyncSet &rArr; CMU_ClockFreqGet &rArr; CMU_ClockDivGet &rArr; CMU_ClockPrescGet
</UL>
<BR>[Calls]<UL><LI><a href="#[b2]">&gt;&gt;</a>&nbsp;&nbsp;&nbsp;__rt_SIGRTRED
<LI><a href="#[b1]">&gt;&gt;</a>&nbsp;&nbsp;&nbsp;freopen
<LI><a href="#[b0]">&gt;&gt;</a>&nbsp;&nbsp;&nbsp;__aeabi_memclr4
<LI><a href="#[b3]">&gt;&gt;</a>&nbsp;&nbsp;&nbsp;setvbuf
</UL>
<BR>[Called By]<UL><LI><a href="#[7b]">&gt;&gt;</a>&nbsp;&nbsp;&nbsp;__rt_lib_init_stdio_2
</UL>

<P><STRONG><a name="[7e]"></a>_terminateio</STRONG> (Thumb, 56 bytes, Stack size 16 bytes, initio.o(.text))
<BR><BR>[Stack]<UL><LI>Max Depth = 256 + Unknown Stack Size
<LI>Call Chain = _terminateio &rArr; _fclose_internal &rArr; _fflush &rArr; _writebuf &rArr; _sys_write &rArr; stdout_putchar &rArr; RETARGET_WriteChar &rArr; RETARGET_SerialInit &rArr; USART_InitAsync &rArr; USART_BaudrateAsyncSet &rArr; CMU_ClockFreqGet &rArr; CMU_ClockDivGet &rArr; CMU_ClockPrescGet
</UL>
<BR>[Calls]<UL><LI><a href="#[b4]">&gt;&gt;</a>&nbsp;&nbsp;&nbsp;_fclose_internal
<LI><a href="#[b5]">&gt;&gt;</a>&nbsp;&nbsp;&nbsp;free
</UL>
<BR>[Called By]<UL><LI><a href="#[7d]">&gt;&gt;</a>&nbsp;&nbsp;&nbsp;__rt_lib_shutdown_stdio_2
</UL>

<P><STRONG><a name="[9e]"></a>__aeabi_memcpy4</STRONG> (Thumb, 0 bytes, Stack size 8 bytes, rt_memcpy_w.o(.text), UNUSED)
<BR><BR>[Called By]<UL><LI><a href="#[b6]">&gt;&gt;</a>&nbsp;&nbsp;&nbsp;__rt_memmove_w
<LI><a href="#[9d]">&gt;&gt;</a>&nbsp;&nbsp;&nbsp;__rt_memcpy
</UL>

<P><STRONG><a name="[217]"></a>__aeabi_memcpy8</STRONG> (Thumb, 0 bytes, Stack size 8 bytes, rt_memcpy_w.o(.text), UNUSED)

<P><STRONG><a name="[218]"></a>__rt_memcpy_w</STRONG> (Thumb, 100 bytes, Stack size 8 bytes, rt_memcpy_w.o(.text), UNUSED)

<P><STRONG><a name="[219]"></a>_memcpy_lastbytes_aligned</STRONG> (Thumb, 0 bytes, Stack size unknown bytes, rt_memcpy_w.o(.text), UNUSED)

<P><STRONG><a name="[21a]"></a>__aeabi_memmove4</STRONG> (Thumb, 0 bytes, Stack size 8 bytes, rt_memmove_w.o(.text), UNUSED)

<P><STRONG><a name="[21b]"></a>__aeabi_memmove8</STRONG> (Thumb, 0 bytes, Stack size 8 bytes, rt_memmove_w.o(.text), UNUSED)

<P><STRONG><a name="[b6]"></a>__rt_memmove_w</STRONG> (Thumb, 122 bytes, Stack size 8 bytes, rt_memmove_w.o(.text), UNUSED)
<BR><BR>[Calls]<UL><LI><a href="#[9e]">&gt;&gt;</a>&nbsp;&nbsp;&nbsp;__aeabi_memcpy4
</UL>

<P><STRONG><a name="[a1]"></a>__memmove_aligned</STRONG> (Thumb, 0 bytes, Stack size unknown bytes, rt_memmove_w.o(.text), UNUSED)
<BR><BR>[Called By]<UL><LI><a href="#[9f]">&gt;&gt;</a>&nbsp;&nbsp;&nbsp;__rt_memmove
</UL>

<P><STRONG><a name="[21c]"></a>__memmove_lastfew_aligned</STRONG> (Thumb, 0 bytes, Stack size unknown bytes, rt_memmove_w.o(.text), UNUSED)

<P><STRONG><a name="[77]"></a>__rt_locale</STRONG> (Thumb, 8 bytes, Stack size 0 bytes, rt_locale_intlibspace.o(.text))
<BR><BR>[Called By]<UL><LI><a href="#[76]">&gt;&gt;</a>&nbsp;&nbsp;&nbsp;__rt_lib_init_lc_common
<LI><a href="#[a8]">&gt;&gt;</a>&nbsp;&nbsp;&nbsp;_printf_fp_dec_real
<LI><a href="#[95]">&gt;&gt;</a>&nbsp;&nbsp;&nbsp;__rt_ctype_table
</UL>

<P><STRONG><a name="[b5]"></a>free</STRONG> (Thumb, 78 bytes, Stack size 16 bytes, h1_free.o(.text))
<BR><BR>[Stack]<UL><LI>Max Depth = 16<LI>Call Chain = free
</UL>
<BR>[Calls]<UL><LI><a href="#[b7]">&gt;&gt;</a>&nbsp;&nbsp;&nbsp;__rt_heap_descriptor
</UL>
<BR>[Called By]<UL><LI><a href="#[b4]">&gt;&gt;</a>&nbsp;&nbsp;&nbsp;_fclose_internal
<LI><a href="#[7e]">&gt;&gt;</a>&nbsp;&nbsp;&nbsp;_terminateio
<LI><a href="#[c9]">&gt;&gt;</a>&nbsp;&nbsp;&nbsp;__Heap_ProvideMemory
</UL>

<P><STRONG><a name="[a7]"></a>_ll_udiv10</STRONG> (Thumb, 138 bytes, Stack size 12 bytes, lludiv10.o(.text))
<BR><BR>[Stack]<UL><LI>Max Depth = 12<LI>Call Chain = _ll_udiv10
</UL>
<BR>[Called By]<UL><LI><a href="#[a2]">&gt;&gt;</a>&nbsp;&nbsp;&nbsp;_fp_digits
</UL>

<P><STRONG><a name="[ad]"></a>_printf_char_common</STRONG> (Thumb, 32 bytes, Stack size 64 bytes, _printf_char_common.o(.text))
<BR><BR>[Stack]<UL><LI>Max Depth = 96 + Unknown Stack Size
<LI>Call Chain = _printf_char_common &rArr; __printf
</UL>
<BR>[Calls]<UL><LI><a href="#[91]">&gt;&gt;</a>&nbsp;&nbsp;&nbsp;__printf
</UL>
<BR>[Called By]<UL><LI><a href="#[8b]">&gt;&gt;</a>&nbsp;&nbsp;&nbsp;_printf_char_file
</UL>

<P><STRONG><a name="[aa]"></a>_printf_fp_infnan</STRONG> (Thumb, 112 bytes, Stack size 24 bytes, _printf_fp_infnan.o(.text))
<BR><BR>[Stack]<UL><LI>Max Depth = 40<LI>Call Chain = _printf_fp_infnan &rArr; _printf_post_padding
</UL>
<BR>[Calls]<UL><LI><a href="#[8e]">&gt;&gt;</a>&nbsp;&nbsp;&nbsp;_printf_post_padding
<LI><a href="#[8d]">&gt;&gt;</a>&nbsp;&nbsp;&nbsp;_printf_pre_padding
</UL>
<BR>[Called By]<UL><LI><a href="#[a8]">&gt;&gt;</a>&nbsp;&nbsp;&nbsp;_printf_fp_dec_real
</UL>

<P><STRONG><a name="[af]"></a>_chval</STRONG> (Thumb, 28 bytes, Stack size 0 bytes, _chval.o(.text))
<BR><BR>[Called By]<UL><LI><a href="#[96]">&gt;&gt;</a>&nbsp;&nbsp;&nbsp;_strtoul
</UL>

<P><STRONG><a name="[a3]"></a>_btod_etento</STRONG> (Thumb, 224 bytes, Stack size 72 bytes, bigflt0.o(.text))
<BR><BR>[Stack]<UL><LI>Max Depth = 124<LI>Call Chain = _btod_etento &rArr; _btod_emul &rArr; _e2e
</UL>
<BR>[Calls]<UL><LI><a href="#[a6]">&gt;&gt;</a>&nbsp;&nbsp;&nbsp;_btod_emul
<LI><a href="#[a5]">&gt;&gt;</a>&nbsp;&nbsp;&nbsp;_btod_ediv
</UL>
<BR>[Called By]<UL><LI><a href="#[a2]">&gt;&gt;</a>&nbsp;&nbsp;&nbsp;_fp_digits
</UL>

<P><STRONG><a name="[ae]"></a>ferror</STRONG> (Thumb, 8 bytes, Stack size 0 bytes, ferror.o(.text))
<BR><BR>[Called By]<UL><LI><a href="#[8b]">&gt;&gt;</a>&nbsp;&nbsp;&nbsp;_printf_char_file
</UL>

<P><STRONG><a name="[b8]"></a>__flsbuf</STRONG> (Thumb, 470 bytes, Stack size 32 bytes, flsbuf.o(.text), UNUSED)
<BR><BR>[Calls]<UL><LI><a href="#[bc]">&gt;&gt;</a>&nbsp;&nbsp;&nbsp;_sys_istty
<LI><a href="#[bb]">&gt;&gt;</a>&nbsp;&nbsp;&nbsp;_sys_flen
<LI><a href="#[b9]">&gt;&gt;</a>&nbsp;&nbsp;&nbsp;_deferredlazyseek
<LI><a href="#[be]">&gt;&gt;</a>&nbsp;&nbsp;&nbsp;_writebuf
<LI><a href="#[ba]">&gt;&gt;</a>&nbsp;&nbsp;&nbsp;_seterr
<LI><a href="#[bd]">&gt;&gt;</a>&nbsp;&nbsp;&nbsp;malloc
</UL>

<P><STRONG><a name="[1e1]"></a>__flsbuf_byte</STRONG> (Thumb, 0 bytes, Stack size 32 bytes, flsbuf.o(.text))
<BR><BR>[Stack]<UL><LI>Max Depth = 32<LI>Call Chain = __flsbuf_byte
</UL>
<BR>[Called By]<UL><LI><a href="#[62]">&gt;&gt;</a>&nbsp;&nbsp;&nbsp;fputc
</UL>

<P><STRONG><a name="[21d]"></a>__flsbuf_wide</STRONG> (Thumb, 0 bytes, Stack size 32 bytes, flsbuf.o(.text), UNUSED)

<P><STRONG><a name="[b1]"></a>freopen</STRONG> (Thumb, 160 bytes, Stack size 24 bytes, fopen.o(.text))
<BR><BR>[Stack]<UL><LI>Max Depth = 264 + Unknown Stack Size
<LI>Call Chain = freopen &rArr; _fclose_internal &rArr; _fflush &rArr; _writebuf &rArr; _sys_write &rArr; stdout_putchar &rArr; RETARGET_WriteChar &rArr; RETARGET_SerialInit &rArr; USART_InitAsync &rArr; USART_BaudrateAsyncSet &rArr; CMU_ClockFreqGet &rArr; CMU_ClockDivGet &rArr; CMU_ClockPrescGet
</UL>
<BR>[Calls]<UL><LI><a href="#[b4]">&gt;&gt;</a>&nbsp;&nbsp;&nbsp;_fclose_internal
<LI><a href="#[bf]">&gt;&gt;</a>&nbsp;&nbsp;&nbsp;_sys_open
<LI><a href="#[c0]">&gt;&gt;</a>&nbsp;&nbsp;&nbsp;_fseek
</UL>
<BR>[Called By]<UL><LI><a href="#[c1]">&gt;&gt;</a>&nbsp;&nbsp;&nbsp;fopen
<LI><a href="#[7c]">&gt;&gt;</a>&nbsp;&nbsp;&nbsp;_initio
</UL>

<P><STRONG><a name="[c1]"></a>fopen</STRONG> (Thumb, 74 bytes, Stack size 24 bytes, fopen.o(.text), UNUSED)
<BR><BR>[Calls]<UL><LI><a href="#[b1]">&gt;&gt;</a>&nbsp;&nbsp;&nbsp;freopen
<LI><a href="#[b0]">&gt;&gt;</a>&nbsp;&nbsp;&nbsp;__aeabi_memclr4
<LI><a href="#[bd]">&gt;&gt;</a>&nbsp;&nbsp;&nbsp;malloc
</UL>

<P><STRONG><a name="[b4]"></a>_fclose_internal</STRONG> (Thumb, 76 bytes, Stack size 32 bytes, fclose.o(.text))
<BR><BR>[Stack]<UL><LI>Max Depth = 240 + Unknown Stack Size
<LI>Call Chain = _fclose_internal &rArr; _fflush &rArr; _writebuf &rArr; _sys_write &rArr; stdout_putchar &rArr; RETARGET_WriteChar &rArr; RETARGET_SerialInit &rArr; USART_InitAsync &rArr; USART_BaudrateAsyncSet &rArr; CMU_ClockFreqGet &rArr; CMU_ClockDivGet &rArr; CMU_ClockPrescGet
</UL>
<BR>[Calls]<UL><LI><a href="#[b5]">&gt;&gt;</a>&nbsp;&nbsp;&nbsp;free
<LI><a href="#[b0]">&gt;&gt;</a>&nbsp;&nbsp;&nbsp;__aeabi_memclr4
<LI><a href="#[c3]">&gt;&gt;</a>&nbsp;&nbsp;&nbsp;_sys_close
<LI><a href="#[c2]">&gt;&gt;</a>&nbsp;&nbsp;&nbsp;_fflush
</UL>
<BR>[Called By]<UL><LI><a href="#[b1]">&gt;&gt;</a>&nbsp;&nbsp;&nbsp;freopen
<LI><a href="#[7e]">&gt;&gt;</a>&nbsp;&nbsp;&nbsp;_terminateio
</UL>

<P><STRONG><a name="[21e]"></a>fclose</STRONG> (Thumb, 0 bytes, Stack size 32 bytes, fclose.o(.text), UNUSED)

<P><STRONG><a name="[b2]"></a>__rt_SIGRTRED</STRONG> (Thumb, 14 bytes, Stack size 8 bytes, defsig_rtred_outer.o(.text))
<BR><BR>[Stack]<UL><LI>Max Depth = 40<LI>Call Chain = __rt_SIGRTRED &rArr; __rt_SIGRTRED_inner &rArr; __default_signal_display &rArr; _ttywrch
</UL>
<BR>[Calls]<UL><LI><a href="#[c4]">&gt;&gt;</a>&nbsp;&nbsp;&nbsp;__rt_SIGRTRED_inner
<LI><a href="#[c5]">&gt;&gt;</a>&nbsp;&nbsp;&nbsp;__sig_exit
</UL>
<BR>[Called By]<UL><LI><a href="#[7c]">&gt;&gt;</a>&nbsp;&nbsp;&nbsp;_initio
</UL>

<P><STRONG><a name="[80]"></a>__user_setup_stackheap</STRONG> (Thumb, 74 bytes, Stack size 8 bytes, sys_stackheap_outer.o(.text))
<BR><BR>[Stack]<UL><LI>Max Depth = 8<LI>Call Chain = __user_setup_stackheap
</UL>
<BR>[Calls]<UL><LI><a href="#[c7]">&gt;&gt;</a>&nbsp;&nbsp;&nbsp;__user_initial_stackheap
<LI><a href="#[c6]">&gt;&gt;</a>&nbsp;&nbsp;&nbsp;__user_perproc_libspace
</UL>
<BR>[Called By]<UL><LI><a href="#[7f]">&gt;&gt;</a>&nbsp;&nbsp;&nbsp;__rt_entry_sh
</UL>

<P><STRONG><a name="[b7]"></a>__rt_heap_descriptor</STRONG> (Thumb, 8 bytes, Stack size 0 bytes, rt_heap_descriptor_intlibspace.o(.text))
<BR><BR>[Called By]<UL><LI><a href="#[b5]">&gt;&gt;</a>&nbsp;&nbsp;&nbsp;free
<LI><a href="#[bd]">&gt;&gt;</a>&nbsp;&nbsp;&nbsp;malloc
<LI><a href="#[75]">&gt;&gt;</a>&nbsp;&nbsp;&nbsp;_init_alloc
</UL>

<P><STRONG><a name="[21f]"></a>__use_no_heap</STRONG> (Thumb, 2 bytes, Stack size 0 bytes, hguard.o(.text), UNUSED)

<P><STRONG><a name="[220]"></a>__heap$guard</STRONG> (Thumb, 2 bytes, Stack size 0 bytes, hguard.o(.text), UNUSED)

<P><STRONG><a name="[221]"></a>_terminate_user_alloc</STRONG> (Thumb, 2 bytes, Stack size 0 bytes, init_alloc.o(.text), UNUSED)

<P><STRONG><a name="[222]"></a>_init_user_alloc</STRONG> (Thumb, 2 bytes, Stack size 0 bytes, init_alloc.o(.text), UNUSED)

<P><STRONG><a name="[c8]"></a>__Heap_Full</STRONG> (Thumb, 34 bytes, Stack size 16 bytes, init_alloc.o(.text), UNUSED)
<BR><BR>[Calls]<UL><LI><a href="#[c9]">&gt;&gt;</a>&nbsp;&nbsp;&nbsp;__Heap_ProvideMemory
</UL>
<BR>[Called By]<UL><LI><a href="#[bd]">&gt;&gt;</a>&nbsp;&nbsp;&nbsp;malloc
</UL>

<P><STRONG><a name="[ca]"></a>__Heap_Broken</STRONG> (Thumb, 6 bytes, Stack size 0 bytes, init_alloc.o(.text), UNUSED)
<BR><BR>[Calls]<UL><LI><a href="#[cb]">&gt;&gt;</a>&nbsp;&nbsp;&nbsp;__rt_SIGRTMEM
</UL>

<P><STRONG><a name="[75]"></a>_init_alloc</STRONG> (Thumb, 94 bytes, Stack size 24 bytes, init_alloc.o(.text))
<BR><BR>[Stack]<UL><LI>Max Depth = 64<LI>Call Chain = _init_alloc &rArr; __rt_SIGRTMEM &rArr; __rt_SIGRTMEM_inner &rArr; __default_signal_display &rArr; _ttywrch
</UL>
<BR>[Calls]<UL><LI><a href="#[cb]">&gt;&gt;</a>&nbsp;&nbsp;&nbsp;__rt_SIGRTMEM
<LI><a href="#[c9]">&gt;&gt;</a>&nbsp;&nbsp;&nbsp;__Heap_ProvideMemory
<LI><a href="#[cc]">&gt;&gt;</a>&nbsp;&nbsp;&nbsp;__Heap_Initialize
<LI><a href="#[b7]">&gt;&gt;</a>&nbsp;&nbsp;&nbsp;__rt_heap_descriptor
</UL>
<BR>[Called By]<UL><LI><a href="#[74]">&gt;&gt;</a>&nbsp;&nbsp;&nbsp;__rt_lib_init_heap_2
</UL>

<P><STRONG><a name="[bd]"></a>malloc</STRONG> (Thumb, 94 bytes, Stack size 16 bytes, h1_alloc.o(.text), UNUSED)
<BR><BR>[Calls]<UL><LI><a href="#[c8]">&gt;&gt;</a>&nbsp;&nbsp;&nbsp;__Heap_Full
<LI><a href="#[b7]">&gt;&gt;</a>&nbsp;&nbsp;&nbsp;__rt_heap_descriptor
</UL>
<BR>[Called By]<UL><LI><a href="#[c1]">&gt;&gt;</a>&nbsp;&nbsp;&nbsp;fopen
<LI><a href="#[b8]">&gt;&gt;</a>&nbsp;&nbsp;&nbsp;__flsbuf
</UL>

<P><STRONG><a name="[c0]"></a>_fseek</STRONG> (Thumb, 242 bytes, Stack size 24 bytes, fseek.o(.text))
<BR><BR>[Stack]<UL><LI>Max Depth = 32<LI>Call Chain = _fseek &rArr; _ftell_internal
</UL>
<BR>[Calls]<UL><LI><a href="#[bc]">&gt;&gt;</a>&nbsp;&nbsp;&nbsp;_sys_istty
<LI><a href="#[bb]">&gt;&gt;</a>&nbsp;&nbsp;&nbsp;_sys_flen
<LI><a href="#[cd]">&gt;&gt;</a>&nbsp;&nbsp;&nbsp;_ftell_internal
<LI><a href="#[ba]">&gt;&gt;</a>&nbsp;&nbsp;&nbsp;_seterr
</UL>
<BR>[Called By]<UL><LI><a href="#[b1]">&gt;&gt;</a>&nbsp;&nbsp;&nbsp;freopen
</UL>

<P><STRONG><a name="[223]"></a>fseek</STRONG> (Thumb, 0 bytes, Stack size 24 bytes, fseek.o(.text), UNUSED)

<P><STRONG><a name="[ba]"></a>_seterr</STRONG> (Thumb, 20 bytes, Stack size 0 bytes, stdio.o(.text))
<BR><BR>[Called By]<UL><LI><a href="#[b8]">&gt;&gt;</a>&nbsp;&nbsp;&nbsp;__flsbuf
<LI><a href="#[be]">&gt;&gt;</a>&nbsp;&nbsp;&nbsp;_writebuf
<LI><a href="#[c0]">&gt;&gt;</a>&nbsp;&nbsp;&nbsp;_fseek
</UL>

<P><STRONG><a name="[be]"></a>_writebuf</STRONG> (Thumb, 84 bytes, Stack size 32 bytes, stdio.o(.text))
<BR><BR>[Stack]<UL><LI>Max Depth = 192<LI>Call Chain = _writebuf &rArr; _sys_write &rArr; stdout_putchar &rArr; RETARGET_WriteChar &rArr; RETARGET_SerialInit &rArr; USART_InitAsync &rArr; USART_BaudrateAsyncSet &rArr; CMU_ClockFreqGet &rArr; CMU_ClockDivGet &rArr; CMU_ClockPrescGet
</UL>
<BR>[Calls]<UL><LI><a href="#[cf]">&gt;&gt;</a>&nbsp;&nbsp;&nbsp;_sys_write
<LI><a href="#[ce]">&gt;&gt;</a>&nbsp;&nbsp;&nbsp;_sys_seek
<LI><a href="#[ba]">&gt;&gt;</a>&nbsp;&nbsp;&nbsp;_seterr
</UL>
<BR>[Called By]<UL><LI><a href="#[b8]">&gt;&gt;</a>&nbsp;&nbsp;&nbsp;__flsbuf
<LI><a href="#[c2]">&gt;&gt;</a>&nbsp;&nbsp;&nbsp;_fflush
</UL>

<P><STRONG><a name="[c2]"></a>_fflush</STRONG> (Thumb, 70 bytes, Stack size 16 bytes, stdio.o(.text))
<BR><BR>[Stack]<UL><LI>Max Depth = 208<LI>Call Chain = _fflush &rArr; _writebuf &rArr; _sys_write &rArr; stdout_putchar &rArr; RETARGET_WriteChar &rArr; RETARGET_SerialInit &rArr; USART_InitAsync &rArr; USART_BaudrateAsyncSet &rArr; CMU_ClockFreqGet &rArr; CMU_ClockDivGet &rArr; CMU_ClockPrescGet
</UL>
<BR>[Calls]<UL><LI><a href="#[be]">&gt;&gt;</a>&nbsp;&nbsp;&nbsp;_writebuf
</UL>
<BR>[Called By]<UL><LI><a href="#[b4]">&gt;&gt;</a>&nbsp;&nbsp;&nbsp;_fclose_internal
<LI><a href="#[b9]">&gt;&gt;</a>&nbsp;&nbsp;&nbsp;_deferredlazyseek
</UL>

<P><STRONG><a name="[b9]"></a>_deferredlazyseek</STRONG> (Thumb, 60 bytes, Stack size 8 bytes, stdio.o(.text), UNUSED)
<BR><BR>[Calls]<UL><LI><a href="#[c2]">&gt;&gt;</a>&nbsp;&nbsp;&nbsp;_fflush
</UL>
<BR>[Called By]<UL><LI><a href="#[b8]">&gt;&gt;</a>&nbsp;&nbsp;&nbsp;__flsbuf
</UL>

<P><STRONG><a name="[85]"></a>exit</STRONG> (Thumb, 18 bytes, Stack size 8 bytes, exit.o(.text))
<BR><BR>[Stack]<UL><LI>Max Depth = 8 + Unknown Stack Size
<LI>Call Chain = exit
</UL>
<BR>[Calls]<UL><LI><a href="#[d0]">&gt;&gt;</a>&nbsp;&nbsp;&nbsp;__rt_exit
</UL>
<BR>[Called By]<UL><LI><a href="#[83]">&gt;&gt;</a>&nbsp;&nbsp;&nbsp;__rt_entry_main
</UL>

<P><STRONG><a name="[c5]"></a>__sig_exit</STRONG> (Thumb, 10 bytes, Stack size 0 bytes, defsig_exit.o(.text))
<BR><BR>[Calls]<UL><LI><a href="#[89]">&gt;&gt;</a>&nbsp;&nbsp;&nbsp;_sys_exit
</UL>
<BR>[Called By]<UL><LI><a href="#[b2]">&gt;&gt;</a>&nbsp;&nbsp;&nbsp;__rt_SIGRTRED
<LI><a href="#[cb]">&gt;&gt;</a>&nbsp;&nbsp;&nbsp;__rt_SIGRTMEM
</UL>

<P><STRONG><a name="[c4]"></a>__rt_SIGRTRED_inner</STRONG> (Thumb, 14 bytes, Stack size 8 bytes, defsig_rtred_inner.o(.text))
<BR><BR>[Stack]<UL><LI>Max Depth = 32<LI>Call Chain = __rt_SIGRTRED_inner &rArr; __default_signal_display &rArr; _ttywrch
</UL>
<BR>[Calls]<UL><LI><a href="#[d1]">&gt;&gt;</a>&nbsp;&nbsp;&nbsp;__default_signal_display
</UL>
<BR>[Called By]<UL><LI><a href="#[b2]">&gt;&gt;</a>&nbsp;&nbsp;&nbsp;__rt_SIGRTRED
</UL>

<P><STRONG><a name="[89]"></a>_sys_exit</STRONG> (Thumb, 8 bytes, Stack size 0 bytes, sys_exit.o(.text))
<BR><BR>[Called By]<UL><LI><a href="#[88]">&gt;&gt;</a>&nbsp;&nbsp;&nbsp;__rt_exit_exit
<LI><a href="#[c5]">&gt;&gt;</a>&nbsp;&nbsp;&nbsp;__sig_exit
</UL>

<P><STRONG><a name="[cc]"></a>__Heap_Initialize</STRONG> (Thumb, 10 bytes, Stack size 0 bytes, h1_init.o(.text))
<BR><BR>[Called By]<UL><LI><a href="#[75]">&gt;&gt;</a>&nbsp;&nbsp;&nbsp;_init_alloc
</UL>

<P><STRONG><a name="[224]"></a>_maybe_terminate_alloc</STRONG> (Thumb, 0 bytes, Stack size 0 bytes, maybetermalloc1.o(.text), UNUSED)

<P><STRONG><a name="[225]"></a>__Heap_DescSize</STRONG> (Thumb, 4 bytes, Stack size 0 bytes, h1_init.o(.text), UNUSED)

<P><STRONG><a name="[c9]"></a>__Heap_ProvideMemory</STRONG> (Thumb, 52 bytes, Stack size 0 bytes, h1_extend.o(.text))
<BR><BR>[Stack]<UL><LI>Max Depth = 16<LI>Call Chain = __Heap_ProvideMemory &rArr; free
</UL>
<BR>[Calls]<UL><LI><a href="#[b5]">&gt;&gt;</a>&nbsp;&nbsp;&nbsp;free
</UL>
<BR>[Called By]<UL><LI><a href="#[75]">&gt;&gt;</a>&nbsp;&nbsp;&nbsp;_init_alloc
<LI><a href="#[c8]">&gt;&gt;</a>&nbsp;&nbsp;&nbsp;__Heap_Full
</UL>

<P><STRONG><a name="[cd]"></a>_ftell_internal</STRONG> (Thumb, 66 bytes, Stack size 8 bytes, ftell.o(.text))
<BR><BR>[Stack]<UL><LI>Max Depth = 8<LI>Call Chain = _ftell_internal
</UL>
<BR>[Calls]<UL><LI><a href="#[97]">&gt;&gt;</a>&nbsp;&nbsp;&nbsp;__aeabi_errno_addr
</UL>
<BR>[Called By]<UL><LI><a href="#[c0]">&gt;&gt;</a>&nbsp;&nbsp;&nbsp;_fseek
</UL>

<P><STRONG><a name="[226]"></a>ftell</STRONG> (Thumb, 0 bytes, Stack size 8 bytes, ftell.o(.text), UNUSED)

<P><STRONG><a name="[d1]"></a>__default_signal_display</STRONG> (Thumb, 50 bytes, Stack size 16 bytes, defsig_general.o(.text))
<BR><BR>[Stack]<UL><LI>Max Depth = 24<LI>Call Chain = __default_signal_display &rArr; _ttywrch
</UL>
<BR>[Calls]<UL><LI><a href="#[d2]">&gt;&gt;</a>&nbsp;&nbsp;&nbsp;_ttywrch
</UL>
<BR>[Called By]<UL><LI><a href="#[d3]">&gt;&gt;</a>&nbsp;&nbsp;&nbsp;__rt_SIGRTMEM_inner
<LI><a href="#[c4]">&gt;&gt;</a>&nbsp;&nbsp;&nbsp;__rt_SIGRTRED_inner
</UL>

<P><STRONG><a name="[cb]"></a>__rt_SIGRTMEM</STRONG> (Thumb, 14 bytes, Stack size 8 bytes, defsig_rtmem_outer.o(.text))
<BR><BR>[Stack]<UL><LI>Max Depth = 40<LI>Call Chain = __rt_SIGRTMEM &rArr; __rt_SIGRTMEM_inner &rArr; __default_signal_display &rArr; _ttywrch
</UL>
<BR>[Calls]<UL><LI><a href="#[d3]">&gt;&gt;</a>&nbsp;&nbsp;&nbsp;__rt_SIGRTMEM_inner
<LI><a href="#[c5]">&gt;&gt;</a>&nbsp;&nbsp;&nbsp;__sig_exit
</UL>
<BR>[Called By]<UL><LI><a href="#[75]">&gt;&gt;</a>&nbsp;&nbsp;&nbsp;_init_alloc
<LI><a href="#[ca]">&gt;&gt;</a>&nbsp;&nbsp;&nbsp;__Heap_Broken
</UL>

<P><STRONG><a name="[d2]"></a>_ttywrch</STRONG> (Thumb, 14 bytes, Stack size 8 bytes, sys_wrch.o(.text))
<BR><BR>[Stack]<UL><LI>Max Depth = 8<LI>Call Chain = _ttywrch
</UL>
<BR>[Called By]<UL><LI><a href="#[d1]">&gt;&gt;</a>&nbsp;&nbsp;&nbsp;__default_signal_display
</UL>

<P><STRONG><a name="[227]"></a>__I$use$semihosting</STRONG> (Thumb, 0 bytes, Stack size 0 bytes, use_no_semi.o(.text), UNUSED)

<P><STRONG><a name="[228]"></a>__use_no_semihosting_swi</STRONG> (Thumb, 2 bytes, Stack size 0 bytes, use_no_semi.o(.text), UNUSED)

<P><STRONG><a name="[d3]"></a>__rt_SIGRTMEM_inner</STRONG> (Thumb, 22 bytes, Stack size 8 bytes, defsig_rtmem_inner.o(.text))
<BR><BR>[Stack]<UL><LI>Max Depth = 32<LI>Call Chain = __rt_SIGRTMEM_inner &rArr; __default_signal_display &rArr; _ttywrch
</UL>
<BR>[Calls]<UL><LI><a href="#[d1]">&gt;&gt;</a>&nbsp;&nbsp;&nbsp;__default_signal_display
</UL>
<BR>[Called By]<UL><LI><a href="#[cb]">&gt;&gt;</a>&nbsp;&nbsp;&nbsp;__rt_SIGRTMEM
</UL>

<P><STRONG><a name="[229]"></a>__semihosting_library_function</STRONG> (Thumb, 0 bytes, Stack size 8 bytes, indicate_semi.o(.text), UNUSED)

<P><STRONG><a name="[4b]"></a>ADC0_IRQHandler</STRONG> (Thumb, 376 bytes, Stack size 8 bytes, adc.o(.text.ADC0_IRQHandler))
<BR><BR>[Stack]<UL><LI>Max Depth = 48<LI>Call Chain = ADC0_IRQHandler &rArr; switch_to_temp &rArr; ADC_InitSingle &rArr; ADC_LoadDevinfoCal
</UL>
<BR>[Calls]<UL><LI><a href="#[d5]">&gt;&gt;</a>&nbsp;&nbsp;&nbsp;switch_to_temp
<LI><a href="#[d8]">&gt;&gt;</a>&nbsp;&nbsp;&nbsp;switch_to_ref
<LI><a href="#[d6]">&gt;&gt;</a>&nbsp;&nbsp;&nbsp;switch_to_VCC
<LI><a href="#[d9]">&gt;&gt;</a>&nbsp;&nbsp;&nbsp;switch_to_PIR
<LI><a href="#[d7]">&gt;&gt;</a>&nbsp;&nbsp;&nbsp;switch_to_DVDD
<LI><a href="#[d4]">&gt;&gt;</a>&nbsp;&nbsp;&nbsp;ADC_DataSingleGet
<LI><a href="#[9a]">&gt;&gt;</a>&nbsp;&nbsp;&nbsp;puts
</UL>
<BR>[Address Reference Count : 1]<UL><LI> startup_efr32fg1v.o(RESET)
</UL>
<P><STRONG><a name="[da]"></a>ADC_Init</STRONG> (Thumb, 162 bytes, Stack size 24 bytes, em_adc.o(.text.ADC_Init))
<BR><BR>[Stack]<UL><LI>Max Depth = 64<LI>Call Chain = ADC_Init &rArr; ADC_PrescaleCalc &rArr; CMU_ClockFreqGet &rArr; CMU_ClockDivGet &rArr; CMU_ClockPrescGet
</UL>
[...]
<BR><BR>[Stack]<UL><LI>Max Depth = 8<LI>Call Chain = hfSrcClkGet
</UL>
<BR>[Calls]<UL><LI><a href="#[f6]">&gt;&gt;</a>&nbsp;&nbsp;&nbsp;SystemHFClockGet
</UL>
<BR>[Called By]<UL><LI><a href="#[fb]">&gt;&gt;</a>&nbsp;&nbsp;&nbsp;adcAsyncClkGet
</UL>

<P><STRONG><a name="[f9]"></a>lfClkGet</STRONG> (Thumb, 146 bytes, Stack size 8 bytes, em_cmu.o(.text.lfClkGet))
<BR><BR>[Stack]<UL><LI>Max Depth = 8<LI>Call Chain = lfClkGet
</UL>
<BR>[Calls]<UL><LI><a href="#[1cc]">&gt;&gt;</a>&nbsp;&nbsp;&nbsp;SystemULFRCOClockGet
<LI><a href="#[1cb]">&gt;&gt;</a>&nbsp;&nbsp;&nbsp;SystemLFXOClockGet
<LI><a href="#[1ca]">&gt;&gt;</a>&nbsp;&nbsp;&nbsp;SystemLFRCOClockGet
<LI><a href="#[f6]">&gt;&gt;</a>&nbsp;&nbsp;&nbsp;SystemHFClockGet
<LI><a href="#[198]">&gt;&gt;</a>&nbsp;&nbsp;&nbsp;CMU_ClockSelectGet
<LI><a href="#[fa]">&gt;&gt;</a>&nbsp;&nbsp;&nbsp;SL_Log2ToDiv
</UL>
<BR>[Called By]<UL><LI><a href="#[dd]">&gt;&gt;</a>&nbsp;&nbsp;&nbsp;CMU_ClockFreqGet
</UL>

<P><STRONG><a name="[fe]"></a>setHfLeConfig</STRONG> (Thumb, 86 bytes, Stack size 16 bytes, em_cmu.o(.text.setHfLeConfig))
<BR><BR>[Stack]<UL><LI>Max Depth = 16<LI>Call Chain = setHfLeConfig
</UL>
<BR>[Calls]<UL><LI><a href="#[f5]">&gt;&gt;</a>&nbsp;&nbsp;&nbsp;BUS_RegBitWrite
</UL>
<BR>[Called By]<UL><LI><a href="#[fc]">&gt;&gt;</a>&nbsp;&nbsp;&nbsp;CMU_ClockSelectSet
</UL>

<P><STRONG><a name="[104]"></a>setHfxoTuningMode</STRONG> (Thumb, 20 bytes, Stack size 0 bytes, em_cmu.o(.text.setHfxoTuningMode))
<BR><BR>[Called By]<UL><LI><a href="#[fd]">&gt;&gt;</a>&nbsp;&nbsp;&nbsp;CMU_OscillatorEnable
</UL>

<P><STRONG><a name="[f4]"></a>syncReg</STRONG> (Thumb, 24 bytes, Stack size 0 bytes, em_cmu.o(.text.syncReg))
<BR><BR>[Called By]<UL><LI><a href="#[f3]">&gt;&gt;</a>&nbsp;&nbsp;&nbsp;CMU_ClockEnable
</UL>

<P><STRONG><a name="[114]"></a>BUS_RegBitRead</STRONG> (Thumb, 14 bytes, Stack size 0 bytes, em_emu.o(.text.BUS_RegBitRead))
<BR><BR>[Called By]<UL><LI><a href="#[113]">&gt;&gt;</a>&nbsp;&nbsp;&nbsp;EMU_DCDCLnRcoBandSet
<LI><a href="#[10c]">&gt;&gt;</a>&nbsp;&nbsp;&nbsp;dcdcValidatedConfigSet
</UL>

<P><STRONG><a name="[111]"></a>BUS_RegBitWrite</STRONG> (Thumb, 14 bytes, Stack size 0 bytes, em_emu.o(.text.BUS_RegBitWrite))
<BR><BR>[Called By]<UL><LI><a href="#[112]">&gt;&gt;</a>&nbsp;&nbsp;&nbsp;EMU_DCDCModeSet
<LI><a href="#[10a]">&gt;&gt;</a>&nbsp;&nbsp;&nbsp;EMU_DCDCInit
</UL>

<P><STRONG><a name="[116]"></a>EMU_PowerLock</STRONG> (Thumb, 14 bytes, Stack size 0 bytes, em_emu.o(.text.EMU_PowerLock))
<BR><BR>[Called By]<UL><LI><a href="#[112]">&gt;&gt;</a>&nbsp;&nbsp;&nbsp;EMU_DCDCModeSet
</UL>

<P><STRONG><a name="[115]"></a>EMU_PowerUnlock</STRONG> (Thumb, 16 bytes, Stack size 0 bytes, em_emu.o(.text.EMU_PowerUnlock))
<BR><BR>[Called By]<UL><LI><a href="#[112]">&gt;&gt;</a>&nbsp;&nbsp;&nbsp;EMU_DCDCModeSet
</UL>

<P><STRONG><a name="[1cd]"></a>SYSTEM_GetDevinfoRev</STRONG> (Thumb, 14 bytes, Stack size 0 bytes, em_emu.o(.text.SYSTEM_GetDevinfoRev))
<BR><BR>[Called By]<UL><LI><a href="#[119]">&gt;&gt;</a>&nbsp;&nbsp;&nbsp;lpCmpHystCalibrationLoad
</UL>

<P><STRONG><a name="[10f]"></a>compCtrlSet</STRONG> (Thumb, 38 bytes, Stack size 0 bytes, em_emu.o(.text.compCtrlSet))
<BR><BR>[Called By]<UL><LI><a href="#[10a]">&gt;&gt;</a>&nbsp;&nbsp;&nbsp;EMU_DCDCInit
</UL>

<P><STRONG><a name="[117]"></a>currentLimitersUpdate</STRONG> (Thumb, 132 bytes, Stack size 0 bytes, em_emu.o(.text.currentLimitersUpdate))
<BR><BR>[Called By]<UL><LI><a href="#[10e]">&gt;&gt;</a>&nbsp;&nbsp;&nbsp;EMU_DCDCOptimizeSlice
</UL>

<P><STRONG><a name="[10b]"></a>dcdcConstCalibrationLoad</STRONG> (Thumb, 56 bytes, Stack size 0 bytes, em_emu.o(.text.dcdcConstCalibrationLoad))
<BR><BR>[Called By]<UL><LI><a href="#[10a]">&gt;&gt;</a>&nbsp;&nbsp;&nbsp;EMU_DCDCInit
</UL>

<P><STRONG><a name="[10c]"></a>dcdcValidatedConfigSet</STRONG> (Thumb, 140 bytes, Stack size 16 bytes, em_emu.o(.text.dcdcValidatedConfigSet))
<BR><BR>[Stack]<UL><LI>Max Depth = 40<LI>Call Chain = dcdcValidatedConfigSet &rArr; EMU_DCDCLnRcoBandSet &rArr; EMU_DCDCOptimizeSlice
</UL>
<BR>[Calls]<UL><LI><a href="#[113]">&gt;&gt;</a>&nbsp;&nbsp;&nbsp;EMU_DCDCLnRcoBandSet
<LI><a href="#[114]">&gt;&gt;</a>&nbsp;&nbsp;&nbsp;BUS_RegBitRead
<LI><a href="#[eb]">&gt;&gt;</a>&nbsp;&nbsp;&nbsp;SYSTEM_ChipRevisionGet
</UL>
<BR>[Called By]<UL><LI><a href="#[10a]">&gt;&gt;</a>&nbsp;&nbsp;&nbsp;EMU_DCDCInit
</UL>

<P><STRONG><a name="[119]"></a>lpCmpHystCalibrationLoad</STRONG> (Thumb, 100 bytes, Stack size 16 bytes, em_emu.o(.text.lpCmpHystCalibrationLoad))
<BR><BR>[Stack]<UL><LI>Max Depth = 16<LI>Call Chain = lpCmpHystCalibrationLoad
</UL>
<BR>[Calls]<UL><LI><a href="#[1cd]">&gt;&gt;</a>&nbsp;&nbsp;&nbsp;SYSTEM_GetDevinfoRev
</UL>
<BR>[Called By]<UL><LI><a href="#[110]">&gt;&gt;</a>&nbsp;&nbsp;&nbsp;EMU_DCDCOutputVoltageSet
</UL>

<P><STRONG><a name="[118]"></a>lpGetDevinfoVrefLowHigh</STRONG> (Thumb, 244 bytes, Stack size 0 bytes, em_emu.o(.text.lpGetDevinfoVrefLowHigh))
<BR><BR>[Called By]<UL><LI><a href="#[110]">&gt;&gt;</a>&nbsp;&nbsp;&nbsp;EMU_DCDCOutputVoltageSet
</UL>

<P><STRONG><a name="[10d]"></a>userCurrentLimitsSet</STRONG> (Thumb, 22 bytes, Stack size 0 bytes, em_emu.o(.text.userCurrentLimitsSet))
<BR><BR>[Called By]<UL><LI><a href="#[10a]">&gt;&gt;</a>&nbsp;&nbsp;&nbsp;EMU_DCDCInit
</UL>

<P><STRONG><a name="[127]"></a>BUS_RegMaskedClear</STRONG> (Thumb, 8 bytes, Stack size 0 bytes, em_gpio.o(.text.BUS_RegMaskedClear))
<BR><BR>[Called By]<UL><LI><a href="#[122]">&gt;&gt;</a>&nbsp;&nbsp;&nbsp;GPIO_PinOutClear
</UL>

<P><STRONG><a name="[12c]"></a>BUS_RegMaskedSet</STRONG> (Thumb, 8 bytes, Stack size 0 bytes, em_gpio.o(.text.BUS_RegMaskedSet))
<BR><BR>[Called By]<UL><LI><a href="#[121]">&gt;&gt;</a>&nbsp;&nbsp;&nbsp;GPIO_PinOutSet
</UL>

<P><STRONG><a name="[122]"></a>GPIO_PinOutClear</STRONG> (Thumb, 30 bytes, Stack size 8 bytes, em_gpio.o(.text.GPIO_PinOutClear))
<BR><BR>[Stack]<UL><LI>Max Depth = 8<LI>Call Chain = GPIO_PinOutClear
</UL>
<BR>[Calls]<UL><LI><a href="#[127]">&gt;&gt;</a>&nbsp;&nbsp;&nbsp;BUS_RegMaskedClear
</UL>
<BR>[Called By]<UL><LI><a href="#[120]">&gt;&gt;</a>&nbsp;&nbsp;&nbsp;GPIO_PinModeSet
</UL>

<P><STRONG><a name="[121]"></a>GPIO_PinOutSet</STRONG> (Thumb, 30 bytes, Stack size 8 bytes, em_gpio.o(.text.GPIO_PinOutSet))
<BR><BR>[Stack]<UL><LI>Max Depth = 8<LI>Call Chain = GPIO_PinOutSet
</UL>
<BR>[Calls]<UL><LI><a href="#[12c]">&gt;&gt;</a>&nbsp;&nbsp;&nbsp;BUS_RegMaskedSet
</UL>
<BR>[Called By]<UL><LI><a href="#[120]">&gt;&gt;</a>&nbsp;&nbsp;&nbsp;GPIO_PinModeSet
</UL>

<P><STRONG><a name="[195]"></a>prsRxInput</STRONG> (Thumb, 8 bytes, Stack size 0 bytes, em_usart.o(.text.prsRxInput))
<BR><BR>[Called By]<UL><LI><a href="#[172]">&gt;&gt;</a>&nbsp;&nbsp;&nbsp;USART_InitAsync
</UL>

<P><STRONG><a name="[132]"></a>BUS_RegBitWrite</STRONG> (Thumb, 14 bytes, Stack size 0 bytes, em_i2c.o(.text.BUS_RegBitWrite))
<BR><BR>[Called By]<UL><LI><a href="#[131]">&gt;&gt;</a>&nbsp;&nbsp;&nbsp;I2C_Enable
<LI><a href="#[133]">&gt;&gt;</a>&nbsp;&nbsp;&nbsp;I2C_Init
</UL>

<P><STRONG><a name="[e5]"></a>BUS_RegMaskedClear</STRONG> (Thumb, 12 bytes, Stack size 0 bytes, em_i2c.o(.text.BUS_RegMaskedClear))
<BR><BR>[Called By]<UL><LI><a href="#[e4]">&gt;&gt;</a>&nbsp;&nbsp;&nbsp;BUS_RegMaskedWrite
</UL>

<P><STRONG><a name="[e6]"></a>BUS_RegMaskedSet</STRONG> (Thumb, 8 bytes, Stack size 0 bytes, em_i2c.o(.text.BUS_RegMaskedSet))
<BR><BR>[Called By]<UL><LI><a href="#[e4]">&gt;&gt;</a>&nbsp;&nbsp;&nbsp;BUS_RegMaskedWrite
</UL>

<P><STRONG><a name="[e4]"></a>BUS_RegMaskedWrite</STRONG> (Thumb, 20 bytes, Stack size 16 bytes, em_i2c.o(.text.BUS_RegMaskedWrite))
<BR><BR>[Stack]<UL><LI>Max Depth = 16<LI>Call Chain = BUS_RegMaskedWrite
</UL>
<BR>[Calls]<UL><LI><a href="#[e6]">&gt;&gt;</a>&nbsp;&nbsp;&nbsp;BUS_RegMaskedSet
<LI><a href="#[e5]">&gt;&gt;</a>&nbsp;&nbsp;&nbsp;BUS_RegMaskedClear
</UL>
<BR>[Called By]<UL><LI><a href="#[130]">&gt;&gt;</a>&nbsp;&nbsp;&nbsp;I2C_BusFreqSet
</UL>

<P><STRONG><a name="[134]"></a>I2C_IntClear</STRONG> (Thumb, 4 bytes, Stack size 0 bytes, em_i2c.o(.text.I2C_IntClear))
<BR><BR>[Called By]<UL><LI><a href="#[12e]">&gt;&gt;</a>&nbsp;&nbsp;&nbsp;I2C_TransferInit
<LI><a href="#[12f]">&gt;&gt;</a>&nbsp;&nbsp;&nbsp;I2C_Transfer
<LI><a href="#[133]">&gt;&gt;</a>&nbsp;&nbsp;&nbsp;I2C_Init
</UL>

<P><STRONG><a name="[135]"></a>flushRx</STRONG> (Thumb, 18 bytes, Stack size 0 bytes, em_i2c.o(.text.flushRx))
<BR><BR>[Called By]<UL><LI><a href="#[12e]">&gt;&gt;</a>&nbsp;&nbsp;&nbsp;I2C_TransferInit
</UL>

<P><STRONG><a name="[de]"></a>ADC_IntClear</STRONG> (Thumb, 8 bytes, Stack size 0 bytes, em_adc.o(.text.ADC_IntClear))
<BR><BR>[Called By]<UL><LI><a href="#[da]">&gt;&gt;</a>&nbsp;&nbsp;&nbsp;ADC_Init
</UL>

<P><STRONG><a name="[e0]"></a>ADC_LoadDevinfoCal</STRONG> (Thumb, 250 bytes, Stack size 8 bytes, em_adc.o(.text.ADC_LoadDevinfoCal))
<BR><BR>[Stack]<UL><LI>Max Depth = 8<LI>Call Chain = ADC_LoadDevinfoCal
</UL>
<BR>[Called By]<UL><LI><a href="#[e2]">&gt;&gt;</a>&nbsp;&nbsp;&nbsp;ADC_Reset
<LI><a href="#[df]">&gt;&gt;</a>&nbsp;&nbsp;&nbsp;ADC_InitSingle
</UL>

<P><STRONG><a name="[e1]"></a>BUS_RegBitWrite</STRONG> (Thumb, 14 bytes, Stack size 0 bytes, em_adc.o(.text.BUS_RegBitWrite))
<BR><BR>[Called By]<UL><LI><a href="#[df]">&gt;&gt;</a>&nbsp;&nbsp;&nbsp;ADC_InitSingle
</UL>

<P><STRONG><a name="[e7]"></a>BUS_RegMaskedClear</STRONG> (Thumb, 10 bytes, Stack size 0 bytes, em_adc.o(.text.BUS_RegMaskedClear))
<BR><BR>[Called By]<UL><LI><a href="#[dc]">&gt;&gt;</a>&nbsp;&nbsp;&nbsp;BUS_RegMaskedWrite
</UL>

<P><STRONG><a name="[e8]"></a>BUS_RegMaskedSet</STRONG> (Thumb, 8 bytes, Stack size 0 bytes, em_adc.o(.text.BUS_RegMaskedSet))
<BR><BR>[Called By]<UL><LI><a href="#[dc]">&gt;&gt;</a>&nbsp;&nbsp;&nbsp;BUS_RegMaskedWrite
</UL>

<P><STRONG><a name="[dc]"></a>BUS_RegMaskedWrite</STRONG> (Thumb, 20 bytes, Stack size 16 bytes, em_adc.o(.text.BUS_RegMaskedWrite))
<BR><BR>[Stack]<UL><LI>Max Depth = 16<LI>Call Chain = BUS_RegMaskedWrite
</UL>
<BR>[Calls]<UL><LI><a href="#[e8]">&gt;&gt;</a>&nbsp;&nbsp;&nbsp;BUS_RegMaskedSet
<LI><a href="#[e7]">&gt;&gt;</a>&nbsp;&nbsp;&nbsp;BUS_RegMaskedClear
</UL>
<BR>[Called By]<UL><LI><a href="#[da]">&gt;&gt;</a>&nbsp;&nbsp;&nbsp;ADC_Init
</UL>

<P><STRONG><a name="[139]"></a>regSync</STRONG> (Thumb, 8 bytes, Stack size 0 bytes, em_letimer.o(.text.regSync))
<BR><BR>[Calls]<UL><LI><a href="#[139]">&gt;&gt;</a>&nbsp;&nbsp;&nbsp;regSync
</UL>
<BR>[Called By]<UL><LI><a href="#[139]">&gt;&gt;</a>&nbsp;&nbsp;&nbsp;regSync
<LI><a href="#[138]">&gt;&gt;</a>&nbsp;&nbsp;&nbsp;LETIMER_Init
</UL>

<P><STRONG><a name="[189]"></a>EMU_IntClear</STRONG> (Thumb, 12 bytes, Stack size 0 bytes, tempdrv.o(.text.EMU_IntClear))
<BR><BR>[Called By]<UL><LI><a href="#[18f]">&gt;&gt;</a>&nbsp;&nbsp;&nbsp;disableInterrupts
<LI><a href="#[11a]">&gt;&gt;</a>&nbsp;&nbsp;&nbsp;TEMPDRV_IRQHandler
</UL>

<P><STRONG><a name="[1b0]"></a>EMU_IntDisable</STRONG> (Thumb, 18 bytes, Stack size 0 bytes, tempdrv.o(.text.EMU_IntDisable))
<BR><BR>[Called By]<UL><LI><a href="#[18a]">&gt;&gt;</a>&nbsp;&nbsp;&nbsp;updateInterrupts
<LI><a href="#[18f]">&gt;&gt;</a>&nbsp;&nbsp;&nbsp;disableInterrupts
</UL>

<P><STRONG><a name="[1d9]"></a>EMU_IntEnable</STRONG> (Thumb, 16 bytes, Stack size 0 bytes, tempdrv.o(.text.EMU_IntEnable))
<BR><BR>[Called By]<UL><LI><a href="#[18a]">&gt;&gt;</a>&nbsp;&nbsp;&nbsp;updateInterrupts
</UL>

<P><STRONG><a name="[188]"></a>EMU_IntGetEnabled</STRONG> (Thumb, 16 bytes, Stack size 0 bytes, tempdrv.o(.text.EMU_IntGetEnabled))
<BR><BR>[Called By]<UL><LI><a href="#[11a]">&gt;&gt;</a>&nbsp;&nbsp;&nbsp;TEMPDRV_IRQHandler
</UL>

<P><STRONG><a name="[190]"></a>__NVIC_ClearPendingIRQ</STRONG> (Thumb, 14 bytes, Stack size 0 bytes, tempdrv.o(.text.__NVIC_ClearPendingIRQ))
<BR><BR>[Called By]<UL><LI><a href="#[18b]">&gt;&gt;</a>&nbsp;&nbsp;&nbsp;TEMPDRV_Init
</UL>

<P><STRONG><a name="[191]"></a>__NVIC_EnableIRQ</STRONG> (Thumb, 14 bytes, Stack size 0 bytes, tempdrv.o(.text.__NVIC_EnableIRQ))
<BR><BR>[Called By]<UL><LI><a href="#[18b]">&gt;&gt;</a>&nbsp;&nbsp;&nbsp;TEMPDRV_Init
</UL>

<P><STRONG><a name="[18d]"></a>calibration</STRONG> (Thumb, 102 bytes, Stack size 0 bytes, tempdrv.o(.text.calibration))
<BR><BR>[Called By]<UL><LI><a href="#[18b]">&gt;&gt;</a>&nbsp;&nbsp;&nbsp;TEMPDRV_Init
</UL>

<P><STRONG><a name="[1b2]"></a>convertToEmu</STRONG> (Thumb, 26 bytes, Stack size 0 bytes, tempdrv.o(.text.convertToEmu))
<BR><BR>[Called By]<UL><LI><a href="#[18e]">&gt;&gt;</a>&nbsp;&nbsp;&nbsp;errataInit
</UL>

<P><STRONG><a name="[187]"></a>convertToTemp</STRONG> (Thumb, 34 bytes, Stack size 0 bytes, tempdrv.o(.text.convertToTemp))
<BR><BR>[Called By]<UL><LI><a href="#[186]">&gt;&gt;</a>&nbsp;&nbsp;&nbsp;TEMPDRV_GetTemp
</UL>

<P><STRONG><a name="[18f]"></a>disableInterrupts</STRONG> (Thumb, 20 bytes, Stack size 8 bytes, tempdrv.o(.text.disableInterrupts))
<BR><BR>[Stack]<UL><LI>Max Depth = 8<LI>Call Chain = disableInterrupts
</UL>
<BR>[Calls]<UL><LI><a href="#[1b0]">&gt;&gt;</a>&nbsp;&nbsp;&nbsp;EMU_IntDisable
<LI><a href="#[189]">&gt;&gt;</a>&nbsp;&nbsp;&nbsp;EMU_IntClear
</UL>
<BR>[Called By]<UL><LI><a href="#[18b]">&gt;&gt;</a>&nbsp;&nbsp;&nbsp;TEMPDRV_Init
</UL>

<P><STRONG><a name="[64]"></a>errataCallback</STRONG> (Thumb, 8 bytes, Stack size 8 bytes, tempdrv.o(.text.errataCallback))
<BR><BR>[Stack]<UL><LI>Max Depth = 24<LI>Call Chain = errataCallback &rArr; errataStateUpdate
</UL>
<BR>[Calls]<UL><LI><a href="#[1b1]">&gt;&gt;</a>&nbsp;&nbsp;&nbsp;errataStateUpdate
</UL>
<BR>[Address Reference Count : 1]<UL><LI> tempdrv.o(.text.errataInit)
</UL>
<P><STRONG><a name="[18e]"></a>errataInit</STRONG> (Thumb, 96 bytes, Stack size 24 bytes, tempdrv.o(.text.errataInit))
<BR><BR>[Stack]<UL><LI>Max Depth = 40<LI>Call Chain = errataInit &rArr; errataStateUpdate
</UL>
<BR>[Calls]<UL><LI><a href="#[1b1]">&gt;&gt;</a>&nbsp;&nbsp;&nbsp;errataStateUpdate
<LI><a href="#[1b2]">&gt;&gt;</a>&nbsp;&nbsp;&nbsp;convertToEmu
<LI><a href="#[186]">&gt;&gt;</a>&nbsp;&nbsp;&nbsp;TEMPDRV_GetTemp
<LI><a href="#[eb]">&gt;&gt;</a>&nbsp;&nbsp;&nbsp;SYSTEM_ChipRevisionGet
</UL>
<BR>[Called By]<UL><LI><a href="#[18b]">&gt;&gt;</a>&nbsp;&nbsp;&nbsp;TEMPDRV_Init
</UL>

<P><STRONG><a name="[1b1]"></a>errataStateUpdate</STRONG> (Thumb, 114 bytes, Stack size 16 bytes, tempdrv.o(.text.errataStateUpdate))
<BR><BR>[Stack]<UL><LI>Max Depth = 16<LI>Call Chain = errataStateUpdate
</UL>
<BR>[Calls]<UL><LI><a href="#[1b3]">&gt;&gt;</a>&nbsp;&nbsp;&nbsp;EMU_SetBiasMode
</UL>
<BR>[Called By]<UL><LI><a href="#[18e]">&gt;&gt;</a>&nbsp;&nbsp;&nbsp;errataInit
<LI><a href="#[64]">&gt;&gt;</a>&nbsp;&nbsp;&nbsp;errataCallback
</UL>

<P><STRONG><a name="[18a]"></a>updateInterrupts</STRONG> (Thumb, 212 bytes, Stack size 16 bytes, tempdrv.o(.text.updateInterrupts))
<BR><BR>[Stack]<UL><LI>Max Depth = 16<LI>Call Chain = updateInterrupts
</UL>
<BR>[Calls]<UL><LI><a href="#[1d9]">&gt;&gt;</a>&nbsp;&nbsp;&nbsp;EMU_IntEnable
<LI><a href="#[1b0]">&gt;&gt;</a>&nbsp;&nbsp;&nbsp;EMU_IntDisable
</UL>
<BR>[Called By]<UL><LI><a href="#[18b]">&gt;&gt;</a>&nbsp;&nbsp;&nbsp;TEMPDRV_Init
<LI><a href="#[11a]">&gt;&gt;</a>&nbsp;&nbsp;&nbsp;TEMPDRV_IRQHandler
</UL>

<P><STRONG><a name="[11c]"></a>BUS_RegMaskedClear</STRONG> (Thumb, 8 bytes, Stack size 0 bytes, generic_phy.o(.text.BUS_RegMaskedClear))
<BR><BR>[Called By]<UL><LI><a href="#[11d]">&gt;&gt;</a>&nbsp;&nbsp;&nbsp;GENERIC_PHY_SeqAtomicLock
<LI><a href="#[11b]">&gt;&gt;</a>&nbsp;&nbsp;&nbsp;GENERIC_PHY_RadioEnable
</UL>

<P><STRONG><a name="[11f]"></a>BUS_RegMaskedSet</STRONG> (Thumb, 8 bytes, Stack size 0 bytes, generic_phy.o(.text.BUS_RegMaskedSet))
<BR><BR>[Called By]<UL><LI><a href="#[11d]">&gt;&gt;</a>&nbsp;&nbsp;&nbsp;GENERIC_PHY_SeqAtomicLock
</UL>

<P><STRONG><a name="[13b]"></a>BUS_RegMaskedClear</STRONG> (Thumb, 8 bytes, Stack size 0 bytes, pa.o(.text.BUS_RegMaskedClear))
<BR><BR>[Called By]<UL><LI><a href="#[15c]">&gt;&gt;</a>&nbsp;&nbsp;&nbsp;RADIO_PA_Init
<LI><a href="#[143]">&gt;&gt;</a>&nbsp;&nbsp;&nbsp;apcConfigure
<LI><a href="#[147]">&gt;&gt;</a>&nbsp;&nbsp;&nbsp;PA_SubGhz20dbmConfigSet
<LI><a href="#[145]">&gt;&gt;</a>&nbsp;&nbsp;&nbsp;PA_StripesAndSlicesSet
<LI><a href="#[148]">&gt;&gt;</a>&nbsp;&nbsp;&nbsp;PA_RampConfigSet
<LI><a href="#[142]">&gt;&gt;</a>&nbsp;&nbsp;&nbsp;PA_PowerLevelOptimize
<LI><a href="#[13d]">&gt;&gt;</a>&nbsp;&nbsp;&nbsp;PA_20dbmConfigSet
<LI><a href="#[13a]">&gt;&gt;</a>&nbsp;&nbsp;&nbsp;PA_0dbmConfigSet
</UL>

<P><STRONG><a name="[13c]"></a>BUS_RegMaskedSet</STRONG> (Thumb, 8 bytes, Stack size 0 bytes, pa.o(.text.BUS_RegMaskedSet))
<BR><BR>[Called By]<UL><LI><a href="#[147]">&gt;&gt;</a>&nbsp;&nbsp;&nbsp;PA_SubGhz20dbmConfigSet
<LI><a href="#[145]">&gt;&gt;</a>&nbsp;&nbsp;&nbsp;PA_StripesAndSlicesSet
<LI><a href="#[148]">&gt;&gt;</a>&nbsp;&nbsp;&nbsp;PA_RampConfigSet
<LI><a href="#[142]">&gt;&gt;</a>&nbsp;&nbsp;&nbsp;PA_PowerLevelOptimize
<LI><a href="#[13d]">&gt;&gt;</a>&nbsp;&nbsp;&nbsp;PA_20dbmConfigSet
<LI><a href="#[13a]">&gt;&gt;</a>&nbsp;&nbsp;&nbsp;PA_0dbmConfigSet
</UL>

<P><STRONG><a name="[158]"></a>__NVIC_ClearPendingIRQ</STRONG> (Thumb, 16 bytes, Stack size 0 bytes, protimer.o(.text.__NVIC_ClearPendingIRQ))
<BR><BR>[Called By]<UL><LI><a href="#[151]">&gt;&gt;</a>&nbsp;&nbsp;&nbsp;PROTIMER_Start
<LI><a href="#[152]">&gt;&gt;</a>&nbsp;&nbsp;&nbsp;PROTIMER_Stop
</UL>

<P><STRONG><a name="[159]"></a>__NVIC_DisableIRQ</STRONG> (Thumb, 24 bytes, Stack size 0 bytes, protimer.o(.text.__NVIC_DisableIRQ))
<BR><BR>[Called By]<UL><LI><a href="#[152]">&gt;&gt;</a>&nbsp;&nbsp;&nbsp;PROTIMER_Stop
</UL>

<P><STRONG><a name="[157]"></a>__NVIC_EnableIRQ</STRONG> (Thumb, 16 bytes, Stack size 0 bytes, protimer.o(.text.__NVIC_EnableIRQ))
<BR><BR>[Called By]<UL><LI><a href="#[151]">&gt;&gt;</a>&nbsp;&nbsp;&nbsp;PROTIMER_Start
</UL>

<P><STRONG><a name="[163]"></a>INT_Disable</STRONG> (Thumb, 24 bytes, Stack size 0 bytes, radio.o(.text.INT_Disable))
<BR><BR>[Called By]<UL><LI><a href="#[162]">&gt;&gt;</a>&nbsp;&nbsp;&nbsp;RADIO_SeqInit
</UL>

<P><STRONG><a name="[164]"></a>INT_Enable</STRONG> (Thumb, 24 bytes, Stack size 0 bytes, radio.o(.text.INT_Enable))
<BR><BR>[Called By]<UL><LI><a href="#[162]">&gt;&gt;</a>&nbsp;&nbsp;&nbsp;RADIO_SeqInit
</UL>

<P><STRONG><a name="[17b]"></a>BUS_RegMaskedClear</STRONG> (Thumb, 8 bytes, Stack size 0 bytes, rf_test.o(.text.BUS_RegMaskedClear))
<BR><BR>[Called By]<UL><LI><a href="#[17a]">&gt;&gt;</a>&nbsp;&nbsp;&nbsp;RFTEST_StartCwTx
</UL>

<P><STRONG><a name="[17c]"></a>BUS_RegMaskedSet</STRONG> (Thumb, 8 bytes, Stack size 0 bytes, rf_test.o(.text.BUS_RegMaskedSet))
<BR><BR>[Called By]<UL><LI><a href="#[17f]">&gt;&gt;</a>&nbsp;&nbsp;&nbsp;RFTEST_StopTx
<LI><a href="#[17d]">&gt;&gt;</a>&nbsp;&nbsp;&nbsp;RFTEST_StartStreamTx
<LI><a href="#[17a]">&gt;&gt;</a>&nbsp;&nbsp;&nbsp;RFTEST_StartCwTx
</UL>

<P><STRONG><a name="[184]"></a>BUS_RegMaskedClear</STRONG> (Thumb, 8 bytes, Stack size 0 bytes, synth.o(.text.BUS_RegMaskedClear))
<BR><BR>[Called By]<UL><LI><a href="#[185]">&gt;&gt;</a>&nbsp;&nbsp;&nbsp;SYNTH_RetimeLimitsConfig
<LI><a href="#[183]">&gt;&gt;</a>&nbsp;&nbsp;&nbsp;SYNTH_RetimeClkConfig
</UL>

<P><STRONG><a name="[a2]"></a>_fp_digits</STRONG> (Thumb, 432 bytes, Stack size 96 bytes, _printf_fp_dec.o(.text))
<BR><BR>[Stack]<UL><LI>Max Depth = 220<LI>Call Chain = _fp_digits &rArr; _btod_etento &rArr; _btod_emul &rArr; _e2e
</UL>
<BR>[Calls]<UL><LI><a href="#[a6]">&gt;&gt;</a>&nbsp;&nbsp;&nbsp;_btod_emul
<LI><a href="#[a5]">&gt;&gt;</a>&nbsp;&nbsp;&nbsp;_btod_ediv
<LI><a href="#[a4]">&gt;&gt;</a>&nbsp;&nbsp;&nbsp;_btod_d2e
<LI><a href="#[a3]">&gt;&gt;</a>&nbsp;&nbsp;&nbsp;_btod_etento
<LI><a href="#[a7]">&gt;&gt;</a>&nbsp;&nbsp;&nbsp;_ll_udiv10
</UL>
<BR>[Called By]<UL><LI><a href="#[a8]">&gt;&gt;</a>&nbsp;&nbsp;&nbsp;_printf_fp_dec_real
</UL>

<P><STRONG><a name="[63]"></a>_printf_input_char</STRONG> (Thumb, 10 bytes, Stack size 0 bytes, _printf_char_common.o(.text))
<BR>[Address Reference Count : 1]<UL><LI> _printf_char_common.o(.text)
</UL><P>
<H3>
Undefined Global Symbols
</H3><HR></body></html>
